Archive member included to satisfy reference by file (symbol)

/usr/lib/gcc/arm-none-eabi/15.2.0/../../../../arm-none-eabi/lib/thumb/v6-m/nofp/libstdc++.a(guard.o)
                              CMakeFiles/lps_companion.dir/src/main.cpp.o (__cxa_guard_acquire)
/usr/lib/gcc/arm-none-eabi/15.2.0/../../../../arm-none-eabi/lib/thumb/v6-m/nofp/libstdc++.a(guard_error.o)
                              /usr/lib/gcc/arm-none-eabi/15.2.0/../../../../arm-none-eabi/lib/thumb/v6-m/nofp/libstdc++.a(guard.o) (__gnu_cxx::recursive_init_error::~recursive_init_error())
/usr/lib/gcc/arm-none-eabi/15.2.0/../../../../arm-none-eabi/lib/thumb/v6-m/nofp/libstdc++.a(si_class_type_info.o)
                              /usr/lib/gcc/arm-none-eabi/15.2.0/../../../../arm-none-eabi/lib/thumb/v6-m/nofp/libstdc++.a(guard_error.o) (vtable for __cxxabiv1::__si_class_type_info)
/usr/lib/gcc/arm-none-eabi/15.2.0/../../../../arm-none-eabi/lib/thumb/v6-m/nofp/libstdc++.a(tinfo.o)
                              /usr/lib/gcc/arm-none-eabi/15.2.0/../../../../arm-none-eabi/lib/thumb/v6-m/nofp/libstdc++.a(si_class_type_info.o) (std::type_info::__is_pointer_p() const)
/usr/lib/gcc/arm-none-eabi/15.2.0/../../../../arm-none-eabi/lib/thumb/v6-m/nofp/libstdc++.a(class_type_info.o)
                              /usr/lib/gcc/arm-none-eabi/15.2.0/../../../../arm-none-eabi/lib/thumb/v6-m/nofp/libstdc++.a(si_class_type_info.o) (__cxxabiv1::__class_type_info::__do_upcast(__cxxabiv1::__class_type_info const*, void**) const)
/usr/lib/gcc/arm-none-eabi/15.2.0/../../../../arm-none-eabi/lib/thumb/v6-m/nofp/libstdc++.a(eh_alloc.o)
                              /usr/lib/gcc/arm-none-eabi/15.2.0/../../../../arm-none-eabi/lib/thumb/v6-m/nofp/libstdc++.a(guard.o) (__cxa_allocate_exception)
/usr/lib/gcc/arm-none-eabi/15.2.0/../../../../arm-none-eabi/lib/thumb/v6-m/nofp/libstdc++.a(eh_exception.o)
                              /usr/lib/gcc/arm-none-eabi/15.2.0/../../../../arm-none-eabi/lib/thumb/v6-m/nofp/libstdc++.a(guard_error.o) (std::exception::~exception())
/usr/lib/gcc/arm-none-eabi/15.2.0/../../../../arm-none-eabi/lib/thumb/v6-m/nofp/libstdc++.a(eh_terminate.o)
                              /usr/lib/gcc/arm-none-eabi/15.2.0/../../../../arm-none-eabi/lib/thumb/v6-m/nofp/libstdc++.a(eh_alloc.o) (std::terminate())
/usr/lib/gcc/arm-none-eabi/15.2.0/../../../../arm-none-eabi/lib/thumb/v6-m/nofp/libstdc++.a(eh_throw.o)
                              /usr/lib/gcc/arm-none-eabi/15.2.0/../../../../arm-none-eabi/lib/thumb/v6-m/nofp/libstdc++.a(guard.o) (__cxa_throw)
/usr/lib/gcc/arm-none-eabi/15.2.0/../../../../arm-none-eabi/lib/thumb/v6-m/nofp/libstdc++.a(eh_unex_handler.o)
                              /usr/lib/gcc/arm-none-eabi/15.2.0/../../../../arm-none-eabi/lib/thumb/v6-m/nofp/libstdc++.a(eh_terminate.o) (__cxxabiv1::__unexpected_handler)
/usr/lib/gcc/arm-none-eabi/15.2.0/../../../../arm-none-eabi/lib/thumb/v6-m/nofp/libstdc++.a(vterminate.o)
                              /usr/lib/gcc/arm-none-eabi/15.2.0/../../../../arm-none-eabi/lib/thumb/v6-m/nofp/libstdc++.a(eh_terminate.o) (__gnu_cxx::__verbose_terminate_handler())
/usr/lib/gcc/arm-none-eabi/15.2.0/../../../../arm-none-eabi/lib/thumb/v6-m/nofp/libstdc++.a(cp-demangle.o)
                              /usr/lib/gcc/arm-none-eabi/15.2.0/../../../../arm-none-eabi/lib/thumb/v6-m/nofp/libstdc++.a(vterminate.o) (__cxa_demangle)
/usr/lib/gcc/arm-none-eabi/15.2.0/../../../../arm-none-eabi/lib/thumb/v6-m/nofp/libstdc++.a(eh_arm.o)
                              /usr/lib/gcc/arm-none-eabi/15.2.0/../../../../arm-none-eabi/lib/thumb/v6-m/nofp/libstdc++.a(vterminate.o) (__cxa_end_cleanup)
/usr/lib/gcc/arm-none-eabi/15.2.0/../../../../arm-none-eabi/lib/thumb/v6-m/nofp/libstdc++.a(eh_catch.o)
                              /usr/lib/gcc/arm-none-eabi/15.2.0/../../../../arm-none-eabi/lib/thumb/v6-m/nofp/libstdc++.a(eh_terminate.o) (__cxa_begin_catch)
/usr/lib/gcc/arm-none-eabi/15.2.0/../../../../arm-none-eabi/lib/thumb/v6-m/nofp/libstdc++.a(eh_globals.o)
                              /usr/lib/gcc/arm-none-eabi/15.2.0/../../../../arm-none-eabi/lib/thumb/v6-m/nofp/libstdc++.a(eh_catch.o) (__cxa_get_globals_fast)
/usr/lib/gcc/arm-none-eabi/15.2.0/../../../../arm-none-eabi/lib/thumb/v6-m/nofp/libstdc++.a(eh_personality.o)
                              /usr/lib/gcc/arm-none-eabi/15.2.0/../../../../arm-none-eabi/lib/thumb/v6-m/nofp/libstdc++.a(eh_terminate.o) (__gxx_personality_v0)
/usr/lib/gcc/arm-none-eabi/15.2.0/../../../../arm-none-eabi/lib/thumb/v6-m/nofp/libstdc++.a(eh_term_handler.o)
                              /usr/lib/gcc/arm-none-eabi/15.2.0/../../../../arm-none-eabi/lib/thumb/v6-m/nofp/libstdc++.a(eh_terminate.o) (__cxxabiv1::__terminate_handler)
/usr/lib/gcc/arm-none-eabi/15.2.0/../../../../arm-none-eabi/lib/thumb/v6-m/nofp/libstdc++.a(eh_type.o)
                              /usr/lib/gcc/arm-none-eabi/15.2.0/../../../../arm-none-eabi/lib/thumb/v6-m/nofp/libstdc++.a(vterminate.o) (__cxa_current_exception_type)
[...]
Memory Configuration

Name             Origin             Length             Attributes
FLASH            0x10000000         0x00200000         xr
RAM              0x20000000         0x00030000         xrw
SCRATCH_X        0x20040000         0x00001000         xrw
SCRATCH_Y        0x20030000         0x00010000         xrw
*default*        0x00000000         0xffffffff

Linker script and memory map

LOAD /usr/lib/gcc/arm-none-eabi/15.2.0/thumb/v6-m/nofp/crti.o
LOAD /usr/lib/gcc/arm-none-eabi/15.2.0/thumb/v6-m/nofp/crtbegin.o
LOAD /usr/lib/gcc/arm-none-eabi/15.2.0/../../../../arm-none-eabi/lib/thumb/v6-m/nofp/crt0.o

.flash_begin    0x10000000        0x0
                0x10000000                        __flash_binary_start = .

.boot2          0x10000000      0x100
                0x10000000                        __boot2_start__ = .
 *(.boot2)
 .boot2         0x10000000      0x100 pico-sdk/src/rp2040/boot_stage2/CMakeFiles/bs2_default_library.dir/./bs2_default_padded_checksummed.S.o
                0x10000100                        __boot2_end__ = .
                0x00000001                        ASSERT (((__boot2_end__ - __boot2_start__) == 0x100), ERROR: Pico second stage bootloader must be 256 bytes in size)

.text           0x10000100    0x1a228
                0x10000100                        __logical_binary_start = .
 *(.vectors)
 .vectors       0x10000100       0xd4 CMakeFiles/lps_companion.dir/deps/pico-sdk/src/rp2_common/pico_crt0/crt0.S.o
                0x10000100                __vectors
                0x10000100                __VECTOR_TABLE
                0x100001c0                isr_irq30
                0x100001c0                __unhandled_user_irq
                0x100001c0                isr_irq13
                0x100001c0                isr_irq27
                0x100001c0                isr_irq31
                0x100001c0                isr_irq5
                0x100001c0                isr_irq11
                0x100001c0                isr_irq23
                0x100001c0                isr_irq18
                0x100001c0                isr_irq28
                0x100001c0                isr_irq19
                0x100001c0                isr_irq0
                0x100001c0                isr_irq6
                0x100001c0                isr_irq22
                0x100001c0                isr_irq17
                0x100001c0                isr_irq14
                0x100001c0                __vectors_end
                0x100001c0                __default_isrs_start
                0x100001c0                isr_irq2
                0x100001c0                isr_irq10
                0x100001c0                isr_irq8
                0x100001c0                isr_irq24
                0x100001c0                isr_irq1
                0x100001c0                isr_irq7
                0x100001c0                isr_irq21
                0x100001c0                isr_irq20
                0x100001c0                isr_irq15
                0x100001c0                isr_irq25
                0x100001c0                isr_irq4
                0x100001c0                isr_irq16
                0x100001c0                isr_irq29
                0x100001c0                isr_irq26
                0x100001c0                isr_irq3
                0x100001c0                isr_irq12
                0x100001c0                isr_irq9
                0x100001c6                unhandled_user_irq_num_in_r0
                0x100001c8                isr_invalid
                0x100001ca                isr_nmi
                0x100001cc                isr_hardfault
                0x100001ce                isr_svcall
                0x100001d0                isr_pendsv
                0x100001d2                isr_systick
                0x100001d4                __default_isrs_end
 *(.binary_info_header)
 .binary_info_header
                0x100001d4       0x14 CMakeFiles/lps_companion.dir/deps/pico-sdk/src/rp2_common/pico_crt0/crt0.S.o
                0x100001e8                        __binary_info_header_end = .
 *(.embedded_block)
                0x100001e8                        __embedded_block_end = .
 *(.reset)
 .reset         0x100001e8       0x9c CMakeFiles/lps_companion.dir/deps/pico-sdk/src/rp2_common/pico_crt0/crt0.S.o
                0x100001e8                _entry_point
 *(.init)
 .init          0x10000284        0x4 /usr/lib/gcc/arm-none-eabi/15.2.0/thumb/v6-m/nofp/crti.o
                0x10000284                _init
 *(EXCLUDE_FILE(*libm.a: *libc.a:*lib_a-mem*.o *libgcc.a:) .text*)
 .text          0x10000288       0x98 /usr/lib/gcc/arm-none-eabi/15.2.0/thumb/v6-m/nofp/crtbegin.o
 .text._ZN12_GLOBAL__N_18PicoCalc4textEiiPKcb
                0x10000320       0x60 CMakeFiles/lps_companion.dir/src/main.cpp.o
 .text._ZN12_GLOBAL__N_18PicoCalcD2Ev
                0x10000380        0x4 CMakeFiles/lps_companion.dir/src/main.cpp.o
 .text.__tcf_ZZ4mainE8hardware
                0x10000384        0x4 CMakeFiles/lps_companion.dir/src/main.cpp.o
 .text._ZN12_GLOBAL__N_18PicoCalc5clearEv
                0x10000388       0x3c CMakeFiles/lps_companion.dir/src/main.cpp.o
 .text._ZN12_GLOBAL__N_18PicoCalc7presentEv
                0x100003c4      0x244 CMakeFiles/lps_companion.dir/src/main.cpp.o
 .text._ZN12_GLOBAL__N_18PicoCalcD0Ev
                0x10000608       0x10 CMakeFiles/lps_companion.dir/src/main.cpp.o
 .text._ZN3lps11parseWeightEPKcRl.part.0
                0x10000618       0xf0 CMakeFiles/lps_companion.dir/src/main.cpp.o
 .text._ZN3lps6encodeERKNS_5StateE
                0x10000708      0x1ac CMakeFiles/lps_companion.dir/src/main.cpp.o
                0x10000708                lps::encode(lps::State const&)
 .text._ZN3lps6decodeEPKhjRNS_5StateE
                0x100008b4      0x3cc CMakeFiles/lps_companion.dir/src/main.cpp.o
                0x100008b4                lps::decode(unsigned char const*, unsigned int, lps::State&)
 .text._ZN12_GLOBAL__N_1L10readRecordEj
                0x10000c80      0x168 CMakeFiles/lps_companion.dir/src/main.cpp.o
 .text._ZN12_GLOBAL__N_18PicoCalc4loadEPhjRj
                0x10000de8       0xd0 CMakeFiles/lps_companion.dir/src/main.cpp.o
 .text._ZN12_GLOBAL__N_18PicoCalc4saveEPKhj
                0x10000eb8      0x1c0 CMakeFiles/lps_companion.dir/src/main.cpp.o
 .text._ZN3lps3App6renderEv
                0x10001078     0x13f0 CMakeFiles/lps_companion.dir/src/main.cpp.o
                0x10001078                lps::App::render()
 .text._ZN3lps3App5startEv
                0x10002468      0x13c CMakeFiles/lps_companion.dir/src/main.cpp.o
                0x10002468                lps::App::start()
 .text._ZN3lps3App3keyEi
                0x100025a4      0xed0 CMakeFiles/lps_companion.dir/src/main.cpp.o
                0x100025a4                lps::App::key(int)
 .text.startup.main
                0x10003474      0x1dc CMakeFiles/lps_companion.dir/src/main.cpp.o
                0x10003474                main
 .text.sd_get_num
                0x10003650        0x4 CMakeFiles/lps_companion.dir/src/hw_config.c.o
                0x10003650                sd_get_num
 .text.sd_get_by_num
                0x10003654       0x10 CMakeFiles/lps_companion.dir/src/hw_config.c.o
                0x10003654                sd_get_by_num
 .text.spi_get_num
                0x10003664        0x4 CMakeFiles/lps_companion.dir/src/hw_config.c.o
                0x10003664                spi_get_num
 .text.spi_get_by_num
                0x10003668       0x10 CMakeFiles/lps_companion.dir/src/hw_config.c.o
                0x10003668                spi_get_by_num
 .text.spi_write_cd.constprop.0
                0x10003678       0x54 CMakeFiles/lps_companion.dir/deps/PicoCalc/Code/picocalc_helloworld/lcdspi/lcdspi.c.o
 .text.define_region_spi
                0x100036cc       0xc8 CMakeFiles/lps_companion.dir/deps/PicoCalc/Code/picocalc_helloworld/lcdspi/lcdspi.c.o
                0x100036cc                define_region_spi
 .text.draw_bitmap_spi
                0x10003794      0x318 CMakeFiles/lps_companion.dir/deps/PicoCalc/Code/picocalc_helloworld/lcdspi/lcdspi.c.o
                0x10003794                draw_bitmap_spi
 .text.reset_controller
                0x10003aac       0x70 CMakeFiles/lps_companion.dir/deps/PicoCalc/Code/picocalc_helloworld/lcdspi/lcdspi.c.o
                0x10003aac                reset_controller
 .text.pico_lcd_init
                0x10003b1c      0x678 CMakeFiles/lps_companion.dir/deps/PicoCalc/Code/picocalc_helloworld/lcdspi/lcdspi.c.o
                0x10003b1c                pico_lcd_init
 .text.lcd_spi_init
                0x10004194       0x80 CMakeFiles/lps_companion.dir/deps/PicoCalc/Code/picocalc_helloworld/lcdspi/lcdspi.c.o
                0x10004194                lcd_spi_init
 .text.lcd_init
                0x10004214       0x54 CMakeFiles/lps_companion.dir/deps/PicoCalc/Code/picocalc_helloworld/lcdspi/lcdspi.c.o
                0x10004214                lcd_init
 .text.init_i2c_kbd
                0x10004268       0x44 CMakeFiles/lps_companion.dir/deps/PicoCalc/Code/picocalc_helloworld/i2ckbd/i2ckbd.c.o
                0x10004268                init_i2c_kbd
 .text.read_i2c_kbd
                0x100042ac       0xfc CMakeFiles/lps_companion.dir/deps/PicoCalc/Code/picocalc_helloworld/i2ckbd/i2ckbd.c.o
                0x100042ac                read_i2c_kbd
 .text.gpio_set_function
                0x100043a8       0x30 CMakeFiles/lps_companion.dir/deps/pico-sdk/src/rp2_common/hardware_gpio/gpio.c.o
                0x100043a8                gpio_set_function
 .text.gpio_set_pulls
                0x100043d8       0x24 CMakeFiles/lps_companion.dir/deps/pico-sdk/src/rp2_common/hardware_gpio/gpio.c.o
                0x100043d8                gpio_set_pulls
 .text.gpio_set_input_hysteresis_enabled
                0x100043fc       0x24 CMakeFiles/lps_companion.dir/deps/pico-sdk/src/rp2_common/hardware_gpio/gpio.c.o
                0x100043fc                gpio_set_input_hysteresis_enabled
 .text.gpio_set_drive_strength
                0x10004420       0x20 CMakeFiles/lps_companion.dir/deps/pico-sdk/src/rp2_common/hardware_gpio/gpio.c.o
                0x10004420                gpio_set_drive_strength
 .text.gpio_init
                0x10004440       0x3c CMakeFiles/lps_companion.dir/deps/pico-sdk/src/rp2_common/hardware_gpio/gpio.c.o
                0x10004440                gpio_init
 .text.panic    0x1000447c       0x30 CMakeFiles/lps_companion.dir/deps/pico-sdk/src/rp2_common/pico_platform_panic/panic.c.o
                0x1000447c                panic
 .text.hw_claim_or_assert
                0x100044ac       0x50 CMakeFiles/lps_companion.dir/deps/pico-sdk/src/common/hardware_claim/claim.c.o
                0x100044ac                hw_claim_or_assert
 .text.hw_claim_unused_from_range
                0x100044fc       0x88 CMakeFiles/lps_companion.dir/deps/pico-sdk/src/common/hardware_claim/claim.c.o
                0x100044fc                hw_claim_unused_from_range
 .text.next_striped_spin_lock_num
                0x10004584       0x18 CMakeFiles/lps_companion.dir/deps/pico-sdk/src/rp2_common/hardware_sync/sync.c.o
                0x10004584                next_striped_spin_lock_num
 .text.spin_locks_reset
                0x1000459c       0x1c CMakeFiles/lps_companion.dir/deps/pico-sdk/src/rp2_common/hardware_sync_spin_lock/sync_spin_lock.c.o
                0x1000459c                spin_locks_reset
 .text.runtime_init_per_core_irq_priorities
                0x100045b8       0x48 CMakeFiles/lps_companion.dir/deps/pico-sdk/src/rp2_common/hardware_irq/irq.c.o
                0x100045b8                runtime_init_per_core_irq_priorities
 .text.irq_set_enabled
                0x10004600       0x24 CMakeFiles/lps_companion.dir/deps/pico-sdk/src/rp2_common/hardware_irq/irq.c.o
                0x10004600                irq_set_enabled
 .text.irq_set_exclusive_handler
                0x10004624       0x54 CMakeFiles/lps_companion.dir/deps/pico-sdk/src/rp2_common/hardware_irq/irq.c.o
                0x10004624                irq_set_exclusive_handler
 .text.irq_add_shared_handler
                0x10004678      0x1cc CMakeFiles/lps_companion.dir/deps/pico-sdk/src/rp2_common/hardware_irq/irq.c.o
                0x10004678                irq_add_shared_handler
 .text.irq_add_tail_to_free_list
                0x10004844       0xb4 CMakeFiles/lps_companion.dir/deps/pico-sdk/src/rp2_common/hardware_irq/irq.c.o
                0x10004844                irq_add_tail_to_free_list
 .text.sem_init
                0x100048f8       0x20 CMakeFiles/lps_companion.dir/deps/pico-sdk/src/common/pico_sync/sem.c.o
                0x100048f8                sem_init
 .text.lock_init
                0x10004918       0x10 CMakeFiles/lps_companion.dir/deps/pico-sdk/src/common/pico_sync/lock_core.c.o
                0x10004918                lock_init
 .text.runtime_init_mutex
                0x10004928       0x50 CMakeFiles/lps_companion.dir/deps/pico-sdk/src/common/pico_sync/mutex.c.o
                0x10004928                runtime_init_mutex
 .text.mutex_init
                0x10004978       0x1c CMakeFiles/lps_companion.dir/deps/pico-sdk/src/common/pico_sync/mutex.c.o
                0x10004978                mutex_init
 .text.sleep_until_callback
                0x10004994       0x30 CMakeFiles/lps_companion.dir/deps/pico-sdk/src/common/pico_time/time.c.o
 .text.alarm_pool_irq_handler
                0x100049c4      0x2f4 CMakeFiles/lps_companion.dir/deps/pico-sdk/src/common/pico_time/time.c.o
 .text.runtime_init_default_alarm_pool
                0x10004cb8       0xd8 CMakeFiles/lps_companion.dir/deps/pico-sdk/src/common/pico_time/time.c.o
                0x10004cb8                runtime_init_default_alarm_pool
 .text.alarm_pool_add_alarm_at_force_in_context
                0x10004d90       0xbc CMakeFiles/lps_companion.dir/deps/pico-sdk/src/common/pico_time/time.c.o
                0x10004d90                alarm_pool_add_alarm_at_force_in_context
 .text.alarm_pool_cancel_alarm
                0x10004e4c       0x74 CMakeFiles/lps_companion.dir/deps/pico-sdk/src/common/pico_time/time.c.o
                0x10004e4c                alarm_pool_cancel_alarm
 .text.sleep_us
                0x10004ec0       0xec CMakeFiles/lps_companion.dir/deps/pico-sdk/src/common/pico_time/time.c.o
                0x10004ec0                sleep_us
 .text.sleep_ms
                0x10004fac       0xfc CMakeFiles/lps_companion.dir/deps/pico-sdk/src/common/pico_time/time.c.o
                0x10004fac                sleep_ms
 .text.best_effort_wfe_or_timeout
                0x100050a8      0x100 CMakeFiles/lps_companion.dir/deps/pico-sdk/src/common/pico_time/time.c.o
                0x100050a8                best_effort_wfe_or_timeout
 .text.check_single_timeout_us
                0x100051a8       0x28 CMakeFiles/lps_companion.dir/deps/pico-sdk/src/common/pico_time/timeout_helper.c.o
 .text.init_single_timeout_until
                0x100051d0        0xc CMakeFiles/lps_companion.dir/deps/pico-sdk/src/common/pico_time/timeout_helper.c.o
                0x100051d0                init_single_timeout_until
 .text.timer_hardware_alarm_claim
                0x100051dc       0x14 CMakeFiles/lps_companion.dir/deps/pico-sdk/src/rp2_common/hardware_timer/timer.c.o
                0x100051dc                timer_hardware_alarm_claim
 .text.timer_time_us_64
                0x100051f0       0x10 CMakeFiles/lps_companion.dir/deps/pico-sdk/src/rp2_common/hardware_timer/timer.c.o
                0x100051f0                timer_time_us_64
 .text.time_us_64
                0x10005200       0x14 CMakeFiles/lps_companion.dir/deps/pico-sdk/src/rp2_common/hardware_timer/timer.c.o
                0x10005200                time_us_64
 .text.busy_wait_us
                0x10005214       0x6c CMakeFiles/lps_companion.dir/deps/pico-sdk/src/rp2_common/hardware_timer/timer.c.o
                0x10005214                busy_wait_us
 .text.busy_wait_until
                0x10005280       0x20 CMakeFiles/lps_companion.dir/deps/pico-sdk/src/rp2_common/hardware_timer/timer.c.o
                0x10005280                busy_wait_until
 .text.clock_configure_int_divider
                0x100052a0       0xec CMakeFiles/lps_companion.dir/deps/pico-sdk/src/rp2_common/hardware_clocks/clocks.c.o
                0x100052a0                clock_configure_int_divider
 .text.clock_configure_undivided
                0x1000538c       0xe0 CMakeFiles/lps_companion.dir/deps/pico-sdk/src/rp2_common/hardware_clocks/clocks.c.o
                0x1000538c                clock_configure_undivided
 .text.clock_get_hz
                0x1000546c        0xc CMakeFiles/lps_companion.dir/deps/pico-sdk/src/rp2_common/hardware_clocks/clocks.c.o
                0x1000546c                clock_get_hz
 .text.set_sys_clock_pll
                0x10005478      0x1b4 CMakeFiles/lps_companion.dir/deps/pico-sdk/src/rp2_common/hardware_clocks/clocks.c.o
                0x10005478                set_sys_clock_pll
 .text.check_sys_clock_khz
                0x1000562c      0x288 CMakeFiles/lps_companion.dir/deps/pico-sdk/src/rp2_common/hardware_clocks/clocks.c.o
                0x1000562c                check_sys_clock_khz
 .text.pll_init
                0x100058b4       0xb0 CMakeFiles/lps_companion.dir/deps/pico-sdk/src/rp2_common/hardware_pll/pll.c.o
                0x100058b4                pll_init
 .text.tick_start
                0x10005964       0x10 CMakeFiles/lps_companion.dir/deps/pico-sdk/src/rp2_common/hardware_ticks/ticks.c.o
                0x10005964                tick_start
 .text.rom_func_lookup
                0x10005974       0x10 CMakeFiles/lps_companion.dir/deps/pico-sdk/src/rp2_common/pico_bootrom/bootrom.c.o
                0x10005974                rom_func_lookup
 .text.rom_data_lookup
                0x10005984       0x10 CMakeFiles/lps_companion.dir/deps/pico-sdk/src/rp2_common/pico_bootrom/bootrom.c.o
                0x10005984                rom_data_lookup
 .text.rom_funcs_lookup
                0x10005994       0x44 CMakeFiles/lps_companion.dir/deps/pico-sdk/src/rp2_common/pico_bootrom/bootrom.c.o
                0x10005994                rom_funcs_lookup
 .text.xosc_init
                0x100059d8       0x28 CMakeFiles/lps_companion.dir/deps/pico-sdk/src/rp2_common/hardware_xosc/xosc.c.o
                0x100059d8                xosc_init
 .text.first_per_core_initializer
                0x10005a00        0x4 CMakeFiles/lps_companion.dir/deps/pico-sdk/src/rp2_common/pico_runtime/runtime.c.o
 .text.hard_assertion_failure
                0x10005a04        0xc CMakeFiles/lps_companion.dir/deps/pico-sdk/src/rp2_common/pico_runtime/runtime.c.o
                0x10005a04                hard_assertion_failure
 .text.runtime_run_initializers
                0x10005a10       0x28 CMakeFiles/lps_companion.dir/deps/pico-sdk/src/rp2_common/pico_runtime/runtime.c.o
                0x10005a10                runtime_run_initializers
 .text.runtime_init_early_resets
                0x10005a38       0x2c CMakeFiles/lps_companion.dir/deps/pico-sdk/src/rp2_common/pico_runtime_init/runtime_init.c.o
                0x10005a38                runtime_init_early_resets
 .text.runtime_init_usb_power_down
                0x10005a64       0x1c CMakeFiles/lps_companion.dir/deps/pico-sdk/src/rp2_common/pico_runtime_init/runtime_init.c.o
                0x10005a64                runtime_init_usb_power_down
 .text.runtime_init_post_clock_resets
                0x10005a80       0x20 CMakeFiles/lps_companion.dir/deps/pico-sdk/src/rp2_common/pico_runtime_init/runtime_init.c.o
                0x10005a80                runtime_init_post_clock_resets
 .text.runtime_init_rp2040_gpio_ie_disable
                0x10005aa0       0x14 CMakeFiles/lps_companion.dir/deps/pico-sdk/src/rp2_common/pico_runtime_init/runtime_init.c.o
                0x10005aa0                runtime_init_rp2040_gpio_ie_disable
 .text.runtime_init_spin_locks_reset
                0x10005ab4        0x8 CMakeFiles/lps_companion.dir/deps/pico-sdk/src/rp2_common/pico_runtime_init/runtime_init.c.o
                0x10005ab4                runtime_init_spin_locks_reset
 .text.runtime_init_install_ram_vector_table
                0x10005abc       0xb8 CMakeFiles/lps_companion.dir/deps/pico-sdk/src/rp2_common/pico_runtime_init/runtime_init.c.o
                0x10005abc                runtime_init_install_ram_vector_table
 .text.runtime_init_clocks
                0x10005b74       0xd8 CMakeFiles/lps_companion.dir/deps/pico-sdk/src/rp2_common/pico_runtime_init/runtime_init_clocks.c.o
                0x10005b74                runtime_init_clocks
 .text          0x10005c4c       0x10 CMakeFiles/lps_companion.dir/deps/pico-sdk/src/rp2_common/pico_bit_ops/bit_ops_aeabi.S.o
 .text.__wrap___aeabi_idiv
                0x10005c5c       0x50 CMakeFiles/lps_companion.dir/deps/pico-sdk/src/rp2_common/pico_divider/divider_hardware.S.o
                0x10005c5c                __wrap___aeabi_idivmod
                0x10005c5c                divmod_s32s32
                0x10005c5c                div_s32s32
                0x10005c5c                __wrap___aeabi_idiv
                0x10005c64                divmod_s32s32_unsafe
                0x10005c90                divmod_s32s32_savestate
 .text.__wrap___aeabi_uidiv
                0x10005cac       0x4c CMakeFiles/lps_companion.dir/deps/pico-sdk/src/rp2_common/pico_divider/divider_hardware.S.o
                0x10005cac                __wrap___aeabi_uidiv
                0x10005cac                __wrap___aeabi_uidivmod
                0x10005cac                div_u32u32
                0x10005cac                divmod_u32u32
                0x10005cb4                divmod_u32u32_unsafe
                0x10005cdc                divmod_u32u32_savestate
 .text.__wrap___aeabi_ldiv
                0x10005cf8      0x424 CMakeFiles/lps_companion.dir/deps/pico-sdk/src/rp2_common/pico_divider/divider_hardware.S.o
                0x10005cf8                div_s64s64
                0x10005cf8                divmod_s64s64
                0x10005cf8                __wrap___aeabi_ldivmod
                0x10005d28                div_u64u64
                0x10005d28                divmod_u64u64
                0x10005d28                __wrap___aeabi_uldivmod
                0x10005d38                divmod_u64u64_savestate
                0x10005d58                divmod_s64s64_unsafe
                0x10005de0                divmod_u64u64_unsafe
 .text.__wrap___aeabi_darithmetic
                0x1000611c       0x80 CMakeFiles/lps_companion.dir/deps/pico-sdk/src/rp2_common/pico_double/double_aeabi_rp2040.S.o
                0x1000611c                __wrap___aeabi_drsub
                0x10006122                __wrap___aeabi_dsub
                0x10006134                __wrap___aeabi_dadd
                0x10006146                __wrap___aeabi_ddiv
                0x10006182                __wrap___aeabi_dmul
 .text.__wrap___aeabi_cdcmple
                0x1000619c       0x6c CMakeFiles/lps_companion.dir/deps/pico-sdk/src/rp2_common/pico_double/double_aeabi_rp2040.S.o
                0x1000619c                __wrap___aeabi_cdrcmple
                0x100061ac                __wrap___aeabi_cdcmple
                0x100061ac                __wrap___aeabi_cdcmpeq
 .text.__wrap___aeabi_dcmplt
                0x10006208        0xc CMakeFiles/lps_companion.dir/deps/pico-sdk/src/rp2_common/pico_double/double_aeabi_rp2040.S.o
                0x10006208                __wrap___aeabi_dcmplt
 .text.__wrap___aeabi_dcmple
                0x10006214       0x10 CMakeFiles/lps_companion.dir/deps/pico-sdk/src/rp2_common/pico_double/double_aeabi_rp2040.S.o
                0x10006214                __wrap___aeabi_dcmple
 .text.__wrap___aeabi_dcmpge
                0x10006224       0x10 CMakeFiles/lps_companion.dir/deps/pico-sdk/src/rp2_common/pico_double/double_aeabi_rp2040.S.o
                0x10006224                __wrap___aeabi_dcmpge
 .text.__wrap___aeabi_dcmpgt
                0x10006234        0xa CMakeFiles/lps_companion.dir/deps/pico-sdk/src/rp2_common/pico_double/double_aeabi_rp2040.S.o
                0x10006234                __wrap___aeabi_dcmpgt
 .text.__wrap___aeabi_dcmpun
                0x1000623e       0x18 CMakeFiles/lps_companion.dir/deps/pico-sdk/src/rp2_common/pico_double/double_aeabi_rp2040.S.o
                0x1000623e                __wrap___aeabi_dcmpun
 *fill*         0x10006256        0x2 
 .text.__wrap___aeabi_i2d
                0x10006258       0x38 CMakeFiles/lps_companion.dir/deps/pico-sdk/src/rp2_common/pico_double/double_aeabi_rp2040.S.o
                0x10006258                __wrap___aeabi_ui2d
                0x10006258                uint2double
                0x10006260                __wrap___aeabi_i2d
                0x10006260                int2double
 .text.__wrap___aeabi_d2iz
                0x10006290       0x48 CMakeFiles/lps_companion.dir/deps/pico-sdk/src/rp2_common/pico_double/double_aeabi_rp2040.S.o
                0x10006290                __wrap___aeabi_d2iz
                0x10006290                double2int_z
 .text.__wrap___aeabi_d2uiz
                0x100062d8       0x18 CMakeFiles/lps_companion.dir/deps/pico-sdk/src/rp2_common/pico_double/double_aeabi_rp2040.S.o
                0x100062d8                double2uint_z
                0x100062d8                double2uint
                0x100062d8                __wrap___aeabi_d2uiz
 .text.__aeabi_double_init
                0x100062f0       0xa4 CMakeFiles/lps_companion.dir/deps/pico-sdk/src/rp2_common/pico_double/double_init_rom_rp2040.c.o
                0x100062f0                __aeabi_double_init
 .text.double_table_shim_on_use_helper
                0x10006394       0x2c CMakeFiles/lps_companion.dir/deps/pico-sdk/src/rp2_common/pico_double/double_v1_rom_shim_rp2040.S.o
                0x10006394                double_table_shim_on_use_helper
 .text.__wrap___aeabi_dsub
                0x100063c0       0x10 CMakeFiles/lps_companion.dir/deps/pico-sdk/src/rp2_common/pico_double/double_v1_rom_shim_rp2040.S.o
                0x100063c0                drsub_shim
                0x100063c6                dsub_shim
 .text.dadd_shim
                0x100063d0      0x15c CMakeFiles/lps_companion.dir/deps/pico-sdk/src/rp2_common/pico_double/double_v1_rom_shim_rp2040.S.o
                0x100063d0                dadd_shim
 .text.dmul_shim
                0x1000652c      0x15c CMakeFiles/lps_companion.dir/deps/pico-sdk/src/rp2_common/pico_double/double_v1_rom_shim_rp2040.S.o
                0x1000652c                dmul_shim
 .text.ddiv_shim
                0x10006688      0x1b0 CMakeFiles/lps_companion.dir/deps/pico-sdk/src/rp2_common/pico_double/double_v1_rom_shim_rp2040.S.o
                0x10006688                ddiv_shim
 .text.double2uint_shim
                0x10006838        0xe CMakeFiles/lps_companion.dir/deps/pico-sdk/src/rp2_common/pico_double/double_v1_rom_shim_rp2040.S.o
                0x10006838                double2uint_shim
                0x1000683a                double2ufix_shim
 *fill*         0x10006846        0x2 
 .text.double2uint64_shim
                0x10006848       0x70 CMakeFiles/lps_companion.dir/deps/pico-sdk/src/rp2_common/pico_double/double_v1_rom_shim_rp2040.S.o
                0x10006848                double2uint64_shim
                0x1000684a                double2ufix64_shim
                0x1000686a                d2fix_a
 .text.dunpacks
                0x100068b8       0x3c CMakeFiles/lps_companion.dir/deps/pico-sdk/src/rp2_common/pico_double/double_v1_rom_shim_rp2040.S.o
                0x100068b8                dunpacks
 .text.__aeabi_lmul
                0x100068f4       0x32 CMakeFiles/lps_companion.dir/deps/pico-sdk/src/rp2_common/pico_int64_ops/pico_int64_ops_aeabi.S.o
                0x100068f4                __wrap___aeabi_lmul
 *fill*         0x10006926        0x2 
 .text.__aeabi_float_init
                0x10006928       0x68 CMakeFiles/lps_companion.dir/deps/pico-sdk/src/rp2_common/pico_float/float_init_rom_rp2040.c.o
                0x10006928                __aeabi_float_init
 .text.float_table_shim_on_use_helper
                0x10006990       0x2c CMakeFiles/lps_companion.dir/deps/pico-sdk/src/rp2_common/pico_float/float_v1_rom_shim_rp2040.S.o
                0x10006990                float_table_shim_on_use_helper
 .text.__wrap_malloc
                0x100069bc       0x24 CMakeFiles/lps_companion.dir/deps/pico-sdk/src/rp2_common/pico_malloc/malloc.c.o
                0x100069bc                __wrap_malloc
 .text.__wrap_realloc
                0x100069e0       0x24 CMakeFiles/lps_companion.dir/deps/pico-sdk/src/rp2_common/pico_malloc/malloc.c.o
                0x100069e0                __wrap_realloc
 .text.__wrap_free
                0x10006a04        0x8 CMakeFiles/lps_companion.dir/deps/pico-sdk/src/rp2_common/pico_malloc/malloc.c.o
                0x10006a04                __wrap_free
 .text          0x10006a0c       0x10 CMakeFiles/lps_companion.dir/deps/pico-sdk/src/rp2_common/pico_mem_ops/mem_ops_aeabi.S.o
                0x10006a0c                __aeabi_mem_init
 .text.memset   0x10006a1c        0xc CMakeFiles/lps_companion.dir/deps/pico-sdk/src/rp2_common/pico_mem_ops/mem_ops_aeabi.S.o
                0x10006a1c                __wrap_memset
 .text.memcpy   0x10006a28        0xc CMakeFiles/lps_companion.dir/deps/pico-sdk/src/rp2_common/pico_mem_ops/mem_ops_aeabi.S.o
                0x10006a28                __wrap___aeabi_memcpy
                0x10006a28                __wrap_memcpy
 .text._ZdlPvj  0x10006a34        0x8 CMakeFiles/lps_companion.dir/deps/pico-sdk/src/rp2_common/pico_cxx_options/new_delete.cpp.o
                0x10006a34                operator delete(void*, unsigned int)
 .text._out_buffer
                0x10006a3c        0x8 CMakeFiles/lps_companion.dir/deps/pico-sdk/src/rp2_common/pico_printf/printf.c.o
 .text._out_null
                0x10006a44        0x4 CMakeFiles/lps_companion.dir/deps/pico-sdk/src/rp2_common/pico_printf/printf.c.o
 .text._out_rev
                0x10006a48       0xa8 CMakeFiles/lps_companion.dir/deps/pico-sdk/src/rp2_common/pico_printf/printf.c.o
 .text._ntoa_format
                0x10006af0      0x1d8 CMakeFiles/lps_companion.dir/deps/pico-sdk/src/rp2_common/pico_printf/printf.c.o
 .text._out_char
                0x10006cc8       0x10 CMakeFiles/lps_companion.dir/deps/pico-sdk/src/rp2_common/pico_printf/printf.c.o
 .text._ftoa    0x10006cd8      0x474 CMakeFiles/lps_companion.dir/deps/pico-sdk/src/rp2_common/pico_printf/printf.c.o
 .text._etoa    0x1000714c      0x560 CMakeFiles/lps_companion.dir/deps/pico-sdk/src/rp2_common/pico_printf/printf.c.o
 .text._vsnprintf
                0x100076ac      0xab8 CMakeFiles/lps_companion.dir/deps/pico-sdk/src/rp2_common/pico_printf/printf.c.o
 .text.__wrap_sprintf
                0x10008164       0x28 CMakeFiles/lps_companion.dir/deps/pico-sdk/src/rp2_common/pico_printf/printf.c.o
                0x10008164                __wrap_sprintf
 .text.__wrap_snprintf
                0x1000818c       0x28 CMakeFiles/lps_companion.dir/deps/pico-sdk/src/rp2_common/pico_printf/printf.c.o
                0x1000818c                __wrap_snprintf
 .text.weak_raw_vprintf
                0x100081b4       0x30 CMakeFiles/lps_companion.dir/deps/pico-sdk/src/rp2_common/pico_printf/printf.c.o
                0x100081b4                weak_raw_vprintf
 .text._exit    0x100081e4        0x4 CMakeFiles/lps_companion.dir/deps/pico-sdk/src/rp2_common/pico_clib_interface/newlib_interface.c.o
                0x100081e4                _exit
 .text._sbrk    0x100081e8       0x34 CMakeFiles/lps_companion.dir/deps/pico-sdk/src/rp2_common/pico_clib_interface/newlib_interface.c.o
                0x100081e8                _sbrk
 .text._getpid  0x1000821c        0x4 CMakeFiles/lps_companion.dir/deps/pico-sdk/src/rp2_common/pico_clib_interface/newlib_interface.c.o
                0x1000821c                _getpid
 .text._kill    0x10008220        0x8 CMakeFiles/lps_companion.dir/deps/pico-sdk/src/rp2_common/pico_clib_interface/newlib_interface.c.o
                0x10008220                _kill
 .text._read    0x10008228       0x20 CMakeFiles/lps_companion.dir/deps/pico-sdk/src/rp2_common/pico_clib_interface/newlib_interface.c.o
                0x10008228                _read
 .text._write   0x10008248       0x20 CMakeFiles/lps_companion.dir/deps/pico-sdk/src/rp2_common/pico_clib_interface/newlib_interface.c.o
                0x10008248                _write
 .text._close   0x10008268        0x8 CMakeFiles/lps_companion.dir/deps/pico-sdk/src/rp2_common/pico_clib_interface/newlib_interface.c.o
                0x10008268                _close
 .text._lseek   0x10008270        0x8 CMakeFiles/lps_companion.dir/deps/pico-sdk/src/rp2_common/pico_clib_interface/newlib_interface.c.o
                0x10008270                _lseek
 .text._fstat   0x10008278        0x8 CMakeFiles/lps_companion.dir/deps/pico-sdk/src/rp2_common/pico_clib_interface/newlib_interface.c.o
                0x10008278                _fstat
 .text._isatty  0x10008280        0xc CMakeFiles/lps_companion.dir/deps/pico-sdk/src/rp2_common/pico_clib_interface/newlib_interface.c.o
                0x10008280                _isatty
 .text.exit     0x1000828c        0x8 CMakeFiles/lps_companion.dir/deps/pico-sdk/src/rp2_common/pico_clib_interface/newlib_interface.c.o
                0x1000828c                exit
 .text.runtime_init
                0x10008294       0x2c CMakeFiles/lps_companion.dir/deps/pico-sdk/src/rp2_common/pico_clib_interface/newlib_interface.c.o
                0x10008294                runtime_init
 .text.stdio_out_chars_no_crlf
                0x100082c0       0x10 CMakeFiles/lps_companion.dir/deps/pico-sdk/src/rp2_common/pico_stdio/stdio.c.o
 .text.stdio_out_chars_crlf
                0x100082d0       0x90 CMakeFiles/lps_companion.dir/deps/pico-sdk/src/rp2_common/pico_stdio/stdio.c.o
 .text.stdio_put_string
                0x10008360       0xf4 CMakeFiles/lps_companion.dir/deps/pico-sdk/src/rp2_common/pico_stdio/stdio.c.o
                0x10008360                stdio_put_string
 .text.stdio_get_until
                0x10008454       0x7c CMakeFiles/lps_companion.dir/deps/pico-sdk/src/rp2_common/pico_stdio/stdio.c.o
                0x10008454                stdio_get_until
 .text.__wrap_putchar
                0x100084d0       0x94 CMakeFiles/lps_companion.dir/deps/pico-sdk/src/rp2_common/pico_stdio/stdio.c.o
                0x100084d0                stdio_putchar
                0x100084d0                __wrap_putchar
 .text.__wrap_puts
                0x10008564       0x3c CMakeFiles/lps_companion.dir/deps/pico-sdk/src/rp2_common/pico_stdio/stdio.c.o
                0x10008564                __wrap_puts
                0x10008564                stdio_puts
 .text.spi_init
                0x100085a0      0x110 CMakeFiles/lps_companion.dir/deps/pico-sdk/src/rp2_common/hardware_spi/spi.c.o
                0x100085a0                spi_init
 .text.spi_set_baudrate
                0x100086b0       0xb0 CMakeFiles/lps_companion.dir/deps/pico-sdk/src/rp2_common/hardware_spi/spi.c.o
                0x100086b0                spi_set_baudrate
 .text.i2c_write_blocking_internal
                0x10008760      0x160 CMakeFiles/lps_companion.dir/deps/pico-sdk/src/rp2_common/hardware_i2c/i2c.c.o
 .text.i2c_read_blocking_internal
                0x100088c0      0x100 CMakeFiles/lps_companion.dir/deps/pico-sdk/src/rp2_common/hardware_i2c/i2c.c.o
 .text.i2c_set_baudrate
                0x100089c0       0xb4 CMakeFiles/lps_companion.dir/deps/pico-sdk/src/rp2_common/hardware_i2c/i2c.c.o
                0x100089c0                i2c_set_baudrate
 .text.i2c_init
                0x10008a74       0x50 CMakeFiles/lps_companion.dir/deps/pico-sdk/src/rp2_common/hardware_i2c/i2c.c.o
                0x10008a74                i2c_init
 .text.i2c_write_blocking_until
                0x10008ac4       0x40 CMakeFiles/lps_companion.dir/deps/pico-sdk/src/rp2_common/hardware_i2c/i2c.c.o
                0x10008ac4                i2c_write_blocking_until
 .text.i2c_read_blocking_until
                0x10008b04       0x40 CMakeFiles/lps_companion.dir/deps/pico-sdk/src/rp2_common/hardware_i2c/i2c.c.o
                0x10008b04                i2c_read_blocking_until
 .text.ff_memalloc
                0x10008b44        0x8 CMakeFiles/lps_companion.dir/deps/FatFs/FatFs_SPI/ff15/source/ffsystem.c.o
                0x10008b44                ff_memalloc
 .text.ff_memfree
                0x10008b4c        0x8 CMakeFiles/lps_companion.dir/deps/FatFs/FatFs_SPI/ff15/source/ffsystem.c.o
                0x10008b4c                ff_memfree
 .text.ff_uni2oem
                0x10008b54       0x40 CMakeFiles/lps_companion.dir/deps/FatFs/FatFs_SPI/ff15/source/ffunicode.c.o
                0x10008b54                ff_uni2oem
 .text.ff_wtoupper
                0x10008b94       0xb8 CMakeFiles/lps_companion.dir/deps/FatFs/FatFs_SPI/ff15/source/ffunicode.c.o
                0x10008b94                ff_wtoupper
 .text.inc_share
                0x10008c4c      0x378 CMakeFiles/lps_companion.dir/deps/FatFs/FatFs_SPI/ff15/source/ff.c.o
 .text.dir_clear
                0x10008fc4      0x1a0 CMakeFiles/lps_companion.dir/deps/FatFs/FatFs_SPI/ff15/source/ff.c.o
 .text.init_alloc_info.isra.0
                0x10009164       0x70 CMakeFiles/lps_companion.dir/deps/FatFs/FatFs_SPI/ff15/source/ff.c.o
 .text.move_window
                0x100091d4       0xb8 CMakeFiles/lps_companion.dir/deps/FatFs/FatFs_SPI/ff15/source/ff.c.o
 .text.put_fat.part.0
                0x1000928c      0x154 CMakeFiles/lps_companion.dir/deps/FatFs/FatFs_SPI/ff15/source/ff.c.o
 .text.get_fat  0x100093e0      0x1a8 CMakeFiles/lps_companion.dir/deps/FatFs/FatFs_SPI/ff15/source/ff.c.o
 .text.dir_next.constprop.0
                0x10009588       0xbc CMakeFiles/lps_companion.dir/deps/FatFs/FatFs_SPI/ff15/source/ff.c.o
 .text.sync_fs  0x10009644       0xf4 CMakeFiles/lps_companion.dir/deps/FatFs/FatFs_SPI/ff15/source/ff.c.o
 .text.check_fs
                0x10009738      0x188 CMakeFiles/lps_companion.dir/deps/FatFs/FatFs_SPI/ff15/source/ff.c.o
 .text.mount_volume
                0x100098c0      0xae4 CMakeFiles/lps_companion.dir/deps/FatFs/FatFs_SPI/ff15/source/ff.c.o
 .text.load_xdir
                0x1000a3a4      0x1b8 CMakeFiles/lps_companion.dir/deps/FatFs/FatFs_SPI/ff15/source/ff.c.o
 .text.dir_read.constprop.0
                0x1000a55c      0x50c CMakeFiles/lps_companion.dir/deps/FatFs/FatFs_SPI/ff15/source/ff.c.o
 .text.dir_sdi  0x1000aa68      0x2e0 CMakeFiles/lps_companion.dir/deps/FatFs/FatFs_SPI/ff15/source/ff.c.o
 .text.store_xdir
                0x1000ad48      0x22c CMakeFiles/lps_companion.dir/deps/FatFs/FatFs_SPI/ff15/source/ff.c.o
 .text.dir_find
                0x1000af74      0x464 CMakeFiles/lps_companion.dir/deps/FatFs/FatFs_SPI/ff15/source/ff.c.o
 .text.follow_path
                0x1000b3d8      0x5b8 CMakeFiles/lps_companion.dir/deps/FatFs/FatFs_SPI/ff15/source/ff.c.o
 .text.remove_chain
                0x1000b990      0x3d8 CMakeFiles/lps_companion.dir/deps/FatFs/FatFs_SPI/ff15/source/ff.c.o
 .text.create_chain
                0x1000bd68      0x6dc CMakeFiles/lps_companion.dir/deps/FatFs/FatFs_SPI/ff15/source/ff.c.o
 .text.dir_alloc
                0x1000c444      0x224 CMakeFiles/lps_companion.dir/deps/FatFs/FatFs_SPI/ff15/source/ff.c.o
 .text.dir_register
                0x1000c668      0x904 CMakeFiles/lps_companion.dir/deps/FatFs/FatFs_SPI/ff15/source/ff.c.o
 .text.f_mount  0x1000cf6c      0x200 CMakeFiles/lps_companion.dir/deps/FatFs/FatFs_SPI/ff15/source/ff.c.o
                0x1000cf6c                f_mount
 .text.f_open   0x1000d16c      0x7ac CMakeFiles/lps_companion.dir/deps/FatFs/FatFs_SPI/ff15/source/ff.c.o
                0x1000d16c                f_open
 .text.f_read   0x1000d918      0x260 CMakeFiles/lps_companion.dir/deps/FatFs/FatFs_SPI/ff15/source/ff.c.o
                0x1000d918                f_read
 .text.f_write  0x1000db78      0x2e0 CMakeFiles/lps_companion.dir/deps/FatFs/FatFs_SPI/ff15/source/ff.c.o
                0x1000db78                f_write
 .text.f_sync   0x1000de58      0x2b0 CMakeFiles/lps_companion.dir/deps/FatFs/FatFs_SPI/ff15/source/ff.c.o
                0x1000de58                f_sync
 .text.f_close  0x1000e108       0x7c CMakeFiles/lps_companion.dir/deps/FatFs/FatFs_SPI/ff15/source/ff.c.o
                0x1000e108                f_close
 .text.f_mkdir  0x1000e184      0x23c CMakeFiles/lps_companion.dir/deps/FatFs/FatFs_SPI/ff15/source/ff.c.o
                0x1000e184                f_mkdir
 .text.sd_spi_go_high_frequency
                0x1000e3c0       0x10 CMakeFiles/lps_companion.dir/deps/FatFs/FatFs_SPI/sd_driver/sd_spi.c.o
                0x1000e3c0                sd_spi_go_high_frequency
 .text.sd_spi_go_low_frequency
                0x1000e3d0       0x14 CMakeFiles/lps_companion.dir/deps/FatFs/FatFs_SPI/sd_driver/sd_spi.c.o
                0x1000e3d0                sd_spi_go_low_frequency
 .text.sd_spi_deselect_pulse
                0x1000e3e4       0x44 CMakeFiles/lps_companion.dir/deps/FatFs/FatFs_SPI/sd_driver/sd_spi.c.o
                0x1000e3e4                sd_spi_deselect_pulse
 .text.sd_spi_acquire
                0x1000e428       0x30 CMakeFiles/lps_companion.dir/deps/FatFs/FatFs_SPI/sd_driver/sd_spi.c.o
                0x1000e428                sd_spi_acquire
 .text.sd_spi_release
                0x1000e458       0x30 CMakeFiles/lps_companion.dir/deps/FatFs/FatFs_SPI/sd_driver/sd_spi.c.o
                0x1000e458                sd_spi_release
 .text.sd_spi_transfer
                0x1000e488        0xc CMakeFiles/lps_companion.dir/deps/FatFs/FatFs_SPI/sd_driver/sd_spi.c.o
                0x1000e488                sd_spi_transfer
 .text.sd_spi_write
                0x1000e494       0x24 CMakeFiles/lps_companion.dir/deps/FatFs/FatFs_SPI/sd_driver/sd_spi.c.o
                0x1000e494                sd_spi_write
 .text.sd_spi_send_initializing_sequence
                0x1000e4b8       0x78 CMakeFiles/lps_companion.dir/deps/FatFs/FatFs_SPI/sd_driver/sd_spi.c.o
                0x1000e4b8                sd_spi_send_initializing_sequence
 .text.spi_lock
                0x1000e530        0xc CMakeFiles/lps_companion.dir/deps/FatFs/FatFs_SPI/sd_driver/spi.c.o
                0x1000e530                spi_lock
 .text.spi_unlock
                0x1000e53c        0xc CMakeFiles/lps_companion.dir/deps/FatFs/FatFs_SPI/sd_driver/spi.c.o
                0x1000e53c                spi_unlock
 .text.my_spi_init
                0x1000e548      0x1bc CMakeFiles/lps_companion.dir/deps/FatFs/FatFs_SPI/sd_driver/spi.c.o
                0x1000e548                my_spi_init
 .text.sd_test_com
                0x1000e704      0x1a4 CMakeFiles/lps_companion.dir/deps/FatFs/FatFs_SPI/sd_driver/sd_card.c.o
 .text.sd_cmd   0x1000e8a8      0x348 CMakeFiles/lps_companion.dir/deps/FatFs/FatFs_SPI/sd_driver/sd_card.c.o
 .text.sd_sectors_nolock
                0x1000ebf0      0x174 CMakeFiles/lps_companion.dir/deps/FatFs/FatFs_SPI/sd_driver/sd_card.c.o
 .text.sd_read_blocks
                0x1000ed64      0x18c CMakeFiles/lps_companion.dir/deps/FatFs/FatFs_SPI/sd_driver/sd_card.c.o
                0x1000ed64                sd_read_blocks
 .text.sd_write_blocks
                0x1000eef0      0x1f8 CMakeFiles/lps_companion.dir/deps/FatFs/FatFs_SPI/sd_driver/sd_card.c.o
                0x1000eef0                sd_write_blocks
 .text.sd_init  0x1000f0e8      0x210 CMakeFiles/lps_companion.dir/deps/FatFs/FatFs_SPI/sd_driver/sd_card.c.o
 .text.sd_card_detect
                0x1000f2f8       0x48 CMakeFiles/lps_companion.dir/deps/FatFs/FatFs_SPI/sd_driver/sd_card.c.o
                0x1000f2f8                sd_card_detect
 .text.sd_sectors
                0x1000f340       0x30 CMakeFiles/lps_companion.dir/deps/FatFs/FatFs_SPI/sd_driver/sd_card.c.o
                0x1000f340                sd_sectors
 .text.sd_init_driver
                0x1000f370      0x110 CMakeFiles/lps_companion.dir/deps/FatFs/FatFs_SPI/sd_driver/sd_card.c.o
                0x1000f370                sd_init_driver
 .text.crc7     0x1000f480       0x28 CMakeFiles/lps_companion.dir/deps/FatFs/FatFs_SPI/sd_driver/crc.c.o
                0x1000f480                crc7
 .text.crc16    0x1000f4a8       0x30 CMakeFiles/lps_companion.dir/deps/FatFs/FatFs_SPI/sd_driver/crc.c.o
                0x1000f4a8                crc16
 .text.disk_status
                0x1000f4d8       0x18 CMakeFiles/lps_companion.dir/deps/FatFs/FatFs_SPI/src/glue.c.o
                0x1000f4d8                disk_status
 .text.disk_initialize
                0x1000f4f0       0x2c CMakeFiles/lps_companion.dir/deps/FatFs/FatFs_SPI/src/glue.c.o
                0x1000f4f0                disk_initialize
 .text.disk_read
                0x1000f51c       0x74 CMakeFiles/lps_companion.dir/deps/FatFs/FatFs_SPI/src/glue.c.o
                0x1000f51c                disk_read
 .text.disk_write
                0x1000f590       0x74 CMakeFiles/lps_companion.dir/deps/FatFs/FatFs_SPI/src/glue.c.o
                0x1000f590                disk_write
 .text.disk_ioctl
                0x1000f604       0x3c CMakeFiles/lps_companion.dir/deps/FatFs/FatFs_SPI/src/glue.c.o
                0x1000f604                disk_ioctl
 .text.get_fattime
                0x1000f640       0x60 CMakeFiles/lps_companion.dir/deps/FatFs/FatFs_SPI/src/rtc.c.o
                0x1000f640                get_fattime
 .text.dma_claim_unused_channel
                0x1000f6a0       0x20 CMakeFiles/lps_companion.dir/deps/pico-sdk/src/rp2_common/hardware_dma/dma.c.o
                0x1000f6a0                dma_claim_unused_channel
 .text.rtc_get_datetime
                0x1000f6c0       0x4c CMakeFiles/lps_companion.dir/deps/pico-sdk/src/rp2_common/hardware_rtc/rtc.c.o
                0x1000f6c0                rtc_get_datetime
 .text.__cxa_guard_acquire
                0x1000f70c       0x38 /usr/lib/gcc/arm-none-eabi/15.2.0/../../../../arm-none-eabi/lib/thumb/v6-m/nofp/libstdc++.a(guard.o)
                0x1000f70c                __cxa_guard_acquire
 .text.__cxa_guard_release
                0x1000f744        0x8 /usr/lib/gcc/arm-none-eabi/15.2.0/../../../../arm-none-eabi/lib/thumb/v6-m/nofp/libstdc++.a(guard.o)
                0x1000f744                __cxa_guard_release
 .text._ZN9__gnu_cxx20recursive_init_errorD2Ev
                0x1000f74c       0x14 /usr/lib/gcc/arm-none-eabi/15.2.0/../../../../arm-none-eabi/lib/thumb/v6-m/nofp/libstdc++.a(guard_error.o)
                0x1000f74c                __gnu_cxx::recursive_init_error::~recursive_init_error()
                0x1000f74c                __gnu_cxx::recursive_init_error::~recursive_init_error()
 .text._ZN9__gnu_cxx20recursive_init_errorD0Ev
                0x1000f760       0x1c /usr/lib/gcc/arm-none-eabi/15.2.0/../../../../arm-none-eabi/lib/thumb/v6-m/nofp/libstdc++.a(guard_error.o)
                0x1000f760                __gnu_cxx::recursive_init_error::~recursive_init_error()
 .text._ZN9__gnu_cxx20recursive_init_errorC2Ev
                0x1000f77c        0xc /usr/lib/gcc/arm-none-eabi/15.2.0/../../../../arm-none-eabi/lib/thumb/v6-m/nofp/libstdc++.a(guard_error.o)
                0x1000f77c                __gnu_cxx::recursive_init_error::recursive_init_error()
                0x1000f77c                __gnu_cxx::recursive_init_error::recursive_init_error()
 .text._ZN10__cxxabiv120__si_class_type_infoD2Ev
                0x1000f788       0x14 /usr/lib/gcc/arm-none-eabi/15.2.0/../../../../arm-none-eabi/lib/thumb/v6-m/nofp/libstdc++.a(si_class_type_info.o)
                0x1000f788                __cxxabiv1::__si_class_type_info::~__si_class_type_info()
                0x1000f788                __cxxabiv1::__si_class_type_info::~__si_class_type_info()
 .text._ZN10__cxxabiv120__si_class_type_infoD0Ev
                0x1000f79c       0x1c /usr/lib/gcc/arm-none-eabi/15.2.0/../../../../arm-none-eabi/lib/thumb/v6-m/nofp/libstdc++.a(si_class_type_info.o)
                0x1000f79c                __cxxabiv1::__si_class_type_info::~__si_class_type_info()
 .text._ZNK10__cxxabiv120__si_class_type_info20__do_find_public_srcEiPKvPKNS_17__class_type_infoES2_
                0x1000f7b8       0x38 /usr/lib/gcc/arm-none-eabi/15.2.0/../../../../arm-none-eabi/lib/thumb/v6-m/nofp/libstdc++.a(si_class_type_info.o)
                0x1000f7b8                __cxxabiv1::__si_class_type_info::__do_find_public_src(int, void const*, __cxxabiv1::__class_type_info const*, void const*) const
 .text._ZNK10__cxxabiv120__si_class_type_info12__do_dyncastEiNS_17__class_type_info10__sub_kindEPKS1_PKvS4_S6_RNS1_16__dyncast_resultE
                0x1000f7f0       0x8c /usr/lib/gcc/arm-none-eabi/15.2.0/../../../../arm-none-eabi/lib/thumb/v6-m/nofp/libstdc++.a(si_class_type_info.o)
                0x1000f7f0                __cxxabiv1::__si_class_type_info::__do_dyncast(int, __cxxabiv1::__class_type_info::__sub_kind, __cxxabiv1::__class_type_info const*, void const*, __cxxabiv1::__class_type_info const*, void const*, __cxxabiv1::__class_type_info::__dyncast_result&) const
 .text._ZNK10__cxxabiv120__si_class_type_info11__do_upcastEPKNS_17__class_type_infoEPKvRNS1_15__upcast_resultE
                0x1000f87c       0x24 /usr/lib/gcc/arm-none-eabi/15.2.0/../../../../arm-none-eabi/lib/thumb/v6-m/nofp/libstdc++.a(si_class_type_info.o)
                0x1000f87c                __cxxabiv1::__si_class_type_info::__do_upcast(__cxxabiv1::__class_type_info const*, void const*, __cxxabiv1::__class_type_info::__upcast_result&) const
 .text._ZNSt9type_infoD2Ev
                0x1000f8a0        0x4 /usr/lib/gcc/arm-none-eabi/15.2.0/../../../../arm-none-eabi/lib/thumb/v6-m/nofp/libstdc++.a(tinfo.o)
                0x1000f8a0                std::type_info::~type_info()
                0x1000f8a0                std::type_info::~type_info()
 .text._ZNKSt9type_info14__is_pointer_pEv
                0x1000f8a4        0x4 /usr/lib/gcc/arm-none-eabi/15.2.0/../../../../arm-none-eabi/lib/thumb/v6-m/nofp/libstdc++.a(tinfo.o)
                0x1000f8a4                std::type_info::__is_function_p() const
                0x1000f8a4                std::type_info::__is_pointer_p() const
 .text._ZNKSt9type_infoeqERKS_
                0x1000f8a8       0x30 /usr/lib/gcc/arm-none-eabi/15.2.0/../../../../arm-none-eabi/lib/thumb/v6-m/nofp/libstdc++.a(tinfo.o)
                0x1000f8a8                std::type_info::__equal(std::type_info const&) const
                0x1000f8a8                std::type_info::operator==(std::type_info const&) const
 .text._ZNK10__cxxabiv117__class_type_info11__do_upcastEPKS0_PPv
                0x1000f8d8       0x34 /usr/lib/gcc/arm-none-eabi/15.2.0/../../../../arm-none-eabi/lib/thumb/v6-m/nofp/libstdc++.a(class_type_info.o)
                0x1000f8d8                __cxxabiv1::__class_type_info::__do_upcast(__cxxabiv1::__class_type_info const*, void**) const
 .text._ZNK10__cxxabiv117__class_type_info20__do_find_public_srcEiPKvPKS0_S2_
                0x1000f90c       0x14 /usr/lib/gcc/arm-none-eabi/15.2.0/../../../../arm-none-eabi/lib/thumb/v6-m/nofp/libstdc++.a(class_type_info.o)
                0x1000f90c                __cxxabiv1::__class_type_info::__do_find_public_src(int, void const*, __cxxabiv1::__class_type_info const*, void const*) const
 .text._ZN10__cxxabiv117__class_type_infoD2Ev
                0x1000f920       0x14 /usr/lib/gcc/arm-none-eabi/15.2.0/../../../../arm-none-eabi/lib/thumb/v6-m/nofp/libstdc++.a(class_type_info.o)
                0x1000f920                __cxxabiv1::__class_type_info::~__class_type_info()
                0x1000f920                __cxxabiv1::__class_type_info::~__class_type_info()
 .text._ZN10__cxxabiv117__class_type_infoD0Ev
                0x1000f934       0x1c /usr/lib/gcc/arm-none-eabi/15.2.0/../../../../arm-none-eabi/lib/thumb/v6-m/nofp/libstdc++.a(class_type_info.o)
                0x1000f934                __cxxabiv1::__class_type_info::~__class_type_info()
 .text._ZNK10__cxxabiv117__class_type_info12__do_dyncastEiNS0_10__sub_kindEPKS0_PKvS3_S5_RNS0_16__dyncast_resultE
                0x1000f950       0x40 /usr/lib/gcc/arm-none-eabi/15.2.0/../../../../arm-none-eabi/lib/thumb/v6-m/nofp/libstdc++.a(class_type_info.o)
                0x1000f950                __cxxabiv1::__class_type_info::__do_dyncast(int, __cxxabiv1::__class_type_info::__sub_kind, __cxxabiv1::__class_type_info const*, void const*, __cxxabiv1::__class_type_info const*, void const*, __cxxabiv1::__class_type_info::__dyncast_result&) const
 .text._ZNK10__cxxabiv117__class_type_info11__do_upcastEPKS0_PKvRNS0_15__upcast_resultE
                0x1000f990       0x1c /usr/lib/gcc/arm-none-eabi/15.2.0/../../../../arm-none-eabi/lib/thumb/v6-m/nofp/libstdc++.a(class_type_info.o)
                0x1000f990                __cxxabiv1::__class_type_info::__do_upcast(__cxxabiv1::__class_type_info const*, void const*, __cxxabiv1::__class_type_info::__upcast_result&) const
 .text._ZNK10__cxxabiv117__class_type_info10__do_catchEPKSt9type_infoPPvj
                0x1000f9ac       0x24 /usr/lib/gcc/arm-none-eabi/15.2.0/../../../../arm-none-eabi/lib/thumb/v6-m/nofp/libstdc++.a(class_type_info.o)
                0x1000f9ac                __cxxabiv1::__class_type_info::__do_catch(std::type_info const*, void**, unsigned int) const
 .text._ZN12_GLOBAL__N_14pool4freeEPv.constprop.0
                0x1000f9d0       0x7c /usr/lib/gcc/arm-none-eabi/15.2.0/../../../../arm-none-eabi/lib/thumb/v6-m/nofp/libstdc++.a(eh_alloc.o)
 .text._ZN12_GLOBAL__N_14pool8allocateEj.constprop.0
                0x1000fa4c       0x5c /usr/lib/gcc/arm-none-eabi/15.2.0/../../../../arm-none-eabi/lib/thumb/v6-m/nofp/libstdc++.a(eh_alloc.o)
 .text.__cxa_allocate_exception
                0x1000faa8       0x2c /usr/lib/gcc/arm-none-eabi/15.2.0/../../../../arm-none-eabi/lib/thumb/v6-m/nofp/libstdc++.a(eh_alloc.o)
                0x1000faa8                __cxa_allocate_exception
 .text.__cxa_free_exception
                0x1000fad4       0x24 /usr/lib/gcc/arm-none-eabi/15.2.0/../../../../arm-none-eabi/lib/thumb/v6-m/nofp/libstdc++.a(eh_alloc.o)
                0x1000fad4                __cxa_free_exception
 .text.startup._GLOBAL__sub_I__ZN9__gnu_cxx9__freeresEv
                0x1000faf8      0x104 /usr/lib/gcc/arm-none-eabi/15.2.0/../../../../arm-none-eabi/lib/thumb/v6-m/nofp/libstdc++.a(eh_alloc.o)
 .text._ZNSt9exceptionD2Ev
                0x1000fbfc        0x4 /usr/lib/gcc/arm-none-eabi/15.2.0/../../../../arm-none-eabi/lib/thumb/v6-m/nofp/libstdc++.a(eh_exception.o)
                0x1000fbfc                std::exception::~exception()
                0x1000fbfc                std::exception::~exception()
 .text._ZNSt13bad_exceptionD2Ev
                0x1000fc00        0x4 /usr/lib/gcc/arm-none-eabi/15.2.0/../../../../arm-none-eabi/lib/thumb/v6-m/nofp/libstdc++.a(eh_exception.o)
                0x1000fc00                std::bad_exception::~bad_exception()
                0x1000fc00                std::bad_exception::~bad_exception()
 .text._ZNKSt9exception4whatEv
                0x1000fc04        0x8 /usr/lib/gcc/arm-none-eabi/15.2.0/../../../../arm-none-eabi/lib/thumb/v6-m/nofp/libstdc++.a(eh_exception.o)
                0x1000fc04                transaction clone for std::exception::what() const
                0x1000fc04                std::exception::what() const
 .text._ZNKSt13bad_exception4whatEv
                0x1000fc0c        0x8 /usr/lib/gcc/arm-none-eabi/15.2.0/../../../../arm-none-eabi/lib/thumb/v6-m/nofp/libstdc++.a(eh_exception.o)
                0x1000fc0c                transaction clone for std::bad_exception::what() const
                0x1000fc0c                std::bad_exception::what() const
 .text._ZNSt13bad_exceptionD0Ev
                0x1000fc14       0x10 /usr/lib/gcc/arm-none-eabi/15.2.0/../../../../arm-none-eabi/lib/thumb/v6-m/nofp/libstdc++.a(eh_exception.o)
                0x1000fc14                std::bad_exception::~bad_exception()
 .text._ZN10__cxxabiv111__terminateEPFvvE
                0x1000fc24       0x10 /usr/lib/gcc/arm-none-eabi/15.2.0/../../../../arm-none-eabi/lib/thumb/v6-m/nofp/libstdc++.a(eh_terminate.o)
                0x1000fc24                __cxxabiv1::__terminate(void (*)())
 .text.unlikely._ZSt9terminatev
                0x1000fc34       0x10 /usr/lib/gcc/arm-none-eabi/15.2.0/../../../../arm-none-eabi/lib/thumb/v6-m/nofp/libstdc++.a(eh_terminate.o)
                0x1000fc34                std::terminate()
 .text._ZN10__cxxabiv112__unexpectedEPFvvE
                0x1000fc44        0x8 /usr/lib/gcc/arm-none-eabi/15.2.0/../../../../arm-none-eabi/lib/thumb/v6-m/nofp/libstdc++.a(eh_terminate.o)
                0x1000fc44                __cxxabiv1::__unexpected(void (*)())
 .text.unlikely._ZSt10unexpectedv
                0x1000fc4c       0x10 /usr/lib/gcc/arm-none-eabi/15.2.0/../../../../arm-none-eabi/lib/thumb/v6-m/nofp/libstdc++.a(eh_terminate.o)
                0x1000fc4c                std::unexpected()
 .text._ZSt13get_terminatev
                0x1000fc5c        0xc /usr/lib/gcc/arm-none-eabi/15.2.0/../../../../arm-none-eabi/lib/thumb/v6-m/nofp/libstdc++.a(eh_terminate.o)
                0x1000fc5c                std::get_terminate()
 .text._ZSt14get_unexpectedv
                0x1000fc68        0xc /usr/lib/gcc/arm-none-eabi/15.2.0/../../../../arm-none-eabi/lib/thumb/v6-m/nofp/libstdc++.a(eh_terminate.o)
                0x1000fc68                std::get_unexpected()
 .text._ZL23__gxx_exception_cleanup19_Unwind_Reason_CodeP21_Unwind_Control_Block
                0x1000fc74       0x34 /usr/lib/gcc/arm-none-eabi/15.2.0/../../../../arm-none-eabi/lib/thumb/v6-m/nofp/libstdc++.a(eh_throw.o)
 .text.__cxa_init_primary_exception
                0x1000fca8       0x4c /usr/lib/gcc/arm-none-eabi/15.2.0/../../../../arm-none-eabi/lib/thumb/v6-m/nofp/libstdc++.a(eh_throw.o)
                0x1000fca8                __cxa_init_primary_exception
 .text.__cxa_throw
                0x1000fcf4       0x34 /usr/lib/gcc/arm-none-eabi/15.2.0/../../../../arm-none-eabi/lib/thumb/v6-m/nofp/libstdc++.a(eh_throw.o)
                0x1000fcf4                __cxa_throw
 .text.__cxa_rethrow
                0x1000fd28       0x70 /usr/lib/gcc/arm-none-eabi/15.2.0/../../../../arm-none-eabi/lib/thumb/v6-m/nofp/libstdc++.a(eh_throw.o)
                0x1000fd28                __cxa_rethrow
 .text._ZN9__gnu_cxx27__verbose_terminate_handlerEv
                0x1000fd98      0x110 /usr/lib/gcc/arm-none-eabi/15.2.0/../../../../arm-none-eabi/lib/thumb/v6-m/nofp/libstdc++.a(vterminate.o)
                0x1000fd98                __gnu_cxx::__verbose_terminate_handler()
 .text          0x1000fea8     0x7794 /usr/lib/gcc/arm-none-eabi/15.2.0/../../../../arm-none-eabi/lib/thumb/v6-m/nofp/libstdc++.a(cp-demangle.o)
                0x1001754c                __cxa_demangle
                0x1001761c                __gcclibcxx_demangle_callback
 .text.__cxa_end_cleanup
                0x1001763c        0xc /usr/lib/gcc/arm-none-eabi/15.2.0/../../../../arm-none-eabi/lib/thumb/v6-m/nofp/libstdc++.a(eh_arm.o)
                0x1001763c                __cxa_end_cleanup
 .text.__cxa_type_match
                0x10017648       0xbc /usr/lib/gcc/arm-none-eabi/15.2.0/../../../../arm-none-eabi/lib/thumb/v6-m/nofp/libstdc++.a(eh_arm.o)
                0x10017648                __cxa_type_match
 .text.__cxa_begin_cleanup
                0x10017704       0x60 /usr/lib/gcc/arm-none-eabi/15.2.0/../../../../arm-none-eabi/lib/thumb/v6-m/nofp/libstdc++.a(eh_arm.o)
                0x10017704                __cxa_begin_cleanup
 .text.__gnu_end_cleanup
                0x10017764       0x70 /usr/lib/gcc/arm-none-eabi/15.2.0/../../../../arm-none-eabi/lib/thumb/v6-m/nofp/libstdc++.a(eh_arm.o)
                0x10017764                __gnu_end_cleanup
 .text.__cxa_begin_catch
                0x100177d4       0x74 /usr/lib/gcc/arm-none-eabi/15.2.0/../../../../arm-none-eabi/lib/thumb/v6-m/nofp/libstdc++.a(eh_catch.o)
                0x100177d4                __cxa_begin_catch
 .text.__cxa_end_catch
                0x10017848       0x90 /usr/lib/gcc/arm-none-eabi/15.2.0/../../../../arm-none-eabi/lib/thumb/v6-m/nofp/libstdc++.a(eh_catch.o)
                0x10017848                __cxa_end_catch
 .text.__cxa_get_globals_fast
                0x100178d8        0x8 /usr/lib/gcc/arm-none-eabi/15.2.0/../../../../arm-none-eabi/lib/thumb/v6-m/nofp/libstdc++.a(eh_globals.o)
                0x100178d8                __cxa_get_globals_fast
 .text.__cxa_get_globals
                0x100178e0        0x8 /usr/lib/gcc/arm-none-eabi/15.2.0/../../../../arm-none-eabi/lib/thumb/v6-m/nofp/libstdc++.a(eh_globals.o)
                0x100178e0                __cxa_get_globals
 .text._ZL28read_encoded_value_with_basehjPKhPj
                0x100178e8       0xf0 /usr/lib/gcc/arm-none-eabi/15.2.0/../../../../arm-none-eabi/lib/thumb/v6-m/nofp/libstdc++.a(eh_personality.o)
 .text._ZL21base_of_encoded_valuehP15_Unwind_Context
                0x100179d8       0x44 /usr/lib/gcc/arm-none-eabi/15.2.0/../../../../arm-none-eabi/lib/thumb/v6-m/nofp/libstdc++.a(eh_personality.o)
 .text._ZL17parse_lsda_headerP15_Unwind_ContextPKhP16lsda_header_info
                0x10017a1c       0x90 /usr/lib/gcc/arm-none-eabi/15.2.0/../../../../arm-none-eabi/lib/thumb/v6-m/nofp/libstdc++.a(eh_personality.o)
 .text.__gxx_personality_v0
                0x10017aac      0x498 /usr/lib/gcc/arm-none-eabi/15.2.0/../../../../arm-none-eabi/lib/thumb/v6-m/nofp/libstdc++.a(eh_personality.o)
                0x10017aac                __gxx_personality_v0
 .text.__cxa_current_exception_type
                0x10017f44       0x20 /usr/lib/gcc/arm-none-eabi/15.2.0/../../../../arm-none-eabi/lib/thumb/v6-m/nofp/libstdc++.a(eh_type.o)
                0x10017f44                __cxa_current_exception_type
 .text.unlikely._ZN10__cxxabiv1L24__is_gxx_exception_classEPc
                0x10017f64       0x3a /usr/lib/gcc/arm-none-eabi/15.2.0/../../../../arm-none-eabi/lib/thumb/v6-m/nofp/libstdc++.a(eh_call.o)
 .text.unlikely.__cxa_call_terminate
                0x10017f9e       0x20 /usr/lib/gcc/arm-none-eabi/15.2.0/../../../../arm-none-eabi/lib/thumb/v6-m/nofp/libstdc++.a(eh_call.o)
                0x10017f9e                __cxa_call_terminate
 *fill*         0x10017fbe        0x2 
 .text.unlikely.__cxa_call_unexpected
                0x10017fc0       0xf4 /usr/lib/gcc/arm-none-eabi/15.2.0/../../../../arm-none-eabi/lib/thumb/v6-m/nofp/libstdc++.a(eh_call.o)
                0x10017fc0                __cxa_call_unexpected
 .text.abort    0x100180b4       0x10 /usr/lib/gcc/arm-none-eabi/15.2.0/../../../../arm-none-eabi/lib/thumb/v6-m/nofp/libg.a(libc_a-abort.o)
                0x100180b4                abort
 .text.atexit   0x100180c4       0x10 /usr/lib/gcc/arm-none-eabi/15.2.0/../../../../arm-none-eabi/lib/thumb/v6-m/nofp/libg.a(libc_a-atexit.o)
                0x100180c4                atexit
 .text.getenv   0x100180d4       0x18 /usr/lib/gcc/arm-none-eabi/15.2.0/../../../../arm-none-eabi/lib/thumb/v6-m/nofp/libg.a(libc_a-getenv.o)
                0x100180d4                getenv
 .text._findenv_r
                0x100180ec       0x8c /usr/lib/gcc/arm-none-eabi/15.2.0/../../../../arm-none-eabi/lib/thumb/v6-m/nofp/libg.a(libc_a-getenv_r.o)
                0x100180ec                _findenv_r
 .text.malloc   0x10018178       0x14 /usr/lib/gcc/arm-none-eabi/15.2.0/../../../../arm-none-eabi/lib/thumb/v6-m/nofp/libg.a(libc_a-malloc.o)
                0x10018178                malloc
 .text.free     0x1001818c       0x14 /usr/lib/gcc/arm-none-eabi/15.2.0/../../../../arm-none-eabi/lib/thumb/v6-m/nofp/libg.a(libc_a-malloc.o)
                0x1001818c                free
 .text._malloc_r
                0x100181a0      0x564 /usr/lib/gcc/arm-none-eabi/15.2.0/../../../../arm-none-eabi/lib/thumb/v6-m/nofp/libg.a(libc_a-mallocr.o)
                0x100181a0                _malloc_r
 .text.__malloc_lock
                0x10018704       0x10 /usr/lib/gcc/arm-none-eabi/15.2.0/../../../../arm-none-eabi/lib/thumb/v6-m/nofp/libg.a(libc_a-mlock.o)
                0x10018704                __malloc_lock
 .text.__malloc_unlock
                0x10018714       0x10 /usr/lib/gcc/arm-none-eabi/15.2.0/../../../../arm-none-eabi/lib/thumb/v6-m/nofp/libg.a(libc_a-mlock.o)
                0x10018714                __malloc_unlock
 .text.realloc  0x10018724       0x14 /usr/lib/gcc/arm-none-eabi/15.2.0/../../../../arm-none-eabi/lib/thumb/v6-m/nofp/libg.a(libc_a-realloc.o)
                0x10018724                realloc
 .text._realloc_r
                0x10018738      0x328 /usr/lib/gcc/arm-none-eabi/15.2.0/../../../../arm-none-eabi/lib/thumb/v6-m/nofp/libg.a(libc_a-reallocr.o)
                0x10018738                _realloc_r
 .text._strtoul_l.isra.0
                0x10018a60      0x144 /usr/lib/gcc/arm-none-eabi/15.2.0/../../../../arm-none-eabi/lib/thumb/v6-m/nofp/libg.a(libc_a-strtoul.o)
 .text.strtoul  0x10018ba4       0x18 /usr/lib/gcc/arm-none-eabi/15.2.0/../../../../arm-none-eabi/lib/thumb/v6-m/nofp/libg.a(libc_a-strtoul.o)
                0x10018ba4                strtoul
 .text.__sflush_r
                0x10018bbc      0x148 /usr/lib/gcc/arm-none-eabi/15.2.0/../../../../arm-none-eabi/lib/thumb/v6-m/nofp/libg.a(libc_a-fflush.o)
                0x10018bbc                __sflush_r
 .text._fflush_r
                0x10018d04       0x68 /usr/lib/gcc/arm-none-eabi/15.2.0/../../../../arm-none-eabi/lib/thumb/v6-m/nofp/libg.a(libc_a-fflush.o)
                0x10018d04                _fflush_r
 .text.stdio_exit_handler
                0x10018d6c       0x1c /usr/lib/gcc/arm-none-eabi/15.2.0/../../../../arm-none-eabi/lib/thumb/v6-m/nofp/libg.a(libc_a-findfp.o)
 .text.cleanup_stdio
                0x10018d88       0x3c /usr/lib/gcc/arm-none-eabi/15.2.0/../../../../arm-none-eabi/lib/thumb/v6-m/nofp/libg.a(libc_a-findfp.o)
 .text.global_stdio_init.part.0
                0x10018dc4      0x110 /usr/lib/gcc/arm-none-eabi/15.2.0/../../../../arm-none-eabi/lib/thumb/v6-m/nofp/libg.a(libc_a-findfp.o)
 .text.__sinit  0x10018ed4       0x38 /usr/lib/gcc/arm-none-eabi/15.2.0/../../../../arm-none-eabi/lib/thumb/v6-m/nofp/libg.a(libc_a-findfp.o)
                0x10018ed4                __sinit
 .text.__sfp_lock_acquire
                0x10018f0c       0x10 /usr/lib/gcc/arm-none-eabi/15.2.0/../../../../arm-none-eabi/lib/thumb/v6-m/nofp/libg.a(libc_a-findfp.o)
                0x10018f0c                __sfp_lock_acquire
 .text.__sfp_lock_release
                0x10018f1c       0x10 /usr/lib/gcc/arm-none-eabi/15.2.0/../../../../arm-none-eabi/lib/thumb/v6-m/nofp/libg.a(libc_a-findfp.o)
                0x10018f1c                __sfp_lock_release
 .text.fputc    0x10018f2c       0x58 /usr/lib/gcc/arm-none-eabi/15.2.0/../../../../arm-none-eabi/lib/thumb/v6-m/nofp/libg.a(libc_a-fputc.o)
                0x10018f2c                fputc
 .text._fputs_r
                0x10018f84       0xb4 /usr/lib/gcc/arm-none-eabi/15.2.0/../../../../arm-none-eabi/lib/thumb/v6-m/nofp/libg.a(libc_a-fputs.o)
                0x10018f84                _fputs_r
 .text.fputs    0x10019038       0x14 /usr/lib/gcc/arm-none-eabi/15.2.0/../../../../arm-none-eabi/lib/thumb/v6-m/nofp/libg.a(libc_a-fputs.o)
                0x10019038                fputs
 .text.__sfvwrite_r
                0x1001904c      0x300 /usr/lib/gcc/arm-none-eabi/15.2.0/../../../../arm-none-eabi/lib/thumb/v6-m/nofp/libg.a(libc_a-fvwrite.o)
                0x1001904c                __sfvwrite_r
 .text._fwalk_sglue
                0x1001934c       0x44 /usr/lib/gcc/arm-none-eabi/15.2.0/../../../../arm-none-eabi/lib/thumb/v6-m/nofp/libg.a(libc_a-fwalk.o)
                0x1001934c                _fwalk_sglue
 .text._fwrite_r
                0x10019390       0xe8 /usr/lib/gcc/arm-none-eabi/15.2.0/../../../../arm-none-eabi/lib/thumb/v6-m/nofp/libg.a(libc_a-fwrite.o)
                0x10019390                _fwrite_r
 .text.fwrite   0x10019478       0x20 /usr/lib/gcc/arm-none-eabi/15.2.0/../../../../arm-none-eabi/lib/thumb/v6-m/nofp/libg.a(libc_a-fwrite.o)
                0x10019478                fwrite
 .text._putc_r  0x10019498       0x74 /usr/lib/gcc/arm-none-eabi/15.2.0/../../../../arm-none-eabi/lib/thumb/v6-m/nofp/libg.a(libc_a-putc.o)
                0x10019498                _putc_r
 .text.__sread  0x1001950c       0x28 /usr/lib/gcc/arm-none-eabi/15.2.0/../../../../arm-none-eabi/lib/thumb/v6-m/nofp/libg.a(libc_a-stdio.o)
                0x1001950c                __sread
 .text.__swrite
                0x10019534       0x40 /usr/lib/gcc/arm-none-eabi/15.2.0/../../../../arm-none-eabi/lib/thumb/v6-m/nofp/libg.a(libc_a-stdio.o)
                0x10019534                __swrite
 .text.__sseek  0x10019574       0x2c /usr/lib/gcc/arm-none-eabi/15.2.0/../../../../arm-none-eabi/lib/thumb/v6-m/nofp/libg.a(libc_a-stdio.o)
                0x10019574                __sseek
 .text.__sclose
                0x100195a0        0xc /usr/lib/gcc/arm-none-eabi/15.2.0/../../../../arm-none-eabi/lib/thumb/v6-m/nofp/libg.a(libc_a-stdio.o)
                0x100195a0                __sclose
 .text.__swbuf_r
                0x100195ac       0xb8 /usr/lib/gcc/arm-none-eabi/15.2.0/../../../../arm-none-eabi/lib/thumb/v6-m/nofp/libg.a(libc_a-wbuf.o)
                0x100195ac                __swbuf_r
 .text.__swsetup_r
                0x10019664       0xd4 /usr/lib/gcc/arm-none-eabi/15.2.0/../../../../arm-none-eabi/lib/thumb/v6-m/nofp/libg.a(libc_a-wsetup.o)
                0x10019664                __swsetup_r
 .text.memcmp   0x10019738       0x44 /usr/lib/gcc/arm-none-eabi/15.2.0/../../../../arm-none-eabi/lib/thumb/v6-m/nofp/libg.a(libc_a-memcmp.o)
                0x10019738                memcmp
 .text.memmove  0x1001977c       0xc8 /usr/lib/gcc/arm-none-eabi/15.2.0/../../../../arm-none-eabi/lib/thumb/v6-m/nofp/libg.a(libc_a-memmove.o)
                0x1001977c                memmove
 .text.strchr   0x10019844       0xb4 /usr/lib/gcc/arm-none-eabi/15.2.0/../../../../arm-none-eabi/lib/thumb/v6-m/nofp/libg.a(libc_a-strchr.o)
                0x10019844                strchr
 .text.strncmp  0x100198f8       0x6c /usr/lib/gcc/arm-none-eabi/15.2.0/../../../../arm-none-eabi/lib/thumb/v6-m/nofp/libg.a(libc_a-strncmp.o)
                0x100198f8                strncmp
 .text.raise    0x10019964       0x5c /usr/lib/gcc/arm-none-eabi/15.2.0/../../../../arm-none-eabi/lib/thumb/v6-m/nofp/libg.a(libc_a-signal.o)
                0x10019964                raise
 .text._close_r
                0x100199c0       0x24 /usr/lib/gcc/arm-none-eabi/15.2.0/../../../../arm-none-eabi/lib/thumb/v6-m/nofp/libg.a(libc_a-closer.o)
                0x100199c0                _close_r
 .text._lseek_r
                0x100199e4       0x28 /usr/lib/gcc/arm-none-eabi/15.2.0/../../../../arm-none-eabi/lib/thumb/v6-m/nofp/libg.a(libc_a-lseekr.o)
                0x100199e4                _lseek_r
 .text._read_r  0x10019a0c       0x28 /usr/lib/gcc/arm-none-eabi/15.2.0/../../../../arm-none-eabi/lib/thumb/v6-m/nofp/libg.a(libc_a-readr.o)
                0x10019a0c                _read_r
 .text._kill_r  0x10019a34       0x28 /usr/lib/gcc/arm-none-eabi/15.2.0/../../../../arm-none-eabi/lib/thumb/v6-m/nofp/libg.a(libc_a-signalr.o)
                0x10019a34                _kill_r
 .text._getpid_r
                0x10019a5c        0x8 /usr/lib/gcc/arm-none-eabi/15.2.0/../../../../arm-none-eabi/lib/thumb/v6-m/nofp/libg.a(libc_a-signalr.o)
                0x10019a5c                _getpid_r
 .text._sbrk_r  0x10019a64       0x24 /usr/lib/gcc/arm-none-eabi/15.2.0/../../../../arm-none-eabi/lib/thumb/v6-m/nofp/libg.a(libc_a-sbrkr.o)
                0x10019a64                _sbrk_r
 .text._write_r
                0x10019a88       0x28 /usr/lib/gcc/arm-none-eabi/15.2.0/../../../../arm-none-eabi/lib/thumb/v6-m/nofp/libg.a(libc_a-writer.o)
                0x10019a88                _write_r
 .text.__errno  0x10019ab0        0xc /usr/lib/gcc/arm-none-eabi/15.2.0/../../../../arm-none-eabi/lib/thumb/v6-m/nofp/libg.a(libc_a-errno.o)
                0x10019ab0                __errno
 .text.__libc_fini_array
                0x10019abc       0x28 /usr/lib/gcc/arm-none-eabi/15.2.0/../../../../arm-none-eabi/lib/thumb/v6-m/nofp/libg.a(libc_a-fini.o)
                0x10019abc                __libc_fini_array
 .text.__retarget_lock_init_recursive
                0x10019ae4        0x4 /usr/lib/gcc/arm-none-eabi/15.2.0/../../../../arm-none-eabi/lib/thumb/v6-m/nofp/libg.a(libc_a-lock.o)
                0x10019ae4                __retarget_lock_init_recursive
 .text.__retarget_lock_close_recursive
                0x10019ae8        0x4 /usr/lib/gcc/arm-none-eabi/15.2.0/../../../../arm-none-eabi/lib/thumb/v6-m/nofp/libg.a(libc_a-lock.o)
                0x10019ae8                __retarget_lock_close_recursive
 .text.__retarget_lock_acquire_recursive
                0x10019aec        0x4 /usr/lib/gcc/arm-none-eabi/15.2.0/../../../../arm-none-eabi/lib/thumb/v6-m/nofp/libg.a(libc_a-lock.o)
                0x10019aec                __retarget_lock_acquire_recursive
 .text.__retarget_lock_release_recursive
                0x10019af0        0x4 /usr/lib/gcc/arm-none-eabi/15.2.0/../../../../arm-none-eabi/lib/thumb/v6-m/nofp/libg.a(libc_a-lock.o)
                0x10019af0                __retarget_lock_release_recursive
 .text.sysconf  0x10019af4       0x1c /usr/lib/gcc/arm-none-eabi/15.2.0/../../../../arm-none-eabi/lib/thumb/v6-m/nofp/libg.a(libc_a-sysconf.o)
                0x10019af4                sysconf
 .text          0x10019b10       0x88 /usr/lib/gcc/arm-none-eabi/15.2.0/../../../../arm-none-eabi/lib/thumb/v6-m/nofp/libg.a(libc_a-strcmp.o)
                0x10019b10                strcmp
 .text.memchr   0x10019b98       0x70 /usr/lib/gcc/arm-none-eabi/15.2.0/../../../../arm-none-eabi/lib/thumb/v6-m/nofp/libg.a(libc_a-memchr-stub.o)
                0x10019b98                memchr
 .text.strlen   0x10019c08       0x60 /usr/lib/gcc/arm-none-eabi/15.2.0/../../../../arm-none-eabi/lib/thumb/v6-m/nofp/libg.a(libc_a-strlen-stub.o)
                0x10019c08                strlen
 .text.__register_exitproc
                0x10019c68       0x94 /usr/lib/gcc/arm-none-eabi/15.2.0/../../../../arm-none-eabi/lib/thumb/v6-m/nofp/libg.a(libc_a-__atexit.o)
                0x10019c68                __register_exitproc
 .text.startup.register_fini
                0x10019cfc       0x18 /usr/lib/gcc/arm-none-eabi/15.2.0/../../../../arm-none-eabi/lib/thumb/v6-m/nofp/libg.a(libc_a-__call_atexit.o)
 .text.__env_lock
                0x10019d14       0x10 /usr/lib/gcc/arm-none-eabi/15.2.0/../../../../arm-none-eabi/lib/thumb/v6-m/nofp/libg.a(libc_a-envlock.o)
                0x10019d14                __env_lock
 .text.__env_unlock
                0x10019d24       0x10 /usr/lib/gcc/arm-none-eabi/15.2.0/../../../../arm-none-eabi/lib/thumb/v6-m/nofp/libg.a(libc_a-envlock.o)
                0x10019d24                __env_unlock
 .text._malloc_trim_r
                0x10019d34       0xb0 /usr/lib/gcc/arm-none-eabi/15.2.0/../../../../arm-none-eabi/lib/thumb/v6-m/nofp/libg.a(libc_a-freer.o)
                0x10019d34                _malloc_trim_r
 .text._free_r  0x10019de4      0x1d4 /usr/lib/gcc/arm-none-eabi/15.2.0/../../../../arm-none-eabi/lib/thumb/v6-m/nofp/libg.a(libc_a-freer.o)
                0x10019de4                _free_r
 .text._fclose_r
                0x10019fb8       0xd0 /usr/lib/gcc/arm-none-eabi/15.2.0/../../../../arm-none-eabi/lib/thumb/v6-m/nofp/libg.a(libc_a-fclose.o)
                0x10019fb8                _fclose_r
 .text.__smakebuf_r
                0x1001a088       0xd8 /usr/lib/gcc/arm-none-eabi/15.2.0/../../../../arm-none-eabi/lib/thumb/v6-m/nofp/libg.a(libc_a-makebuf.o)
                0x1001a088                __smakebuf_r
 .text._fstat_r
                0x1001a160       0x28 /usr/lib/gcc/arm-none-eabi/15.2.0/../../../../arm-none-eabi/lib/thumb/v6-m/nofp/libg.a(libc_a-fstatr.o)
                0x1001a160                _fstat_r
 .text._isatty_r
                0x1001a188       0x24 /usr/lib/gcc/arm-none-eabi/15.2.0/../../../../arm-none-eabi/lib/thumb/v6-m/nofp/libg.a(libc_a-isattyr.o)
                0x1001a188                _isatty_r
 *(.fini)
 .fini          0x1001a1ac        0x4 /usr/lib/gcc/arm-none-eabi/15.2.0/thumb/v6-m/nofp/crti.o
                0x1001a1ac                _fini
 .fini.__stub   0x1001a1b0      0x130 linker stubs
 *crtbegin.o(.ctors)
 *crtbegin?.o(.ctors)
 *(EXCLUDE_FILE(*crtend.o *crtend?.o) .ctors)
 *(SORT_BY_NAME(.ctors.*))
 *(.ctors)
 *crtbegin.o(.dtors)
 *crtbegin?.o(.dtors)
 *(EXCLUDE_FILE(*crtend.o *crtend?.o) .dtors)
 *(SORT_BY_NAME(.dtors.*))
 *(.dtors)
                0x1001a2e0                        . = ALIGN (0x4)
                0x1001a2e0                        PROVIDE (__preinit_array_start = .)
 *(SORT_BY_NAME(.preinit_array.*))
 .preinit_array.00100
                0x1001a2e0        0x4 CMakeFiles/lps_companion.dir/deps/pico-sdk/src/rp2_common/pico_runtime_init/runtime_init.c.o
                0x1001a2e0                __pre_init_runtime_init_early_resets
 .preinit_array.00101
                0x1001a2e4        0x4 CMakeFiles/lps_companion.dir/deps/pico-sdk/src/rp2_common/pico_runtime_init/runtime_init.c.o
                0x1001a2e4                __pre_init_runtime_init_usb_power_down
 .preinit_array.00275
                0x1001a2e8        0x4 CMakeFiles/lps_companion.dir/deps/pico-sdk/src/rp2_common/pico_bit_ops/bit_ops_aeabi.S.o
 .preinit_array.00300
                0x1001a2ec        0x4 CMakeFiles/lps_companion.dir/deps/pico-sdk/src/rp2_common/pico_mem_ops/mem_ops_aeabi.S.o
 .preinit_array.00350
                0x1001a2f0        0x4 CMakeFiles/lps_companion.dir/deps/pico-sdk/src/rp2_common/pico_double/double_aeabi_rp2040.S.o
 .preinit_array.00350
                0x1001a2f4        0x4 CMakeFiles/lps_companion.dir/deps/pico-sdk/src/rp2_common/pico_float/float_aeabi_rp2040.S.o
 .preinit_array.00500
                0x1001a2f8        0x4 CMakeFiles/lps_companion.dir/deps/pico-sdk/src/rp2_common/pico_runtime_init/runtime_init.c.o
                0x1001a2f8                __pre_init_runtime_init_clocks
 .preinit_array.00600
                0x1001a2fc        0x4 CMakeFiles/lps_companion.dir/deps/pico-sdk/src/rp2_common/pico_runtime_init/runtime_init.c.o
                0x1001a2fc                __pre_init_runtime_init_post_clock_resets
 .preinit_array.00700
                0x1001a300        0x4 CMakeFiles/lps_companion.dir/deps/pico-sdk/src/rp2_common/pico_runtime_init/runtime_init.c.o
                0x1001a300                __pre_init_runtime_init_rp2040_gpio_ie_disable
 .preinit_array.01000
                0x1001a304        0x4 CMakeFiles/lps_companion.dir/deps/pico-sdk/src/rp2_common/pico_runtime_init/runtime_init.c.o
                0x1001a304                __pre_init_runtime_init_spin_locks_reset
 .preinit_array.01100
                0x1001a308        0x4 CMakeFiles/lps_companion.dir/deps/pico-sdk/src/common/pico_sync/mutex.c.o
                0x1001a308                __pre_init_runtime_init_mutex
 .preinit_array.10080
                0x1001a30c        0x4 CMakeFiles/lps_companion.dir/deps/pico-sdk/src/rp2_common/pico_runtime_init/runtime_init.c.o
                0x1001a30c                __pre_init_runtime_init_install_ram_vector_table
 .preinit_array.11000
                0x1001a310        0x4 CMakeFiles/lps_companion.dir/deps/pico-sdk/src/common/pico_time/time.c.o
                0x1001a310                __pre_init_runtime_init_default_alarm_pool
 .preinit_array.YYYYY
                0x1001a314        0x4 CMakeFiles/lps_companion.dir/deps/pico-sdk/src/rp2_common/pico_runtime/runtime.c.o
                0x1001a314                __pre_init_first_per_core_initializer
 .preinit_array.ZZZZZ.01200
                0x1001a318        0x4 CMakeFiles/lps_companion.dir/deps/pico-sdk/src/rp2_common/hardware_irq/irq.c.o
                0x1001a318                __pre_init_runtime_init_per_core_irq_priorities
 *(.preinit_array)
                0x1001a31c                        PROVIDE (__preinit_array_end = .)
                0x1001a31c                        . = ALIGN (0x4)
                0x1001a31c                        PROVIDE (__init_array_start = .)
 *(SORT_BY_NAME(.init_array.*))
 .init_array.00000
                0x1001a31c        0x4 /usr/lib/gcc/arm-none-eabi/15.2.0/../../../../arm-none-eabi/lib/thumb/v6-m/nofp/libg.a(libc_a-__call_atexit.o)
 *(.init_array)
 .init_array    0x1001a320        0x4 /usr/lib/gcc/arm-none-eabi/15.2.0/thumb/v6-m/nofp/crtbegin.o
 .init_array    0x1001a324        0x4 /usr/lib/gcc/arm-none-eabi/15.2.0/../../../../arm-none-eabi/lib/thumb/v6-m/nofp/libstdc++.a(eh_alloc.o)
                0x1001a328                        PROVIDE (__init_array_end = .)
                0x1001a328                        . = ALIGN (0x4)
                0x1001a328                        PROVIDE (__fini_array_start = .)
 *(SORT_BY_NAME(.fini_array.*))
 *(.fini_array)
                0x1001a328                        PROVIDE (__fini_array_end = .)
 *(.eh_frame*)
 .eh_frame      0x1001a328        0x0 /usr/lib/gcc/arm-none-eabi/15.2.0/thumb/v6-m/nofp/crtbegin.o
                0x1001a328                        . = ALIGN (0x4)

.glue_7         0x1001a328        0x0
 .glue_7        0x1001a328        0x0 linker stubs

.glue_7t        0x1001a328        0x0
 .glue_7t       0x1001a328        0x0 linker stubs

.vfp11_veneer   0x1001a328        0x0
 .vfp11_veneer  0x1001a328        0x0 linker stubs

.v4_bx          0x1001a328        0x0
 .v4_bx         0x1001a328        0x0 linker stubs

.iplt           0x1001a328        0x0
 .iplt          0x1001a328        0x0 /usr/lib/gcc/arm-none-eabi/15.2.0/thumb/v6-m/nofp/crtbegin.o

.rodata         0x1001a328     0x38d4
 *(EXCLUDE_FILE(*libm.a: *libc.a:*lib_a-mem*.o *libgcc.a:) .rodata*)
 .rodata._ZN3lps10weightTextElPcj.str1.4
                0x1001a328     0x1094 CMakeFiles/lps_companion.dir/src/main.cpp.o
                                  0xe (size before relaxing)
 .rodata._ZN12_GLOBAL__N_18PicoCalc4saveEPKhj.str1.4
                0x1001b3bc        0x0 CMakeFiles/lps_companion.dir/src/main.cpp.o
                                  0x7 (size before relaxing)
 .rodata._ZN3lps3App6renderEv.str1.4
                0x1001b3bc        0x0 CMakeFiles/lps_companion.dir/src/main.cpp.o
                                0x2f6 (size before relaxing)
 .rodata._ZN3lps3App6renderEv
                0x1001b3bc       0x30 CMakeFiles/lps_companion.dir/src/main.cpp.o
 .rodata._ZN3lps3App5startEv.str1.4
                0x1001b3ec        0x0 CMakeFiles/lps_companion.dir/src/main.cpp.o
                                 0x25 (size before relaxing)
 .rodata._ZN3lps3App3keyEi.str1.4
                0x1001b3ec        0x0 CMakeFiles/lps_companion.dir/src/main.cpp.o
                                 0x88 (size before relaxing)
 .rodata._ZN3lps3App3keyEi
                0x1001b3ec       0x1c CMakeFiles/lps_companion.dir/src/main.cpp.o
 .rodata.main.str1.4
                0x1001b408        0x0 CMakeFiles/lps_companion.dir/src/main.cpp.o
                                 0x37 (size before relaxing)
 .rodata.main   0x1001b408       0x1c CMakeFiles/lps_companion.dir/src/main.cpp.o
 .rodata.str1.4
                0x1001b424        0x0 CMakeFiles/lps_companion.dir/src/main.cpp.o
                                0x120 (size before relaxing)
 .rodata._ZTVN12_GLOBAL__N_18PicoCalcE
                0x1001b424       0x24 CMakeFiles/lps_companion.dir/src/main.cpp.o
 .rodata._ZN12_GLOBAL__N_1L5pathsE
                0x1001b448        0x8 CMakeFiles/lps_companion.dir/src/main.cpp.o
 .rodata._ZN3lpsL5GiftsE
                0x1001b450       0x30 CMakeFiles/lps_companion.dir/src/main.cpp.o
 .rodata._ZN3lpsL10ActivitiesE
                0x1001b480       0x24 CMakeFiles/lps_companion.dir/src/main.cpp.o
 .rodata        0x1001b4a4       0x28 CMakeFiles/lps_companion.dir/src/main.cpp.o
 .rodata.str1.4
                0x1001b4cc        0x0 CMakeFiles/lps_companion.dir/src/hw_config.c.o
                                  0x3 (size before relaxing)
 .rodata.font1  0x1001b4cc      0xa84 CMakeFiles/lps_companion.dir/deps/PicoCalc/Code/picocalc_helloworld/lcdspi/lcdspi.c.o
                0x1001b4cc                font1
 .rodata.read_i2c_kbd.str1.4
                0x1001bf50        0x0 CMakeFiles/lps_companion.dir/deps/PicoCalc/Code/picocalc_helloworld/i2ckbd/i2ckbd.c.o
                                 0x41 (size before relaxing)
 .rodata.panic.str1.4
                0x1001bf50        0x0 CMakeFiles/lps_companion.dir/deps/pico-sdk/src/rp2_common/pico_platform_panic/panic.c.o
                                 0x12 (size before relaxing)
 .rodata.at_the_end_of_time
                0x1001bf50        0x8 CMakeFiles/lps_companion.dir/deps/pico-sdk/src/common/pico_time/time.c.o
                0x1001bf50                at_the_end_of_time
 .rodata.timer_hardware_alarm_claim.str1.4
                0x1001bf58        0x0 CMakeFiles/lps_companion.dir/deps/pico-sdk/src/rp2_common/hardware_timer/timer.c.o
                                 0x22 (size before relaxing)
 .rodata.hard_assertion_failure.str1.4
                0x1001bf58        0x0 CMakeFiles/lps_companion.dir/deps/pico-sdk/src/rp2_common/pico_runtime/runtime.c.o
                                  0xc (size before relaxing)
 .rodata.__wrap_malloc.str1.4
                0x1001bf58        0x0 CMakeFiles/lps_companion.dir/deps/pico-sdk/src/rp2_common/pico_malloc/malloc.c.o
                                  0xe (size before relaxing)
 .rodata.str1.4
                0x1001bf58        0x0 CMakeFiles/lps_companion.dir/deps/pico-sdk/src/rp2_common/pico_standard_binary_info/standard_binary_info.c.o
                                 0x44 (size before relaxing)
 .rodata.__bi_84
                0x1001bf58        0xc CMakeFiles/lps_companion.dir/deps/pico-sdk/src/rp2_common/pico_standard_binary_info/standard_binary_info.c.o
 .rodata.__bi_78
                0x1001bf64        0xc CMakeFiles/lps_companion.dir/deps/pico-sdk/src/rp2_common/pico_standard_binary_info/standard_binary_info.c.o
 .rodata.__bi_54
                0x1001bf70        0xc CMakeFiles/lps_companion.dir/deps/pico-sdk/src/rp2_common/pico_standard_binary_info/standard_binary_info.c.o
 .rodata.__bi_48
                0x1001bf7c        0xc CMakeFiles/lps_companion.dir/deps/pico-sdk/src/rp2_common/pico_standard_binary_info/standard_binary_info.c.o
 .rodata.__bi_42
                0x1001bf88        0xc CMakeFiles/lps_companion.dir/deps/pico-sdk/src/rp2_common/pico_standard_binary_info/standard_binary_info.c.o
 .rodata.__bi_34
                0x1001bf94        0xc CMakeFiles/lps_companion.dir/deps/pico-sdk/src/rp2_common/pico_standard_binary_info/standard_binary_info.c.o
 .rodata.__bi_26
                0x1001bfa0        0xc CMakeFiles/lps_companion.dir/deps/pico-sdk/src/rp2_common/pico_standard_binary_info/standard_binary_info.c.o
 .rodata._ftoa.str1.4
                0x1001bfac        0x0 CMakeFiles/lps_companion.dir/deps/pico-sdk/src/rp2_common/pico_printf/printf.c.o
                                 0x15 (size before relaxing)
 .rodata._vsnprintf
                0x1001bfac      0x19c CMakeFiles/lps_companion.dir/deps/pico-sdk/src/rp2_common/pico_printf/printf.c.o
 .rodata.pow10.0
                0x1001c148       0x50 CMakeFiles/lps_companion.dir/deps/pico-sdk/src/rp2_common/pico_printf/printf.c.o
 .rodata.crlf_str.0
                0x1001c198        0x2 CMakeFiles/lps_companion.dir/deps/pico-sdk/src/rp2_common/pico_stdio/stdio.c.o
 *fill*         0x1001c19a        0x2 
 .rodata.ff_wtoupper
                0x1001c19c       0x24 CMakeFiles/lps_companion.dir/deps/FatFs/FatFs_SPI/ff15/source/ffunicode.c.o
 .rodata.cvt2.0
                0x1001c1c0       0xbc CMakeFiles/lps_companion.dir/deps/FatFs/FatFs_SPI/ff15/source/ffunicode.c.o
 .rodata.cvt1.1
                0x1001c27c      0x1f2 CMakeFiles/lps_companion.dir/deps/FatFs/FatFs_SPI/ff15/source/ffunicode.c.o
 *fill*         0x1001c46e        0x2 
 .rodata.uc437  0x1001c470      0x100 CMakeFiles/lps_companion.dir/deps/FatFs/FatFs_SPI/ff15/source/ffunicode.c.o
 .rodata.check_fs.str1.4
                0x1001c570        0x0 CMakeFiles/lps_companion.dir/deps/FatFs/FatFs_SPI/ff15/source/ff.c.o
                                 0x15 (size before relaxing)
 .rodata.follow_path.str1.4
                0x1001c570        0x0 CMakeFiles/lps_companion.dir/deps/FatFs/FatFs_SPI/ff15/source/ff.c.o
                                 0x13 (size before relaxing)
 .rodata.ExCvt  0x1001c570       0x80 CMakeFiles/lps_companion.dir/deps/FatFs/FatFs_SPI/ff15/source/ff.c.o
 .rodata.LfnOfs
                0x1001c5f0        0xd CMakeFiles/lps_companion.dir/deps/FatFs/FatFs_SPI/ff15/source/ff.c.o
 *fill*         0x1001c5fd        0x3 
 .rodata.GUID_MS_Basic
                0x1001c600       0x10 CMakeFiles/lps_companion.dir/deps/FatFs/FatFs_SPI/ff15/source/ff.c.o
 .rodata        0x1001c610       0x2c CMakeFiles/lps_companion.dir/deps/FatFs/FatFs_SPI/ff15/source/ff.c.o
 .rodata.dummy.2
                0x1001c63c        0x1 CMakeFiles/lps_companion.dir/deps/FatFs/FatFs_SPI/sd_driver/spi.c.o
 .rodata.sd_init.str1.4
                0x1001c63d        0x0 CMakeFiles/lps_companion.dir/deps/FatFs/FatFs_SPI/sd_driver/sd_card.c.o
                                 0x16 (size before relaxing)
 *fill*         0x1001c63d        0x3 
 .rodata.m_Crc16Table
                0x1001c640      0x200 CMakeFiles/lps_companion.dir/deps/FatFs/FatFs_SPI/sd_driver/crc.c.o
 .rodata.m_Crc7Table
                0x1001c840      0x100 CMakeFiles/lps_companion.dir/deps/FatFs/FatFs_SPI/sd_driver/crc.c.o
 .rodata.dma_claim_unused_channel.str1.4
                0x1001c940        0x0 CMakeFiles/lps_companion.dir/deps/pico-sdk/src/rp2_common/hardware_dma/dma.c.o
                                 0x1e (size before relaxing)
 .rodata._ZTSN9__gnu_cxx20recursive_init_errorE
                0x1001c940       0x23 /usr/lib/gcc/arm-none-eabi/15.2.0/../../../../arm-none-eabi/lib/thumb/v6-m/nofp/libstdc++.a(guard_error.o)
                0x1001c940                typeinfo name for __gnu_cxx::recursive_init_error
 *fill*         0x1001c963        0x1 
 .rodata._ZTIN9__gnu_cxx20recursive_init_errorE
                0x1001c964        0xc /usr/lib/gcc/arm-none-eabi/15.2.0/../../../../arm-none-eabi/lib/thumb/v6-m/nofp/libstdc++.a(guard_error.o)
                0x1001c964                typeinfo for __gnu_cxx::recursive_init_error
 .rodata._ZTVN9__gnu_cxx20recursive_init_errorE
                0x1001c970       0x14 /usr/lib/gcc/arm-none-eabi/15.2.0/../../../../arm-none-eabi/lib/thumb/v6-m/nofp/libstdc++.a(guard_error.o)
                0x1001c970                vtable for __gnu_cxx::recursive_init_error
 .rodata._ZTSN10__cxxabiv120__si_class_type_infoE
                0x1001c984       0x25 /usr/lib/gcc/arm-none-eabi/15.2.0/../../../../arm-none-eabi/lib/thumb/v6-m/nofp/libstdc++.a(si_class_type_info.o)
                0x1001c984                typeinfo name for __cxxabiv1::__si_class_type_info
 *fill*         0x1001c9a9        0x3 
 .rodata._ZTIN10__cxxabiv120__si_class_type_infoE
                0x1001c9ac        0xc /usr/lib/gcc/arm-none-eabi/15.2.0/../../../../arm-none-eabi/lib/thumb/v6-m/nofp/libstdc++.a(si_class_type_info.o)
                0x1001c9ac                typeinfo for __cxxabiv1::__si_class_type_info
 .rodata._ZTVN10__cxxabiv120__si_class_type_infoE
                0x1001c9b8       0x2c /usr/lib/gcc/arm-none-eabi/15.2.0/../../../../arm-none-eabi/lib/thumb/v6-m/nofp/libstdc++.a(si_class_type_info.o)
                0x1001c9b8                vtable for __cxxabiv1::__si_class_type_info
 .rodata._ZTSSt9type_info
                0x1001c9e4        0xd /usr/lib/gcc/arm-none-eabi/15.2.0/../../../../arm-none-eabi/lib/thumb/v6-m/nofp/libstdc++.a(tinfo.o)
                0x1001c9e4                typeinfo name for std::type_info
 *fill*         0x1001c9f1        0x3 
 .rodata._ZTISt9type_info
                0x1001c9f4        0x8 /usr/lib/gcc/arm-none-eabi/15.2.0/../../../../arm-none-eabi/lib/thumb/v6-m/nofp/libstdc++.a(tinfo.o)
                0x1001c9f4                typeinfo for std::type_info
 .rodata._ZTSN10__cxxabiv117__class_type_infoE
                0x1001c9fc       0x22 /usr/lib/gcc/arm-none-eabi/15.2.0/../../../../arm-none-eabi/lib/thumb/v6-m/nofp/libstdc++.a(class_type_info.o)
                0x1001c9fc                typeinfo name for __cxxabiv1::__class_type_info
 *fill*         0x1001ca1e        0x2 
 .rodata._ZTIN10__cxxabiv117__class_type_infoE
                0x1001ca20        0xc /usr/lib/gcc/arm-none-eabi/15.2.0/../../../../arm-none-eabi/lib/thumb/v6-m/nofp/libstdc++.a(class_type_info.o)
                0x1001ca20                typeinfo for __cxxabiv1::__class_type_info
 .rodata._ZTVN10__cxxabiv117__class_type_infoE
                0x1001ca2c       0x2c /usr/lib/gcc/arm-none-eabi/15.2.0/../../../../arm-none-eabi/lib/thumb/v6-m/nofp/libstdc++.a(class_type_info.o)
                0x1001ca2c                vtable for __cxxabiv1::__class_type_info
 .rodata._GLOBAL__sub_I__ZN9__gnu_cxx9__freeresEv.str1.4
                0x1001ca58        0x0 /usr/lib/gcc/arm-none-eabi/15.2.0/../../../../arm-none-eabi/lib/thumb/v6-m/nofp/libstdc++.a(eh_alloc.o)
                                 0x3c (size before relaxing)
 .rodata._ZNKSt9exception4whatEv.str1.4
                0x1001ca58        0x0 /usr/lib/gcc/arm-none-eabi/15.2.0/../../../../arm-none-eabi/lib/thumb/v6-m/nofp/libstdc++.a(eh_exception.o)
                                  0xf (size before relaxing)
 .rodata._ZNKSt13bad_exception4whatEv.str1.4
                0x1001ca58        0x0 /usr/lib/gcc/arm-none-eabi/15.2.0/../../../../arm-none-eabi/lib/thumb/v6-m/nofp/libstdc++.a(eh_exception.o)
                                 0x13 (size before relaxing)
 .rodata._ZTSSt9exception
                0x1001ca58        0xd /usr/lib/gcc/arm-none-eabi/15.2.0/../../../../arm-none-eabi/lib/thumb/v6-m/nofp/libstdc++.a(eh_exception.o)
                0x1001ca58                typeinfo name for std::exception
 *fill*         0x1001ca65        0x3 
 .rodata._ZTISt9exception
                0x1001ca68        0x8 /usr/lib/gcc/arm-none-eabi/15.2.0/../../../../arm-none-eabi/lib/thumb/v6-m/nofp/libstdc++.a(eh_exception.o)
                0x1001ca68                typeinfo for std::exception
 .rodata._ZTSSt13bad_exception
                0x1001ca70       0x12 /usr/lib/gcc/arm-none-eabi/15.2.0/../../../../arm-none-eabi/lib/thumb/v6-m/nofp/libstdc++.a(eh_exception.o)
                0x1001ca70                typeinfo name for std::bad_exception