Archive member included to satisfy reference by file (symbol)

/usr/lib/gcc/arm-none-eabi/15.2.0/../../../../arm-none-eabi/lib/thumb/v6-m/nofp/libstdc++.a(guard.o)
                              CMakeFiles/lps_companion.dir/src/main.cpp.o (__cxa_guard_acquire)
/usr/lib/gcc/arm-none-eabi/15.2.0/../../../../arm-none-eabi/lib/thumb/v6-m/nofp/libstdc++.a(guard_error.o)
                              /usr/lib/gcc/arm-none-eabi/15.2.0/../../../../arm-none-eabi/lib/thumb/v6-m/nofp/libstdc++.a(guard.o) (__gnu_cxx::recursive_init_error::~recursive_init_error())
/usr/lib/gcc/arm-none-eabi/15.2.0/../../../../arm-none-eabi/lib/thumb/v6-m/nofp/libstdc++.a(si_class_type_info.o)
                              /usr/lib/gcc/arm-none-eabi/15.2.0/../../../../arm-none-eabi/lib/thumb/v6-m/nofp/libstdc++.a(guard_error.o) (vtable for __cxxabiv1::__si_class_type_info)
/usr/lib/gcc/arm-none-eabi/15.2.0/../../../../arm-none-eabi/lib/thumb/v6-m/nofp/libstdc++.a(tinfo.o)
                              /usr/lib/gcc/arm-none-eabi/15.2.0/../../../../arm-none-eabi/lib/thumb/v6-m/nofp/libstdc++.a(si_class_type_info.o) (std::type_info::__is_pointer_p() const)
/usr/lib/gcc/arm-none-eabi/15.2.0/../../../../arm-none-eabi/lib/thumb/v6-m/nofp/libstdc++.a(class_type_info.o)
                              /usr/lib/gcc/arm-none-eabi/15.2.0/../../../../arm-none-eabi/lib/thumb/v6-m/nofp/libstdc++.a(si_class_type_info.o) (__cxxabiv1::__class_type_info::__do_upcast(__cxxabiv1::__class_type_info const*, void**) const)
/usr/lib/gcc/arm-none-eabi/15.2.0/../../../../arm-none-eabi/lib/thumb/v6-m/nofp/libstdc++.a(eh_alloc.o)
                              /usr/lib/gcc/arm-none-eabi/15.2.0/../../../../arm-none-eabi/lib/thumb/v6-m/nofp/libstdc++.a(guard.o) (__cxa_allocate_exception)
/usr/lib/gcc/arm-none-eabi/15.2.0/../../../../arm-none-eabi/lib/thumb/v6-m/nofp/libstdc++.a(eh_exception.o)
                              /usr/lib/gcc/arm-none-eabi/15.2.0/../../../../arm-none-eabi/lib/thumb/v6-m/nofp/libstdc++.a(guard_error.o) (std::exception::~exception())
/usr/lib/gcc/arm-none-eabi/15.2.0/../../../../arm-none-eabi/lib/thumb/v6-m/nofp/libstdc++.a(eh_terminate.o)
                              /usr/lib/gcc/arm-none-eabi/15.2.0/../../../../arm-none-eabi/lib/thumb/v6-m/nofp/libstdc++.a(eh_alloc.o) (std::terminate())
/usr/lib/gcc/arm-none-eabi/15.2.0/../../../../arm-none-eabi/lib/thumb/v6-m/nofp/libstdc++.a(eh_throw.o)
                              /usr/lib/gcc/arm-none-eabi/15.2.0/../../../../arm-none-eabi/lib/thumb/v6-m/nofp/libstdc++.a(guard.o) (__cxa_throw)
/usr/lib/gcc/arm-none-eabi/15.2.0/../../../../arm-none-eabi/lib/thumb/v6-m/nofp/libstdc++.a(eh_unex_handler.o)
                              /usr/lib/gcc/arm-none-eabi/15.2.0/../../../../arm-none-eabi/lib/thumb/v6-m/nofp/libstdc++.a(eh_terminate.o) (__cxxabiv1::__unexpected_handler)
/usr/lib/gcc/arm-none-eabi/15.2.0/../../../../arm-none-eabi/lib/thumb/v6-m/nofp/libstdc++.a(vterminate.o)
                              /usr/lib/gcc/arm-none-eabi/15.2.0/../../../../arm-none-eabi/lib/thumb/v6-m/nofp/libstdc++.a(eh_terminate.o) (__gnu_cxx::__verbose_terminate_handler())
/usr/lib/gcc/arm-none-eabi/15.2.0/../../../../arm-none-eabi/lib/thumb/v6-m/nofp/libstdc++.a(cp-demangle.o)
                              /usr/lib/gcc/arm-none-eabi/15.2.0/../../../../arm-none-eabi/lib/thumb/v6-m/nofp/libstdc++.a(vterminate.o) (__cxa_demangle)
/usr/lib/gcc/arm-none-eabi/15.2.0/../../../../arm-none-eabi/lib/thumb/v6-m/nofp/libstdc++.a(eh_arm.o)
                              /usr/lib/gcc/arm-none-eabi/15.2.0/../../../../arm-none-eabi/lib/thumb/v6-m/nofp/libstdc++.a(vterminate.o) (__cxa_end_cleanup)
/usr/lib/gcc/arm-none-eabi/15.2.0/../../../../arm-none-eabi/lib/thumb/v6-m/nofp/libstdc++.a(eh_catch.o)
                              /usr/lib/gcc/arm-none-eabi/15.2.0/../../../../arm-none-eabi/lib/thumb/v6-m/nofp/libstdc++.a(eh_terminate.o) (__cxa_begin_catch)
/usr/lib/gcc/arm-none-eabi/15.2.0/../../../../arm-none-eabi/lib/thumb/v6-m/nofp/libstdc++.a(eh_globals.o)
                              /usr/lib/gcc/arm-none-eabi/15.2.0/../../../../arm-none-eabi/lib/thumb/v6-m/nofp/libstdc++.a(eh_catch.o) (__cxa_get_globals_fast)
/usr/lib/gcc/arm-none-eabi/15.2.0/../../../../arm-none-eabi/lib/thumb/v6-m/nofp/libstdc++.a(eh_personality.o)
                              /usr/lib/gcc/arm-none-eabi/15.2.0/../../../../arm-none-eabi/lib/thumb/v6-m/nofp/libstdc++.a(eh_terminate.o) (__gxx_personality_v0)
/usr/lib/gcc/arm-none-eabi/15.2.0/../../../../arm-none-eabi/lib/thumb/v6-m/nofp/libstdc++.a(eh_term_handler.o)
                              /usr/lib/gcc/arm-none-eabi/15.2.0/../../../../arm-none-eabi/lib/thumb/v6-m/nofp/libstdc++.a(eh_terminate.o) (__cxxabiv1::__terminate_handler)
/usr/lib/gcc/arm-none-eabi/15.2.0/../../../../arm-none-eabi/lib/thumb/v6-m/nofp/libstdc++.a(eh_type.o)
                              /usr/lib/gcc/arm-none-eabi/15.2.0/../../../../arm-none-eabi/lib/thumb/v6-m/nofp/libstdc++.a(vterminate.o) (__cxa_current_exception_type)
[...]
Memory Configuration

Name             Origin             Length             Attributes
FLASH            0x10000000         0x00200000         xr
RAM              0x20000000         0x00030000         xrw
SCRATCH_X        0x20040000         0x00001000         xrw
SCRATCH_Y        0x20030000         0x00010000         xrw
*default*        0x00000000         0xffffffff

Linker script and memory map

LOAD /usr/lib/gcc/arm-none-eabi/15.2.0/thumb/v6-m/nofp/crti.o
LOAD /usr/lib/gcc/arm-none-eabi/15.2.0/thumb/v6-m/nofp/crtbegin.o
LOAD /usr/lib/gcc/arm-none-eabi/15.2.0/../../../../arm-none-eabi/lib/thumb/v6-m/nofp/crt0.o

.flash_begin    0x10000000        0x0
                0x10000000                        __flash_binary_start = .

.boot2          0x10000000      0x100
                0x10000000                        __boot2_start__ = .
 *(.boot2)
 .boot2         0x10000000      0x100 pico-sdk/src/rp2040/boot_stage2/CMakeFiles/bs2_default_library.dir/./bs2_default_padded_checksummed.S.o
                0x10000100                        __boot2_end__ = .
                0x00000001                        ASSERT (((__boot2_end__ - __boot2_start__) == 0x100), ERROR: Pico second stage bootloader must be 256 bytes in size)

.text           0x10000100    0x1a168
                0x10000100                        __logical_binary_start = .
 *(.vectors)
 .vectors       0x10000100       0xd4 CMakeFiles/lps_companion.dir/deps/pico-sdk/src/rp2_common/pico_crt0/crt0.S.o
                0x10000100                __vectors
                0x10000100                __VECTOR_TABLE
                0x100001c0                isr_irq30
                0x100001c0                __unhandled_user_irq
                0x100001c0                isr_irq13
                0x100001c0                isr_irq27
                0x100001c0                isr_irq31
                0x100001c0                isr_irq5
                0x100001c0                isr_irq11
                0x100001c0                isr_irq23
                0x100001c0                isr_irq18
                0x100001c0                isr_irq28
                0x100001c0                isr_irq19
                0x100001c0                isr_irq0
                0x100001c0                isr_irq6
                0x100001c0                isr_irq22
                0x100001c0                isr_irq17
                0x100001c0                isr_irq14
                0x100001c0                __vectors_end
                0x100001c0                __default_isrs_start
                0x100001c0                isr_irq2
                0x100001c0                isr_irq10
                0x100001c0                isr_irq8
                0x100001c0                isr_irq24
                0x100001c0                isr_irq1
                0x100001c0                isr_irq7
                0x100001c0                isr_irq21
                0x100001c0                isr_irq20
                0x100001c0                isr_irq15
                0x100001c0                isr_irq25
                0x100001c0                isr_irq4
                0x100001c0                isr_irq16
                0x100001c0                isr_irq29
                0x100001c0                isr_irq26
                0x100001c0                isr_irq3
                0x100001c0                isr_irq12
                0x100001c0                isr_irq9
                0x100001c6                unhandled_user_irq_num_in_r0
                0x100001c8                isr_invalid
                0x100001ca                isr_nmi
                0x100001cc                isr_hardfault
                0x100001ce                isr_svcall
                0x100001d0                isr_pendsv
                0x100001d2                isr_systick
                0x100001d4                __default_isrs_end
 *(.binary_info_header)
 .binary_info_header
                0x100001d4       0x14 CMakeFiles/lps_companion.dir/deps/pico-sdk/src/rp2_common/pico_crt0/crt0.S.o
                0x100001e8                        __binary_info_header_end = .
 *(.embedded_block)
                0x100001e8                        __embedded_block_end = .
 *(.reset)
 .reset         0x100001e8       0x9c CMakeFiles/lps_companion.dir/deps/pico-sdk/src/rp2_common/pico_crt0/crt0.S.o
                0x100001e8                _entry_point
 *(.init)
 .init          0x10000284        0x4 /usr/lib/gcc/arm-none-eabi/15.2.0/thumb/v6-m/nofp/crti.o
                0x10000284                _init
 *(EXCLUDE_FILE(*libm.a: *libc.a:*lib_a-mem*.o *libgcc.a:) .text*)
 .text          0x10000288       0x98 /usr/lib/gcc/arm-none-eabi/15.2.0/thumb/v6-m/nofp/crtbegin.o
 .text._ZN12_GLOBAL__N_18PicoCalc4textEiiPKcb
                0x10000320       0x60 CMakeFiles/lps_companion.dir/src/main.cpp.o
 .text._ZN12_GLOBAL__N_18PicoCalcD2Ev
                0x10000380        0x4 CMakeFiles/lps_companion.dir/src/main.cpp.o
 .text.__tcf_ZZ4mainE8hardware
                0x10000384        0x4 CMakeFiles/lps_companion.dir/src/main.cpp.o
 .text._ZN12_GLOBAL__N_18PicoCalc5clearEv
                0x10000388       0x3c CMakeFiles/lps_companion.dir/src/main.cpp.o
 .text._ZN12_GLOBAL__N_18PicoCalc7presentEv
                0x100003c4      0x2f0 CMakeFiles/lps_companion.dir/src/main.cpp.o
 .text._ZN12_GLOBAL__N_18PicoCalcD0Ev
                0x100006b4       0x10 CMakeFiles/lps_companion.dir/src/main.cpp.o
 .text._ZN3lps11parseWeightEPKcRl.part.0
                0x100006c4       0xf0 CMakeFiles/lps_companion.dir/src/main.cpp.o
 .text._ZN3lps6encodeERKNS_5StateE
                0x100007b4      0x1ac CMakeFiles/lps_companion.dir/src/main.cpp.o
                0x100007b4                lps::encode(lps::State const&)
 .text._ZN3lps6decodeEPKhjRNS_5StateE
                0x10000960      0x3c8 CMakeFiles/lps_companion.dir/src/main.cpp.o
                0x10000960                lps::decode(unsigned char const*, unsigned int, lps::State&)
 .text._ZN12_GLOBAL__N_1L10readRecordEj
                0x10000d28      0x168 CMakeFiles/lps_companion.dir/src/main.cpp.o
 .text._ZN12_GLOBAL__N_18PicoCalc4loadEPhjRj
                0x10000e90       0xd0 CMakeFiles/lps_companion.dir/src/main.cpp.o
 .text._ZN12_GLOBAL__N_18PicoCalc4saveEPKhj
                0x10000f60      0x1c0 CMakeFiles/lps_companion.dir/src/main.cpp.o
 .text._ZN3lps3App6renderEv
                0x10001120     0x12b0 CMakeFiles/lps_companion.dir/src/main.cpp.o
                0x10001120                lps::App::render()
 .text._ZN3lps3App5startEv
                0x100023d0      0x13c CMakeFiles/lps_companion.dir/src/main.cpp.o
                0x100023d0                lps::App::start()
 .text._ZN3lps3App3keyEi
                0x1000250c      0xea8 CMakeFiles/lps_companion.dir/src/main.cpp.o
                0x1000250c                lps::App::key(int)
 .text.startup.main
                0x100033b4      0x1d8 CMakeFiles/lps_companion.dir/src/main.cpp.o
                0x100033b4                main
 .text.sd_get_num
                0x1000358c        0x4 CMakeFiles/lps_companion.dir/src/hw_config.c.o
                0x1000358c                sd_get_num
 .text.sd_get_by_num
                0x10003590       0x10 CMakeFiles/lps_companion.dir/src/hw_config.c.o
                0x10003590                sd_get_by_num
 .text.spi_get_num
                0x100035a0        0x4 CMakeFiles/lps_companion.dir/src/hw_config.c.o
                0x100035a0                spi_get_num
 .text.spi_get_by_num
                0x100035a4       0x10 CMakeFiles/lps_companion.dir/src/hw_config.c.o
                0x100035a4                spi_get_by_num
 .text.spi_write_cd.constprop.0
                0x100035b4       0x54 CMakeFiles/lps_companion.dir/deps/PicoCalc/Code/picocalc_helloworld/lcdspi/lcdspi.c.o
 .text.define_region_spi
                0x10003608       0xc8 CMakeFiles/lps_companion.dir/deps/PicoCalc/Code/picocalc_helloworld/lcdspi/lcdspi.c.o
                0x10003608                define_region_spi
 .text.draw_bitmap_spi
                0x100036d0      0x318 CMakeFiles/lps_companion.dir/deps/PicoCalc/Code/picocalc_helloworld/lcdspi/lcdspi.c.o
                0x100036d0                draw_bitmap_spi
 .text.reset_controller
                0x100039e8       0x70 CMakeFiles/lps_companion.dir/deps/PicoCalc/Code/picocalc_helloworld/lcdspi/lcdspi.c.o
                0x100039e8                reset_controller
 .text.pico_lcd_init
                0x10003a58      0x678 CMakeFiles/lps_companion.dir/deps/PicoCalc/Code/picocalc_helloworld/lcdspi/lcdspi.c.o
                0x10003a58                pico_lcd_init
 .text.lcd_spi_init
                0x100040d0       0x80 CMakeFiles/lps_companion.dir/deps/PicoCalc/Code/picocalc_helloworld/lcdspi/lcdspi.c.o
                0x100040d0                lcd_spi_init
 .text.lcd_init
                0x10004150       0x54 CMakeFiles/lps_companion.dir/deps/PicoCalc/Code/picocalc_helloworld/lcdspi/lcdspi.c.o
                0x10004150                lcd_init
 .text.init_i2c_kbd
                0x100041a4       0x44 CMakeFiles/lps_companion.dir/deps/PicoCalc/Code/picocalc_helloworld/i2ckbd/i2ckbd.c.o
                0x100041a4                init_i2c_kbd
 .text.read_i2c_kbd
                0x100041e8       0xfc CMakeFiles/lps_companion.dir/deps/PicoCalc/Code/picocalc_helloworld/i2ckbd/i2ckbd.c.o
                0x100041e8                read_i2c_kbd
 .text.gpio_set_function
                0x100042e4       0x30 CMakeFiles/lps_companion.dir/deps/pico-sdk/src/rp2_common/hardware_gpio/gpio.c.o
                0x100042e4                gpio_set_function
 .text.gpio_set_pulls
                0x10004314       0x24 CMakeFiles/lps_companion.dir/deps/pico-sdk/src/rp2_common/hardware_gpio/gpio.c.o
                0x10004314                gpio_set_pulls
 .text.gpio_set_input_hysteresis_enabled
                0x10004338       0x24 CMakeFiles/lps_companion.dir/deps/pico-sdk/src/rp2_common/hardware_gpio/gpio.c.o
                0x10004338                gpio_set_input_hysteresis_enabled
 .text.gpio_set_drive_strength
                0x1000435c       0x20 CMakeFiles/lps_companion.dir/deps/pico-sdk/src/rp2_common/hardware_gpio/gpio.c.o
                0x1000435c                gpio_set_drive_strength
 .text.gpio_init
                0x1000437c       0x3c CMakeFiles/lps_companion.dir/deps/pico-sdk/src/rp2_common/hardware_gpio/gpio.c.o
                0x1000437c                gpio_init
 .text.panic    0x100043b8       0x30 CMakeFiles/lps_companion.dir/deps/pico-sdk/src/rp2_common/pico_platform_panic/panic.c.o
                0x100043b8                panic
 .text.hw_claim_or_assert
                0x100043e8       0x50 CMakeFiles/lps_companion.dir/deps/pico-sdk/src/common/hardware_claim/claim.c.o
                0x100043e8                hw_claim_or_assert
 .text.hw_claim_unused_from_range
                0x10004438       0x88 CMakeFiles/lps_companion.dir/deps/pico-sdk/src/common/hardware_claim/claim.c.o
                0x10004438                hw_claim_unused_from_range
 .text.next_striped_spin_lock_num
                0x100044c0       0x18 CMakeFiles/lps_companion.dir/deps/pico-sdk/src/rp2_common/hardware_sync/sync.c.o
                0x100044c0                next_striped_spin_lock_num
 .text.spin_locks_reset
                0x100044d8       0x1c CMakeFiles/lps_companion.dir/deps/pico-sdk/src/rp2_common/hardware_sync_spin_lock/sync_spin_lock.c.o
                0x100044d8                spin_locks_reset
 .text.runtime_init_per_core_irq_priorities
                0x100044f4       0x48 CMakeFiles/lps_companion.dir/deps/pico-sdk/src/rp2_common/hardware_irq/irq.c.o
                0x100044f4                runtime_init_per_core_irq_priorities
 .text.irq_set_enabled
                0x1000453c       0x24 CMakeFiles/lps_companion.dir/deps/pico-sdk/src/rp2_common/hardware_irq/irq.c.o
                0x1000453c                irq_set_enabled
 .text.irq_set_exclusive_handler
                0x10004560       0x54 CMakeFiles/lps_companion.dir/deps/pico-sdk/src/rp2_common/hardware_irq/irq.c.o
                0x10004560                irq_set_exclusive_handler
 .text.irq_add_shared_handler
                0x100045b4      0x1cc CMakeFiles/lps_companion.dir/deps/pico-sdk/src/rp2_common/hardware_irq/irq.c.o
                0x100045b4                irq_add_shared_handler
 .text.irq_add_tail_to_free_list
                0x10004780       0xb4 CMakeFiles/lps_companion.dir/deps/pico-sdk/src/rp2_common/hardware_irq/irq.c.o
                0x10004780                irq_add_tail_to_free_list
 .text.sem_init
                0x10004834       0x20 CMakeFiles/lps_companion.dir/deps/pico-sdk/src/common/pico_sync/sem.c.o
                0x10004834                sem_init
 .text.lock_init
                0x10004854       0x10 CMakeFiles/lps_companion.dir/deps/pico-sdk/src/common/pico_sync/lock_core.c.o
                0x10004854                lock_init
 .text.runtime_init_mutex
                0x10004864       0x50 CMakeFiles/lps_companion.dir/deps/pico-sdk/src/common/pico_sync/mutex.c.o
                0x10004864                runtime_init_mutex
 .text.mutex_init
                0x100048b4       0x1c CMakeFiles/lps_companion.dir/deps/pico-sdk/src/common/pico_sync/mutex.c.o
                0x100048b4                mutex_init
 .text.sleep_until_callback
                0x100048d0       0x30 CMakeFiles/lps_companion.dir/deps/pico-sdk/src/common/pico_time/time.c.o
 .text.alarm_pool_irq_handler
                0x10004900      0x2f4 CMakeFiles/lps_companion.dir/deps/pico-sdk/src/common/pico_time/time.c.o
 .text.runtime_init_default_alarm_pool
                0x10004bf4       0xd8 CMakeFiles/lps_companion.dir/deps/pico-sdk/src/common/pico_time/time.c.o
                0x10004bf4                runtime_init_default_alarm_pool
 .text.alarm_pool_add_alarm_at_force_in_context
                0x10004ccc       0xbc CMakeFiles/lps_companion.dir/deps/pico-sdk/src/common/pico_time/time.c.o
                0x10004ccc                alarm_pool_add_alarm_at_force_in_context
 .text.alarm_pool_cancel_alarm
                0x10004d88       0x74 CMakeFiles/lps_companion.dir/deps/pico-sdk/src/common/pico_time/time.c.o
                0x10004d88                alarm_pool_cancel_alarm
 .text.sleep_us
                0x10004dfc       0xec CMakeFiles/lps_companion.dir/deps/pico-sdk/src/common/pico_time/time.c.o
                0x10004dfc                sleep_us
 .text.sleep_ms
                0x10004ee8       0xfc CMakeFiles/lps_companion.dir/deps/pico-sdk/src/common/pico_time/time.c.o
                0x10004ee8                sleep_ms
 .text.best_effort_wfe_or_timeout
                0x10004fe4      0x100 CMakeFiles/lps_companion.dir/deps/pico-sdk/src/common/pico_time/time.c.o
                0x10004fe4                best_effort_wfe_or_timeout
 .text.check_single_timeout_us
                0x100050e4       0x28 CMakeFiles/lps_companion.dir/deps/pico-sdk/src/common/pico_time/timeout_helper.c.o
 .text.init_single_timeout_until
                0x1000510c        0xc CMakeFiles/lps_companion.dir/deps/pico-sdk/src/common/pico_time/timeout_helper.c.o
                0x1000510c                init_single_timeout_until
 .text.timer_hardware_alarm_claim
                0x10005118       0x14 CMakeFiles/lps_companion.dir/deps/pico-sdk/src/rp2_common/hardware_timer/timer.c.o
                0x10005118                timer_hardware_alarm_claim
 .text.timer_time_us_64
                0x1000512c       0x10 CMakeFiles/lps_companion.dir/deps/pico-sdk/src/rp2_common/hardware_timer/timer.c.o
                0x1000512c                timer_time_us_64
 .text.time_us_64
                0x1000513c       0x14 CMakeFiles/lps_companion.dir/deps/pico-sdk/src/rp2_common/hardware_timer/timer.c.o
                0x1000513c                time_us_64
 .text.busy_wait_us
                0x10005150       0x6c CMakeFiles/lps_companion.dir/deps/pico-sdk/src/rp2_common/hardware_timer/timer.c.o
                0x10005150                busy_wait_us
 .text.busy_wait_until
                0x100051bc       0x20 CMakeFiles/lps_companion.dir/deps/pico-sdk/src/rp2_common/hardware_timer/timer.c.o
                0x100051bc                busy_wait_until
 .text.clock_configure_int_divider
                0x100051dc       0xec CMakeFiles/lps_companion.dir/deps/pico-sdk/src/rp2_common/hardware_clocks/clocks.c.o
                0x100051dc                clock_configure_int_divider
 .text.clock_configure_undivided
                0x100052c8       0xe0 CMakeFiles/lps_companion.dir/deps/pico-sdk/src/rp2_common/hardware_clocks/clocks.c.o
                0x100052c8                clock_configure_undivided
 .text.clock_get_hz
                0x100053a8        0xc CMakeFiles/lps_companion.dir/deps/pico-sdk/src/rp2_common/hardware_clocks/clocks.c.o
                0x100053a8                clock_get_hz
 .text.set_sys_clock_pll
                0x100053b4      0x1b4 CMakeFiles/lps_companion.dir/deps/pico-sdk/src/rp2_common/hardware_clocks/clocks.c.o
                0x100053b4                set_sys_clock_pll
 .text.check_sys_clock_khz
                0x10005568      0x288 CMakeFiles/lps_companion.dir/deps/pico-sdk/src/rp2_common/hardware_clocks/clocks.c.o
                0x10005568                check_sys_clock_khz
 .text.pll_init
                0x100057f0       0xb0 CMakeFiles/lps_companion.dir/deps/pico-sdk/src/rp2_common/hardware_pll/pll.c.o
                0x100057f0                pll_init
 .text.tick_start
                0x100058a0       0x10 CMakeFiles/lps_companion.dir/deps/pico-sdk/src/rp2_common/hardware_ticks/ticks.c.o
                0x100058a0                tick_start
 .text.rom_func_lookup
                0x100058b0       0x10 CMakeFiles/lps_companion.dir/deps/pico-sdk/src/rp2_common/pico_bootrom/bootrom.c.o
                0x100058b0                rom_func_lookup
 .text.rom_data_lookup
                0x100058c0       0x10 CMakeFiles/lps_companion.dir/deps/pico-sdk/src/rp2_common/pico_bootrom/bootrom.c.o
                0x100058c0                rom_data_lookup
 .text.rom_funcs_lookup
                0x100058d0       0x44 CMakeFiles/lps_companion.dir/deps/pico-sdk/src/rp2_common/pico_bootrom/bootrom.c.o
                0x100058d0                rom_funcs_lookup
 .text.xosc_init
                0x10005914       0x28 CMakeFiles/lps_companion.dir/deps/pico-sdk/src/rp2_common/hardware_xosc/xosc.c.o
                0x10005914                xosc_init
 .text.first_per_core_initializer
                0x1000593c        0x4 CMakeFiles/lps_companion.dir/deps/pico-sdk/src/rp2_common/pico_runtime/runtime.c.o
 .text.hard_assertion_failure
                0x10005940        0xc CMakeFiles/lps_companion.dir/deps/pico-sdk/src/rp2_common/pico_runtime/runtime.c.o
                0x10005940                hard_assertion_failure
 .text.runtime_run_initializers
                0x1000594c       0x28 CMakeFiles/lps_companion.dir/deps/pico-sdk/src/rp2_common/pico_runtime/runtime.c.o
                0x1000594c                runtime_run_initializers
 .text.runtime_init_early_resets
                0x10005974       0x2c CMakeFiles/lps_companion.dir/deps/pico-sdk/src/rp2_common/pico_runtime_init/runtime_init.c.o
                0x10005974                runtime_init_early_resets
 .text.runtime_init_usb_power_down
                0x100059a0       0x1c CMakeFiles/lps_companion.dir/deps/pico-sdk/src/rp2_common/pico_runtime_init/runtime_init.c.o
                0x100059a0                runtime_init_usb_power_down
 .text.runtime_init_post_clock_resets
                0x100059bc       0x20 CMakeFiles/lps_companion.dir/deps/pico-sdk/src/rp2_common/pico_runtime_init/runtime_init.c.o
                0x100059bc                runtime_init_post_clock_resets
 .text.runtime_init_rp2040_gpio_ie_disable
                0x100059dc       0x14 CMakeFiles/lps_companion.dir/deps/pico-sdk/src/rp2_common/pico_runtime_init/runtime_init.c.o
                0x100059dc                runtime_init_rp2040_gpio_ie_disable
 .text.runtime_init_spin_locks_reset
                0x100059f0        0x8 CMakeFiles/lps_companion.dir/deps/pico-sdk/src/rp2_common/pico_runtime_init/runtime_init.c.o
                0x100059f0                runtime_init_spin_locks_reset
 .text.runtime_init_install_ram_vector_table
                0x100059f8       0xb8 CMakeFiles/lps_companion.dir/deps/pico-sdk/src/rp2_common/pico_runtime_init/runtime_init.c.o
                0x100059f8                runtime_init_install_ram_vector_table
 .text.runtime_init_clocks
                0x10005ab0       0xd8 CMakeFiles/lps_companion.dir/deps/pico-sdk/src/rp2_common/pico_runtime_init/runtime_init_clocks.c.o
                0x10005ab0                runtime_init_clocks
 .text          0x10005b88       0x10 CMakeFiles/lps_companion.dir/deps/pico-sdk/src/rp2_common/pico_bit_ops/bit_ops_aeabi.S.o
 .text.__wrap___aeabi_idiv
                0x10005b98       0x50 CMakeFiles/lps_companion.dir/deps/pico-sdk/src/rp2_common/pico_divider/divider_hardware.S.o
                0x10005b98                __wrap___aeabi_idivmod
                0x10005b98                divmod_s32s32
                0x10005b98                div_s32s32
                0x10005b98                __wrap___aeabi_idiv
                0x10005ba0                divmod_s32s32_unsafe
                0x10005bcc                divmod_s32s32_savestate
 .text.__wrap___aeabi_uidiv
                0x10005be8       0x4c CMakeFiles/lps_companion.dir/deps/pico-sdk/src/rp2_common/pico_divider/divider_hardware.S.o
                0x10005be8                __wrap___aeabi_uidiv
                0x10005be8                __wrap___aeabi_uidivmod
                0x10005be8                div_u32u32
                0x10005be8                divmod_u32u32
                0x10005bf0                divmod_u32u32_unsafe
                0x10005c18                divmod_u32u32_savestate
 .text.__wrap___aeabi_ldiv
                0x10005c34      0x424 CMakeFiles/lps_companion.dir/deps/pico-sdk/src/rp2_common/pico_divider/divider_hardware.S.o
                0x10005c34                div_s64s64
                0x10005c34                divmod_s64s64
                0x10005c34                __wrap___aeabi_ldivmod
                0x10005c64                div_u64u64
                0x10005c64                divmod_u64u64
                0x10005c64                __wrap___aeabi_uldivmod
                0x10005c74                divmod_u64u64_savestate
                0x10005c94                divmod_s64s64_unsafe
                0x10005d1c                divmod_u64u64_unsafe
 .text.__wrap___aeabi_darithmetic
                0x10006058       0x80 CMakeFiles/lps_companion.dir/deps/pico-sdk/src/rp2_common/pico_double/double_aeabi_rp2040.S.o
                0x10006058                __wrap___aeabi_drsub
                0x1000605e                __wrap___aeabi_dsub
                0x10006070                __wrap___aeabi_dadd
                0x10006082                __wrap___aeabi_ddiv
                0x100060be                __wrap___aeabi_dmul
 .text.__wrap___aeabi_cdcmple
                0x100060d8       0x6c CMakeFiles/lps_companion.dir/deps/pico-sdk/src/rp2_common/pico_double/double_aeabi_rp2040.S.o
                0x100060d8                __wrap___aeabi_cdrcmple
                0x100060e8                __wrap___aeabi_cdcmple
                0x100060e8                __wrap___aeabi_cdcmpeq
 .text.__wrap___aeabi_dcmplt
                0x10006144        0xc CMakeFiles/lps_companion.dir/deps/pico-sdk/src/rp2_common/pico_double/double_aeabi_rp2040.S.o
                0x10006144                __wrap___aeabi_dcmplt
 .text.__wrap___aeabi_dcmple
                0x10006150       0x10 CMakeFiles/lps_companion.dir/deps/pico-sdk/src/rp2_common/pico_double/double_aeabi_rp2040.S.o
                0x10006150                __wrap___aeabi_dcmple
 .text.__wrap___aeabi_dcmpge
                0x10006160       0x10 CMakeFiles/lps_companion.dir/deps/pico-sdk/src/rp2_common/pico_double/double_aeabi_rp2040.S.o
                0x10006160                __wrap___aeabi_dcmpge
 .text.__wrap___aeabi_dcmpgt
                0x10006170        0xa CMakeFiles/lps_companion.dir/deps/pico-sdk/src/rp2_common/pico_double/double_aeabi_rp2040.S.o
                0x10006170                __wrap___aeabi_dcmpgt
 .text.__wrap___aeabi_dcmpun
                0x1000617a       0x18 CMakeFiles/lps_companion.dir/deps/pico-sdk/src/rp2_common/pico_double/double_aeabi_rp2040.S.o
                0x1000617a                __wrap___aeabi_dcmpun
 *fill*         0x10006192        0x2 
 .text.__wrap___aeabi_i2d
                0x10006194       0x38 CMakeFiles/lps_companion.dir/deps/pico-sdk/src/rp2_common/pico_double/double_aeabi_rp2040.S.o
                0x10006194                __wrap___aeabi_ui2d
                0x10006194                uint2double
                0x1000619c                __wrap___aeabi_i2d
                0x1000619c                int2double
 .text.__wrap___aeabi_d2iz
                0x100061cc       0x48 CMakeFiles/lps_companion.dir/deps/pico-sdk/src/rp2_common/pico_double/double_aeabi_rp2040.S.o
                0x100061cc                __wrap___aeabi_d2iz
                0x100061cc                double2int_z
 .text.__wrap___aeabi_d2uiz
                0x10006214       0x18 CMakeFiles/lps_companion.dir/deps/pico-sdk/src/rp2_common/pico_double/double_aeabi_rp2040.S.o
                0x10006214                double2uint_z
                0x10006214                double2uint
                0x10006214                __wrap___aeabi_d2uiz
 .text.__aeabi_double_init
                0x1000622c       0xa4 CMakeFiles/lps_companion.dir/deps/pico-sdk/src/rp2_common/pico_double/double_init_rom_rp2040.c.o
                0x1000622c                __aeabi_double_init
 .text.double_table_shim_on_use_helper
                0x100062d0       0x2c CMakeFiles/lps_companion.dir/deps/pico-sdk/src/rp2_common/pico_double/double_v1_rom_shim_rp2040.S.o
                0x100062d0                double_table_shim_on_use_helper
 .text.__wrap___aeabi_dsub
                0x100062fc       0x10 CMakeFiles/lps_companion.dir/deps/pico-sdk/src/rp2_common/pico_double/double_v1_rom_shim_rp2040.S.o
                0x100062fc                drsub_shim
                0x10006302                dsub_shim
 .text.dadd_shim
                0x1000630c      0x15c CMakeFiles/lps_companion.dir/deps/pico-sdk/src/rp2_common/pico_double/double_v1_rom_shim_rp2040.S.o
                0x1000630c                dadd_shim
 .text.dmul_shim
                0x10006468      0x15c CMakeFiles/lps_companion.dir/deps/pico-sdk/src/rp2_common/pico_double/double_v1_rom_shim_rp2040.S.o
                0x10006468                dmul_shim
 .text.ddiv_shim
                0x100065c4      0x1b0 CMakeFiles/lps_companion.dir/deps/pico-sdk/src/rp2_common/pico_double/double_v1_rom_shim_rp2040.S.o
                0x100065c4                ddiv_shim
 .text.double2uint_shim
                0x10006774        0xe CMakeFiles/lps_companion.dir/deps/pico-sdk/src/rp2_common/pico_double/double_v1_rom_shim_rp2040.S.o
                0x10006774                double2uint_shim
                0x10006776                double2ufix_shim
 *fill*         0x10006782        0x2 
 .text.double2uint64_shim
                0x10006784       0x70 CMakeFiles/lps_companion.dir/deps/pico-sdk/src/rp2_common/pico_double/double_v1_rom_shim_rp2040.S.o
                0x10006784                double2uint64_shim
                0x10006786                double2ufix64_shim
                0x100067a6                d2fix_a
 .text.dunpacks
                0x100067f4       0x3c CMakeFiles/lps_companion.dir/deps/pico-sdk/src/rp2_common/pico_double/double_v1_rom_shim_rp2040.S.o
                0x100067f4                dunpacks
 .text.__aeabi_lmul
                0x10006830       0x32 CMakeFiles/lps_companion.dir/deps/pico-sdk/src/rp2_common/pico_int64_ops/pico_int64_ops_aeabi.S.o
                0x10006830                __wrap___aeabi_lmul
 *fill*         0x10006862        0x2 
 .text.__aeabi_float_init
                0x10006864       0x68 CMakeFiles/lps_companion.dir/deps/pico-sdk/src/rp2_common/pico_float/float_init_rom_rp2040.c.o
                0x10006864                __aeabi_float_init
 .text.float_table_shim_on_use_helper
                0x100068cc       0x2c CMakeFiles/lps_companion.dir/deps/pico-sdk/src/rp2_common/pico_float/float_v1_rom_shim_rp2040.S.o
                0x100068cc                float_table_shim_on_use_helper
 .text.__wrap_malloc
                0x100068f8       0x24 CMakeFiles/lps_companion.dir/deps/pico-sdk/src/rp2_common/pico_malloc/malloc.c.o
                0x100068f8                __wrap_malloc
 .text.__wrap_realloc
                0x1000691c       0x24 CMakeFiles/lps_companion.dir/deps/pico-sdk/src/rp2_common/pico_malloc/malloc.c.o
                0x1000691c                __wrap_realloc
 .text.__wrap_free
                0x10006940        0x8 CMakeFiles/lps_companion.dir/deps/pico-sdk/src/rp2_common/pico_malloc/malloc.c.o
                0x10006940                __wrap_free
 .text          0x10006948       0x10 CMakeFiles/lps_companion.dir/deps/pico-sdk/src/rp2_common/pico_mem_ops/mem_ops_aeabi.S.o
                0x10006948                __aeabi_mem_init
 .text.memset   0x10006958        0xc CMakeFiles/lps_companion.dir/deps/pico-sdk/src/rp2_common/pico_mem_ops/mem_ops_aeabi.S.o
                0x10006958                __wrap_memset
 .text.memcpy   0x10006964        0xc CMakeFiles/lps_companion.dir/deps/pico-sdk/src/rp2_common/pico_mem_ops/mem_ops_aeabi.S.o
                0x10006964                __wrap___aeabi_memcpy
                0x10006964                __wrap_memcpy
 .text._ZdlPvj  0x10006970        0x8 CMakeFiles/lps_companion.dir/deps/pico-sdk/src/rp2_common/pico_cxx_options/new_delete.cpp.o
                0x10006970                operator delete(void*, unsigned int)
 .text._out_buffer
                0x10006978        0x8 CMakeFiles/lps_companion.dir/deps/pico-sdk/src/rp2_common/pico_printf/printf.c.o
 .text._out_null
                0x10006980        0x4 CMakeFiles/lps_companion.dir/deps/pico-sdk/src/rp2_common/pico_printf/printf.c.o
 .text._out_rev
                0x10006984       0xa8 CMakeFiles/lps_companion.dir/deps/pico-sdk/src/rp2_common/pico_printf/printf.c.o
 .text._ntoa_format
                0x10006a2c      0x1d8 CMakeFiles/lps_companion.dir/deps/pico-sdk/src/rp2_common/pico_printf/printf.c.o
 .text._out_char
                0x10006c04       0x10 CMakeFiles/lps_companion.dir/deps/pico-sdk/src/rp2_common/pico_printf/printf.c.o
 .text._ftoa    0x10006c14      0x474 CMakeFiles/lps_companion.dir/deps/pico-sdk/src/rp2_common/pico_printf/printf.c.o
 .text._etoa    0x10007088      0x560 CMakeFiles/lps_companion.dir/deps/pico-sdk/src/rp2_common/pico_printf/printf.c.o
 .text._vsnprintf
                0x100075e8      0xab8 CMakeFiles/lps_companion.dir/deps/pico-sdk/src/rp2_common/pico_printf/printf.c.o
 .text.__wrap_sprintf
                0x100080a0       0x28 CMakeFiles/lps_companion.dir/deps/pico-sdk/src/rp2_common/pico_printf/printf.c.o
                0x100080a0                __wrap_sprintf
 .text.__wrap_snprintf
                0x100080c8       0x28 CMakeFiles/lps_companion.dir/deps/pico-sdk/src/rp2_common/pico_printf/printf.c.o
                0x100080c8                __wrap_snprintf
 .text.weak_raw_vprintf
                0x100080f0       0x30 CMakeFiles/lps_companion.dir/deps/pico-sdk/src/rp2_common/pico_printf/printf.c.o
                0x100080f0                weak_raw_vprintf
 .text._exit    0x10008120        0x4 CMakeFiles/lps_companion.dir/deps/pico-sdk/src/rp2_common/pico_clib_interface/newlib_interface.c.o
                0x10008120                _exit
 .text._sbrk    0x10008124       0x34 CMakeFiles/lps_companion.dir/deps/pico-sdk/src/rp2_common/pico_clib_interface/newlib_interface.c.o
                0x10008124                _sbrk
 .text._getpid  0x10008158        0x4 CMakeFiles/lps_companion.dir/deps/pico-sdk/src/rp2_common/pico_clib_interface/newlib_interface.c.o
                0x10008158                _getpid
 .text._kill    0x1000815c        0x8 CMakeFiles/lps_companion.dir/deps/pico-sdk/src/rp2_common/pico_clib_interface/newlib_interface.c.o
                0x1000815c                _kill
 .text._read    0x10008164       0x20 CMakeFiles/lps_companion.dir/deps/pico-sdk/src/rp2_common/pico_clib_interface/newlib_interface.c.o
                0x10008164                _read
 .text._write   0x10008184       0x20 CMakeFiles/lps_companion.dir/deps/pico-sdk/src/rp2_common/pico_clib_interface/newlib_interface.c.o
                0x10008184                _write
 .text._close   0x100081a4        0x8 CMakeFiles/lps_companion.dir/deps/pico-sdk/src/rp2_common/pico_clib_interface/newlib_interface.c.o
                0x100081a4                _close
 .text._lseek   0x100081ac        0x8 CMakeFiles/lps_companion.dir/deps/pico-sdk/src/rp2_common/pico_clib_interface/newlib_interface.c.o
                0x100081ac                _lseek
 .text._fstat   0x100081b4        0x8 CMakeFiles/lps_companion.dir/deps/pico-sdk/src/rp2_common/pico_clib_interface/newlib_interface.c.o
                0x100081b4                _fstat
 .text._isatty  0x100081bc        0xc CMakeFiles/lps_companion.dir/deps/pico-sdk/src/rp2_common/pico_clib_interface/newlib_interface.c.o
                0x100081bc                _isatty
 .text.exit     0x100081c8        0x8 CMakeFiles/lps_companion.dir/deps/pico-sdk/src/rp2_common/pico_clib_interface/newlib_interface.c.o
                0x100081c8                exit
 .text.runtime_init
                0x100081d0       0x2c CMakeFiles/lps_companion.dir/deps/pico-sdk/src/rp2_common/pico_clib_interface/newlib_interface.c.o
                0x100081d0                runtime_init
 .text.stdio_out_chars_no_crlf
                0x100081fc       0x10 CMakeFiles/lps_companion.dir/deps/pico-sdk/src/rp2_common/pico_stdio/stdio.c.o
 .text.stdio_out_chars_crlf
                0x1000820c       0x90 CMakeFiles/lps_companion.dir/deps/pico-sdk/src/rp2_common/pico_stdio/stdio.c.o
 .text.stdio_put_string
                0x1000829c       0xf4 CMakeFiles/lps_companion.dir/deps/pico-sdk/src/rp2_common/pico_stdio/stdio.c.o
                0x1000829c                stdio_put_string
 .text.stdio_get_until
                0x10008390       0x7c CMakeFiles/lps_companion.dir/deps/pico-sdk/src/rp2_common/pico_stdio/stdio.c.o
                0x10008390                stdio_get_until
 .text.__wrap_putchar
                0x1000840c       0x94 CMakeFiles/lps_companion.dir/deps/pico-sdk/src/rp2_common/pico_stdio/stdio.c.o
                0x1000840c                stdio_putchar
                0x1000840c                __wrap_putchar
 .text.__wrap_puts
                0x100084a0       0x3c CMakeFiles/lps_companion.dir/deps/pico-sdk/src/rp2_common/pico_stdio/stdio.c.o
                0x100084a0                __wrap_puts
                0x100084a0                stdio_puts
 .text.spi_init
                0x100084dc      0x110 CMakeFiles/lps_companion.dir/deps/pico-sdk/src/rp2_common/hardware_spi/spi.c.o
                0x100084dc                spi_init
 .text.spi_set_baudrate
                0x100085ec       0xb0 CMakeFiles/lps_companion.dir/deps/pico-sdk/src/rp2_common/hardware_spi/spi.c.o
                0x100085ec                spi_set_baudrate
 .text.i2c_write_blocking_internal
                0x1000869c      0x160 CMakeFiles/lps_companion.dir/deps/pico-sdk/src/rp2_common/hardware_i2c/i2c.c.o
 .text.i2c_read_blocking_internal
                0x100087fc      0x100 CMakeFiles/lps_companion.dir/deps/pico-sdk/src/rp2_common/hardware_i2c/i2c.c.o
 .text.i2c_set_baudrate
                0x100088fc       0xb4 CMakeFiles/lps_companion.dir/deps/pico-sdk/src/rp2_common/hardware_i2c/i2c.c.o
                0x100088fc                i2c_set_baudrate
 .text.i2c_init
                0x100089b0       0x50 CMakeFiles/lps_companion.dir/deps/pico-sdk/src/rp2_common/hardware_i2c/i2c.c.o
                0x100089b0                i2c_init
 .text.i2c_write_blocking_until
                0x10008a00       0x40 CMakeFiles/lps_companion.dir/deps/pico-sdk/src/rp2_common/hardware_i2c/i2c.c.o
                0x10008a00                i2c_write_blocking_until
 .text.i2c_read_blocking_until
                0x10008a40       0x40 CMakeFiles/lps_companion.dir/deps/pico-sdk/src/rp2_common/hardware_i2c/i2c.c.o
                0x10008a40                i2c_read_blocking_until
 .text.ff_memalloc
                0x10008a80        0x8 CMakeFiles/lps_companion.dir/deps/FatFs/FatFs_SPI/ff15/source/ffsystem.c.o
                0x10008a80                ff_memalloc
 .text.ff_memfree
                0x10008a88        0x8 CMakeFiles/lps_companion.dir/deps/FatFs/FatFs_SPI/ff15/source/ffsystem.c.o
                0x10008a88                ff_memfree
 .text.ff_uni2oem
                0x10008a90       0x40 CMakeFiles/lps_companion.dir/deps/FatFs/FatFs_SPI/ff15/source/ffunicode.c.o
                0x10008a90                ff_uni2oem
 .text.ff_wtoupper
                0x10008ad0       0xb8 CMakeFiles/lps_companion.dir/deps/FatFs/FatFs_SPI/ff15/source/ffunicode.c.o
                0x10008ad0                ff_wtoupper
 .text.inc_share
                0x10008b88      0x378 CMakeFiles/lps_companion.dir/deps/FatFs/FatFs_SPI/ff15/source/ff.c.o
 .text.dir_clear
                0x10008f00      0x1a0 CMakeFiles/lps_companion.dir/deps/FatFs/FatFs_SPI/ff15/source/ff.c.o
 .text.init_alloc_info.isra.0
                0x100090a0       0x70 CMakeFiles/lps_companion.dir/deps/FatFs/FatFs_SPI/ff15/source/ff.c.o
 .text.move_window
                0x10009110       0xb8 CMakeFiles/lps_companion.dir/deps/FatFs/FatFs_SPI/ff15/source/ff.c.o
 .text.put_fat.part.0
                0x100091c8      0x154 CMakeFiles/lps_companion.dir/deps/FatFs/FatFs_SPI/ff15/source/ff.c.o
 .text.get_fat  0x1000931c      0x1a8 CMakeFiles/lps_companion.dir/deps/FatFs/FatFs_SPI/ff15/source/ff.c.o
 .text.dir_next.constprop.0
                0x100094c4       0xbc CMakeFiles/lps_companion.dir/deps/FatFs/FatFs_SPI/ff15/source/ff.c.o
 .text.sync_fs  0x10009580       0xf4 CMakeFiles/lps_companion.dir/deps/FatFs/FatFs_SPI/ff15/source/ff.c.o
 .text.check_fs
                0x10009674      0x188 CMakeFiles/lps_companion.dir/deps/FatFs/FatFs_SPI/ff15/source/ff.c.o
 .text.mount_volume
                0x100097fc      0xae4 CMakeFiles/lps_companion.dir/deps/FatFs/FatFs_SPI/ff15/source/ff.c.o
 .text.load_xdir
                0x1000a2e0      0x1b8 CMakeFiles/lps_companion.dir/deps/FatFs/FatFs_SPI/ff15/source/ff.c.o
 .text.dir_read.constprop.0
                0x1000a498      0x50c CMakeFiles/lps_companion.dir/deps/FatFs/FatFs_SPI/ff15/source/ff.c.o
 .text.dir_sdi  0x1000a9a4      0x2e0 CMakeFiles/lps_companion.dir/deps/FatFs/FatFs_SPI/ff15/source/ff.c.o
 .text.store_xdir
                0x1000ac84      0x22c CMakeFiles/lps_companion.dir/deps/FatFs/FatFs_SPI/ff15/source/ff.c.o
 .text.dir_find
                0x1000aeb0      0x464 CMakeFiles/lps_companion.dir/deps/FatFs/FatFs_SPI/ff15/source/ff.c.o
 .text.follow_path
                0x1000b314      0x5b8 CMakeFiles/lps_companion.dir/deps/FatFs/FatFs_SPI/ff15/source/ff.c.o
 .text.remove_chain
                0x1000b8cc      0x3d8 CMakeFiles/lps_companion.dir/deps/FatFs/FatFs_SPI/ff15/source/ff.c.o
 .text.create_chain
                0x1000bca4      0x6dc CMakeFiles/lps_companion.dir/deps/FatFs/FatFs_SPI/ff15/source/ff.c.o
 .text.dir_alloc
                0x1000c380      0x224 CMakeFiles/lps_companion.dir/deps/FatFs/FatFs_SPI/ff15/source/ff.c.o
 .text.dir_register
                0x1000c5a4      0x904 CMakeFiles/lps_companion.dir/deps/FatFs/FatFs_SPI/ff15/source/ff.c.o
 .text.f_mount  0x1000cea8      0x200 CMakeFiles/lps_companion.dir/deps/FatFs/FatFs_SPI/ff15/source/ff.c.o
                0x1000cea8                f_mount
 .text.f_open   0x1000d0a8      0x7ac CMakeFiles/lps_companion.dir/deps/FatFs/FatFs_SPI/ff15/source/ff.c.o
                0x1000d0a8                f_open
 .text.f_read   0x1000d854      0x260 CMakeFiles/lps_companion.dir/deps/FatFs/FatFs_SPI/ff15/source/ff.c.o
                0x1000d854                f_read
 .text.f_write  0x1000dab4      0x2e0 CMakeFiles/lps_companion.dir/deps/FatFs/FatFs_SPI/ff15/source/ff.c.o
                0x1000dab4                f_write
 .text.f_sync   0x1000dd94      0x2b0 CMakeFiles/lps_companion.dir/deps/FatFs/FatFs_SPI/ff15/source/ff.c.o
                0x1000dd94                f_sync
 .text.f_close  0x1000e044       0x7c CMakeFiles/lps_companion.dir/deps/FatFs/FatFs_SPI/ff15/source/ff.c.o
                0x1000e044                f_close
 .text.f_mkdir  0x1000e0c0      0x23c CMakeFiles/lps_companion.dir/deps/FatFs/FatFs_SPI/ff15/source/ff.c.o
                0x1000e0c0                f_mkdir
 .text.sd_spi_go_high_frequency
                0x1000e2fc       0x10 CMakeFiles/lps_companion.dir/deps/FatFs/FatFs_SPI/sd_driver/sd_spi.c.o
                0x1000e2fc                sd_spi_go_high_frequency
 .text.sd_spi_go_low_frequency
                0x1000e30c       0x14 CMakeFiles/lps_companion.dir/deps/FatFs/FatFs_SPI/sd_driver/sd_spi.c.o
                0x1000e30c                sd_spi_go_low_frequency
 .text.sd_spi_deselect_pulse
                0x1000e320       0x44 CMakeFiles/lps_companion.dir/deps/FatFs/FatFs_SPI/sd_driver/sd_spi.c.o
                0x1000e320                sd_spi_deselect_pulse
 .text.sd_spi_acquire
                0x1000e364       0x30 CMakeFiles/lps_companion.dir/deps/FatFs/FatFs_SPI/sd_driver/sd_spi.c.o
                0x1000e364                sd_spi_acquire
 .text.sd_spi_release
                0x1000e394       0x30 CMakeFiles/lps_companion.dir/deps/FatFs/FatFs_SPI/sd_driver/sd_spi.c.o
                0x1000e394                sd_spi_release
 .text.sd_spi_transfer
                0x1000e3c4        0xc CMakeFiles/lps_companion.dir/deps/FatFs/FatFs_SPI/sd_driver/sd_spi.c.o
                0x1000e3c4                sd_spi_transfer
 .text.sd_spi_write
                0x1000e3d0       0x24 CMakeFiles/lps_companion.dir/deps/FatFs/FatFs_SPI/sd_driver/sd_spi.c.o
                0x1000e3d0                sd_spi_write
 .text.sd_spi_send_initializing_sequence
                0x1000e3f4       0x78 CMakeFiles/lps_companion.dir/deps/FatFs/FatFs_SPI/sd_driver/sd_spi.c.o
                0x1000e3f4                sd_spi_send_initializing_sequence
 .text.spi_lock
                0x1000e46c        0xc CMakeFiles/lps_companion.dir/deps/FatFs/FatFs_SPI/sd_driver/spi.c.o
                0x1000e46c                spi_lock
 .text.spi_unlock
                0x1000e478        0xc CMakeFiles/lps_companion.dir/deps/FatFs/FatFs_SPI/sd_driver/spi.c.o
                0x1000e478                spi_unlock
 .text.my_spi_init
                0x1000e484      0x1bc CMakeFiles/lps_companion.dir/deps/FatFs/FatFs_SPI/sd_driver/spi.c.o
                0x1000e484                my_spi_init
 .text.sd_test_com
                0x1000e640      0x1a4 CMakeFiles/lps_companion.dir/deps/FatFs/FatFs_SPI/sd_driver/sd_card.c.o
 .text.sd_cmd   0x1000e7e4      0x348 CMakeFiles/lps_companion.dir/deps/FatFs/FatFs_SPI/sd_driver/sd_card.c.o
 .text.sd_sectors_nolock
                0x1000eb2c      0x174 CMakeFiles/lps_companion.dir/deps/FatFs/FatFs_SPI/sd_driver/sd_card.c.o
 .text.sd_read_blocks
                0x1000eca0      0x18c CMakeFiles/lps_companion.dir/deps/FatFs/FatFs_SPI/sd_driver/sd_card.c.o
                0x1000eca0                sd_read_blocks
 .text.sd_write_blocks
                0x1000ee2c      0x1f8 CMakeFiles/lps_companion.dir/deps/FatFs/FatFs_SPI/sd_driver/sd_card.c.o
                0x1000ee2c                sd_write_blocks
 .text.sd_init  0x1000f024      0x210 CMakeFiles/lps_companion.dir/deps/FatFs/FatFs_SPI/sd_driver/sd_card.c.o
 .text.sd_card_detect
                0x1000f234       0x48 CMakeFiles/lps_companion.dir/deps/FatFs/FatFs_SPI/sd_driver/sd_card.c.o
                0x1000f234                sd_card_detect
 .text.sd_sectors
                0x1000f27c       0x30 CMakeFiles/lps_companion.dir/deps/FatFs/FatFs_SPI/sd_driver/sd_card.c.o
                0x1000f27c                sd_sectors
 .text.sd_init_driver
                0x1000f2ac      0x110 CMakeFiles/lps_companion.dir/deps/FatFs/FatFs_SPI/sd_driver/sd_card.c.o
                0x1000f2ac                sd_init_driver
 .text.crc7     0x1000f3bc       0x28 CMakeFiles/lps_companion.dir/deps/FatFs/FatFs_SPI/sd_driver/crc.c.o
                0x1000f3bc                crc7
 .text.crc16    0x1000f3e4       0x30 CMakeFiles/lps_companion.dir/deps/FatFs/FatFs_SPI/sd_driver/crc.c.o
                0x1000f3e4                crc16
 .text.disk_status
                0x1000f414       0x18 CMakeFiles/lps_companion.dir/deps/FatFs/FatFs_SPI/src/glue.c.o
                0x1000f414                disk_status
 .text.disk_initialize
                0x1000f42c       0x2c CMakeFiles/lps_companion.dir/deps/FatFs/FatFs_SPI/src/glue.c.o
                0x1000f42c                disk_initialize
 .text.disk_read
                0x1000f458       0x74 CMakeFiles/lps_companion.dir/deps/FatFs/FatFs_SPI/src/glue.c.o
                0x1000f458                disk_read
 .text.disk_write
                0x1000f4cc       0x74 CMakeFiles/lps_companion.dir/deps/FatFs/FatFs_SPI/src/glue.c.o
                0x1000f4cc                disk_write
 .text.disk_ioctl
                0x1000f540       0x3c CMakeFiles/lps_companion.dir/deps/FatFs/FatFs_SPI/src/glue.c.o
                0x1000f540                disk_ioctl
 .text.get_fattime
                0x1000f57c       0x60 CMakeFiles/lps_companion.dir/deps/FatFs/FatFs_SPI/src/rtc.c.o
                0x1000f57c                get_fattime
 .text.dma_claim_unused_channel
                0x1000f5dc       0x20 CMakeFiles/lps_companion.dir/deps/pico-sdk/src/rp2_common/hardware_dma/dma.c.o
                0x1000f5dc                dma_claim_unused_channel
 .text.rtc_get_datetime
                0x1000f5fc       0x4c CMakeFiles/lps_companion.dir/deps/pico-sdk/src/rp2_common/hardware_rtc/rtc.c.o
                0x1000f5fc                rtc_get_datetime
 .text.__cxa_guard_acquire
                0x1000f648       0x38 /usr/lib/gcc/arm-none-eabi/15.2.0/../../../../arm-none-eabi/lib/thumb/v6-m/nofp/libstdc++.a(guard.o)
                0x1000f648                __cxa_guard_acquire
 .text.__cxa_guard_release
                0x1000f680        0x8 /usr/lib/gcc/arm-none-eabi/15.2.0/../../../../arm-none-eabi/lib/thumb/v6-m/nofp/libstdc++.a(guard.o)
                0x1000f680                __cxa_guard_release
 .text._ZN9__gnu_cxx20recursive_init_errorD2Ev
                0x1000f688       0x14 /usr/lib/gcc/arm-none-eabi/15.2.0/../../../../arm-none-eabi/lib/thumb/v6-m/nofp/libstdc++.a(guard_error.o)
                0x1000f688                __gnu_cxx::recursive_init_error::~recursive_init_error()
                0x1000f688                __gnu_cxx::recursive_init_error::~recursive_init_error()
 .text._ZN9__gnu_cxx20recursive_init_errorD0Ev
                0x1000f69c       0x1c /usr/lib/gcc/arm-none-eabi/15.2.0/../../../../arm-none-eabi/lib/thumb/v6-m/nofp/libstdc++.a(guard_error.o)
                0x1000f69c                __gnu_cxx::recursive_init_error::~recursive_init_error()
 .text._ZN9__gnu_cxx20recursive_init_errorC2Ev
                0x1000f6b8        0xc /usr/lib/gcc/arm-none-eabi/15.2.0/../../../../arm-none-eabi/lib/thumb/v6-m/nofp/libstdc++.a(guard_error.o)
                0x1000f6b8                __gnu_cxx::recursive_init_error::recursive_init_error()
                0x1000f6b8                __gnu_cxx::recursive_init_error::recursive_init_error()
 .text._ZN10__cxxabiv120__si_class_type_infoD2Ev
                0x1000f6c4       0x14 /usr/lib/gcc/arm-none-eabi/15.2.0/../../../../arm-none-eabi/lib/thumb/v6-m/nofp/libstdc++.a(si_class_type_info.o)
                0x1000f6c4                __cxxabiv1::__si_class_type_info::~__si_class_type_info()
                0x1000f6c4                __cxxabiv1::__si_class_type_info::~__si_class_type_info()
 .text._ZN10__cxxabiv120__si_class_type_infoD0Ev
                0x1000f6d8       0x1c /usr/lib/gcc/arm-none-eabi/15.2.0/../../../../arm-none-eabi/lib/thumb/v6-m/nofp/libstdc++.a(si_class_type_info.o)
                0x1000f6d8                __cxxabiv1::__si_class_type_info::~__si_class_type_info()
 .text._ZNK10__cxxabiv120__si_class_type_info20__do_find_public_srcEiPKvPKNS_17__class_type_infoES2_
                0x1000f6f4       0x38 /usr/lib/gcc/arm-none-eabi/15.2.0/../../../../arm-none-eabi/lib/thumb/v6-m/nofp/libstdc++.a(si_class_type_info.o)
                0x1000f6f4                __cxxabiv1::__si_class_type_info::__do_find_public_src(int, void const*, __cxxabiv1::__class_type_info const*, void const*) const
 .text._ZNK10__cxxabiv120__si_class_type_info12__do_dyncastEiNS_17__class_type_info10__sub_kindEPKS1_PKvS4_S6_RNS1_16__dyncast_resultE
                0x1000f72c       0x8c /usr/lib/gcc/arm-none-eabi/15.2.0/../../../../arm-none-eabi/lib/thumb/v6-m/nofp/libstdc++.a(si_class_type_info.o)
                0x1000f72c                __cxxabiv1::__si_class_type_info::__do_dyncast(int, __cxxabiv1::__class_type_info::__sub_kind, __cxxabiv1::__class_type_info const*, void const*, __cxxabiv1::__class_type_info const*, void const*, __cxxabiv1::__class_type_info::__dyncast_result&) const
 .text._ZNK10__cxxabiv120__si_class_type_info11__do_upcastEPKNS_17__class_type_infoEPKvRNS1_15__upcast_resultE
                0x1000f7b8       0x24 /usr/lib/gcc/arm-none-eabi/15.2.0/../../../../arm-none-eabi/lib/thumb/v6-m/nofp/libstdc++.a(si_class_type_info.o)
                0x1000f7b8                __cxxabiv1::__si_class_type_info::__do_upcast(__cxxabiv1::__class_type_info const*, void const*, __cxxabiv1::__class_type_info::__upcast_result&) const
 .text._ZNSt9type_infoD2Ev
                0x1000f7dc        0x4 /usr/lib/gcc/arm-none-eabi/15.2.0/../../../../arm-none-eabi/lib/thumb/v6-m/nofp/libstdc++.a(tinfo.o)
                0x1000f7dc                std::type_info::~type_info()
                0x1000f7dc                std::type_info::~type_info()
 .text._ZNKSt9type_info14__is_pointer_pEv
                0x1000f7e0        0x4 /usr/lib/gcc/arm-none-eabi/15.2.0/../../../../arm-none-eabi/lib/thumb/v6-m/nofp/libstdc++.a(tinfo.o)
                0x1000f7e0                std::type_info::__is_function_p() const
                0x1000f7e0                std::type_info::__is_pointer_p() const
 .text._ZNKSt9type_infoeqERKS_
                0x1000f7e4       0x30 /usr/lib/gcc/arm-none-eabi/15.2.0/../../../../arm-none-eabi/lib/thumb/v6-m/nofp/libstdc++.a(tinfo.o)
                0x1000f7e4                std::type_info::__equal(std::type_info const&) const
                0x1000f7e4                std::type_info::operator==(std::type_info const&) const
 .text._ZNK10__cxxabiv117__class_type_info11__do_upcastEPKS0_PPv
                0x1000f814       0x34 /usr/lib/gcc/arm-none-eabi/15.2.0/../../../../arm-none-eabi/lib/thumb/v6-m/nofp/libstdc++.a(class_type_info.o)
                0x1000f814                __cxxabiv1::__class_type_info::__do_upcast(__cxxabiv1::__class_type_info const*, void**) const
 .text._ZNK10__cxxabiv117__class_type_info20__do_find_public_srcEiPKvPKS0_S2_
                0x1000f848       0x14 /usr/lib/gcc/arm-none-eabi/15.2.0/../../../../arm-none-eabi/lib/thumb/v6-m/nofp/libstdc++.a(class_type_info.o)
                0x1000f848                __cxxabiv1::__class_type_info::__do_find_public_src(int, void const*, __cxxabiv1::__class_type_info const*, void const*) const
 .text._ZN10__cxxabiv117__class_type_infoD2Ev
                0x1000f85c       0x14 /usr/lib/gcc/arm-none-eabi/15.2.0/../../../../arm-none-eabi/lib/thumb/v6-m/nofp/libstdc++.a(class_type_info.o)
                0x1000f85c                __cxxabiv1::__class_type_info::~__class_type_info()
                0x1000f85c                __cxxabiv1::__class_type_info::~__class_type_info()
 .text._ZN10__cxxabiv117__class_type_infoD0Ev
                0x1000f870       0x1c /usr/lib/gcc/arm-none-eabi/15.2.0/../../../../arm-none-eabi/lib/thumb/v6-m/nofp/libstdc++.a(class_type_info.o)
                0x1000f870                __cxxabiv1::__class_type_info::~__class_type_info()
 .text._ZNK10__cxxabiv117__class_type_info12__do_dyncastEiNS0_10__sub_kindEPKS0_PKvS3_S5_RNS0_16__dyncast_resultE
                0x1000f88c       0x40 /usr/lib/gcc/arm-none-eabi/15.2.0/../../../../arm-none-eabi/lib/thumb/v6-m/nofp/libstdc++.a(class_type_info.o)
                0x1000f88c                __cxxabiv1::__class_type_info::__do_dyncast(int, __cxxabiv1::__class_type_info::__sub_kind, __cxxabiv1::__class_type_info const*, void const*, __cxxabiv1::__class_type_info const*, void const*, __cxxabiv1::__class_type_info::__dyncast_result&) const
 .text._ZNK10__cxxabiv117__class_type_info11__do_upcastEPKS0_PKvRNS0_15__upcast_resultE
                0x1000f8cc       0x1c /usr/lib/gcc/arm-none-eabi/15.2.0/../../../../arm-none-eabi/lib/thumb/v6-m/nofp/libstdc++.a(class_type_info.o)
                0x1000f8cc                __cxxabiv1::__class_type_info::__do_upcast(__cxxabiv1::__class_type_info const*, void const*, __cxxabiv1::__class_type_info::__upcast_result&) const
 .text._ZNK10__cxxabiv117__class_type_info10__do_catchEPKSt9type_infoPPvj
                0x1000f8e8       0x24 /usr/lib/gcc/arm-none-eabi/15.2.0/../../../../arm-none-eabi/lib/thumb/v6-m/nofp/libstdc++.a(class_type_info.o)
                0x1000f8e8                __cxxabiv1::__class_type_info::__do_catch(std::type_info const*, void**, unsigned int) const
 .text._ZN12_GLOBAL__N_14pool4freeEPv.constprop.0
                0x1000f90c       0x7c /usr/lib/gcc/arm-none-eabi/15.2.0/../../../../arm-none-eabi/lib/thumb/v6-m/nofp/libstdc++.a(eh_alloc.o)
 .text._ZN12_GLOBAL__N_14pool8allocateEj.constprop.0
                0x1000f988       0x5c /usr/lib/gcc/arm-none-eabi/15.2.0/../../../../arm-none-eabi/lib/thumb/v6-m/nofp/libstdc++.a(eh_alloc.o)
 .text.__cxa_allocate_exception
                0x1000f9e4       0x2c /usr/lib/gcc/arm-none-eabi/15.2.0/../../../../arm-none-eabi/lib/thumb/v6-m/nofp/libstdc++.a(eh_alloc.o)
                0x1000f9e4                __cxa_allocate_exception
 .text.__cxa_free_exception
                0x1000fa10       0x24 /usr/lib/gcc/arm-none-eabi/15.2.0/../../../../arm-none-eabi/lib/thumb/v6-m/nofp/libstdc++.a(eh_alloc.o)
                0x1000fa10                __cxa_free_exception
 .text.startup._GLOBAL__sub_I__ZN9__gnu_cxx9__freeresEv
                0x1000fa34      0x104 /usr/lib/gcc/arm-none-eabi/15.2.0/../../../../arm-none-eabi/lib/thumb/v6-m/nofp/libstdc++.a(eh_alloc.o)
 .text._ZNSt9exceptionD2Ev
                0x1000fb38        0x4 /usr/lib/gcc/arm-none-eabi/15.2.0/../../../../arm-none-eabi/lib/thumb/v6-m/nofp/libstdc++.a(eh_exception.o)
                0x1000fb38                std::exception::~exception()
                0x1000fb38                std::exception::~exception()
 .text._ZNSt13bad_exceptionD2Ev
                0x1000fb3c        0x4 /usr/lib/gcc/arm-none-eabi/15.2.0/../../../../arm-none-eabi/lib/thumb/v6-m/nofp/libstdc++.a(eh_exception.o)
                0x1000fb3c                std::bad_exception::~bad_exception()
                0x1000fb3c                std::bad_exception::~bad_exception()
 .text._ZNKSt9exception4whatEv
                0x1000fb40        0x8 /usr/lib/gcc/arm-none-eabi/15.2.0/../../../../arm-none-eabi/lib/thumb/v6-m/nofp/libstdc++.a(eh_exception.o)
                0x1000fb40                transaction clone for std::exception::what() const
                0x1000fb40                std::exception::what() const
 .text._ZNKSt13bad_exception4whatEv
                0x1000fb48        0x8 /usr/lib/gcc/arm-none-eabi/15.2.0/../../../../arm-none-eabi/lib/thumb/v6-m/nofp/libstdc++.a(eh_exception.o)
                0x1000fb48                transaction clone for std::bad_exception::what() const
                0x1000fb48                std::bad_exception::what() const
 .text._ZNSt13bad_exceptionD0Ev
                0x1000fb50       0x10 /usr/lib/gcc/arm-none-eabi/15.2.0/../../../../arm-none-eabi/lib/thumb/v6-m/nofp/libstdc++.a(eh_exception.o)
                0x1000fb50                std::bad_exception::~bad_exception()
 .text._ZN10__cxxabiv111__terminateEPFvvE
                0x1000fb60       0x10 /usr/lib/gcc/arm-none-eabi/15.2.0/../../../../arm-none-eabi/lib/thumb/v6-m/nofp/libstdc++.a(eh_terminate.o)
                0x1000fb60                __cxxabiv1::__terminate(void (*)())
 .text.unlikely._ZSt9terminatev
                0x1000fb70       0x10 /usr/lib/gcc/arm-none-eabi/15.2.0/../../../../arm-none-eabi/lib/thumb/v6-m/nofp/libstdc++.a(eh_terminate.o)
                0x1000fb70                std::terminate()
 .text._ZN10__cxxabiv112__unexpectedEPFvvE
                0x1000fb80        0x8 /usr/lib/gcc/arm-none-eabi/15.2.0/../../../../arm-none-eabi/lib/thumb/v6-m/nofp/libstdc++.a(eh_terminate.o)
                0x1000fb80                __cxxabiv1::__unexpected(void (*)())
 .text.unlikely._ZSt10unexpectedv
                0x1000fb88       0x10 /usr/lib/gcc/arm-none-eabi/15.2.0/../../../../arm-none-eabi/lib/thumb/v6-m/nofp/libstdc++.a(eh_terminate.o)
                0x1000fb88                std::unexpected()
 .text._ZSt13get_terminatev
                0x1000fb98        0xc /usr/lib/gcc/arm-none-eabi/15.2.0/../../../../arm-none-eabi/lib/thumb/v6-m/nofp/libstdc++.a(eh_terminate.o)
                0x1000fb98                std::get_terminate()
 .text._ZSt14get_unexpectedv
                0x1000fba4        0xc /usr/lib/gcc/arm-none-eabi/15.2.0/../../../../arm-none-eabi/lib/thumb/v6-m/nofp/libstdc++.a(eh_terminate.o)
                0x1000fba4                std::get_unexpected()
 .text._ZL23__gxx_exception_cleanup19_Unwind_Reason_CodeP21_Unwind_Control_Block
                0x1000fbb0       0x34 /usr/lib/gcc/arm-none-eabi/15.2.0/../../../../arm-none-eabi/lib/thumb/v6-m/nofp/libstdc++.a(eh_throw.o)
 .text.__cxa_init_primary_exception
                0x1000fbe4       0x4c /usr/lib/gcc/arm-none-eabi/15.2.0/../../../../arm-none-eabi/lib/thumb/v6-m/nofp/libstdc++.a(eh_throw.o)
                0x1000fbe4                __cxa_init_primary_exception
 .text.__cxa_throw
                0x1000fc30       0x34 /usr/lib/gcc/arm-none-eabi/15.2.0/../../../../arm-none-eabi/lib/thumb/v6-m/nofp/libstdc++.a(eh_throw.o)
                0x1000fc30                __cxa_throw
 .text.__cxa_rethrow
                0x1000fc64       0x70 /usr/lib/gcc/arm-none-eabi/15.2.0/../../../../arm-none-eabi/lib/thumb/v6-m/nofp/libstdc++.a(eh_throw.o)
                0x1000fc64                __cxa_rethrow
 .text._ZN9__gnu_cxx27__verbose_terminate_handlerEv
                0x1000fcd4      0x110 /usr/lib/gcc/arm-none-eabi/15.2.0/../../../../arm-none-eabi/lib/thumb/v6-m/nofp/libstdc++.a(vterminate.o)
                0x1000fcd4                __gnu_cxx::__verbose_terminate_handler()
 .text          0x1000fde4     0x7794 /usr/lib/gcc/arm-none-eabi/15.2.0/../../../../arm-none-eabi/lib/thumb/v6-m/nofp/libstdc++.a(cp-demangle.o)
                0x10017488                __cxa_demangle
                0x10017558                __gcclibcxx_demangle_callback
 .text.__cxa_end_cleanup
                0x10017578        0xc /usr/lib/gcc/arm-none-eabi/15.2.0/../../../../arm-none-eabi/lib/thumb/v6-m/nofp/libstdc++.a(eh_arm.o)
                0x10017578                __cxa_end_cleanup
 .text.__cxa_type_match
                0x10017584       0xbc /usr/lib/gcc/arm-none-eabi/15.2.0/../../../../arm-none-eabi/lib/thumb/v6-m/nofp/libstdc++.a(eh_arm.o)
                0x10017584                __cxa_type_match
 .text.__cxa_begin_cleanup
                0x10017640       0x60 /usr/lib/gcc/arm-none-eabi/15.2.0/../../../../arm-none-eabi/lib/thumb/v6-m/nofp/libstdc++.a(eh_arm.o)
                0x10017640                __cxa_begin_cleanup
 .text.__gnu_end_cleanup
                0x100176a0       0x70 /usr/lib/gcc/arm-none-eabi/15.2.0/../../../../arm-none-eabi/lib/thumb/v6-m/nofp/libstdc++.a(eh_arm.o)
                0x100176a0                __gnu_end_cleanup
 .text.__cxa_begin_catch
                0x10017710       0x74 /usr/lib/gcc/arm-none-eabi/15.2.0/../../../../arm-none-eabi/lib/thumb/v6-m/nofp/libstdc++.a(eh_catch.o)
                0x10017710                __cxa_begin_catch
 .text.__cxa_end_catch
                0x10017784       0x90 /usr/lib/gcc/arm-none-eabi/15.2.0/../../../../arm-none-eabi/lib/thumb/v6-m/nofp/libstdc++.a(eh_catch.o)
                0x10017784                __cxa_end_catch
 .text.__cxa_get_globals_fast
                0x10017814        0x8 /usr/lib/gcc/arm-none-eabi/15.2.0/../../../../arm-none-eabi/lib/thumb/v6-m/nofp/libstdc++.a(eh_globals.o)
                0x10017814                __cxa_get_globals_fast
 .text.__cxa_get_globals
                0x1001781c        0x8 /usr/lib/gcc/arm-none-eabi/15.2.0/../../../../arm-none-eabi/lib/thumb/v6-m/nofp/libstdc++.a(eh_globals.o)
                0x1001781c                __cxa_get_globals
 .text._ZL28read_encoded_value_with_basehjPKhPj
                0x10017824       0xf0 /usr/lib/gcc/arm-none-eabi/15.2.0/../../../../arm-none-eabi/lib/thumb/v6-m/nofp/libstdc++.a(eh_personality.o)
 .text._ZL21base_of_encoded_valuehP15_Unwind_Context
                0x10017914       0x44 /usr/lib/gcc/arm-none-eabi/15.2.0/../../../../arm-none-eabi/lib/thumb/v6-m/nofp/libstdc++.a(eh_personality.o)
 .text._ZL17parse_lsda_headerP15_Unwind_ContextPKhP16lsda_header_info
                0x10017958       0x90 /usr/lib/gcc/arm-none-eabi/15.2.0/../../../../arm-none-eabi/lib/thumb/v6-m/nofp/libstdc++.a(eh_personality.o)
 .text.__gxx_personality_v0
                0x100179e8      0x498 /usr/lib/gcc/arm-none-eabi/15.2.0/../../../../arm-none-eabi/lib/thumb/v6-m/nofp/libstdc++.a(eh_personality.o)
                0x100179e8                __gxx_personality_v0
 .text.__cxa_current_exception_type
                0x10017e80       0x20 /usr/lib/gcc/arm-none-eabi/15.2.0/../../../../arm-none-eabi/lib/thumb/v6-m/nofp/libstdc++.a(eh_type.o)
                0x10017e80                __cxa_current_exception_type
 .text.unlikely._ZN10__cxxabiv1L24__is_gxx_exception_classEPc
                0x10017ea0       0x3a /usr/lib/gcc/arm-none-eabi/15.2.0/../../../../arm-none-eabi/lib/thumb/v6-m/nofp/libstdc++.a(eh_call.o)
 .text.unlikely.__cxa_call_terminate
                0x10017eda       0x20 /usr/lib/gcc/arm-none-eabi/15.2.0/../../../../arm-none-eabi/lib/thumb/v6-m/nofp/libstdc++.a(eh_call.o)
                0x10017eda                __cxa_call_terminate
 *fill*         0x10017efa        0x2 
 .text.unlikely.__cxa_call_unexpected
                0x10017efc       0xf4 /usr/lib/gcc/arm-none-eabi/15.2.0/../../../../arm-none-eabi/lib/thumb/v6-m/nofp/libstdc++.a(eh_call.o)
                0x10017efc                __cxa_call_unexpected
 .text.abort    0x10017ff0       0x10 /usr/lib/gcc/arm-none-eabi/15.2.0/../../../../arm-none-eabi/lib/thumb/v6-m/nofp/libg.a(libc_a-abort.o)
                0x10017ff0                abort
 .text.atexit   0x10018000       0x10 /usr/lib/gcc/arm-none-eabi/15.2.0/../../../../arm-none-eabi/lib/thumb/v6-m/nofp/libg.a(libc_a-atexit.o)
                0x10018000                atexit
 .text.getenv   0x10018010       0x18 /usr/lib/gcc/arm-none-eabi/15.2.0/../../../../arm-none-eabi/lib/thumb/v6-m/nofp/libg.a(libc_a-getenv.o)
                0x10018010                getenv
 .text._findenv_r
                0x10018028       0x8c /usr/lib/gcc/arm-none-eabi/15.2.0/../../../../arm-none-eabi/lib/thumb/v6-m/nofp/libg.a(libc_a-getenv_r.o)
                0x10018028                _findenv_r
 .text.malloc   0x100180b4       0x14 /usr/lib/gcc/arm-none-eabi/15.2.0/../../../../arm-none-eabi/lib/thumb/v6-m/nofp/libg.a(libc_a-malloc.o)
                0x100180b4                malloc
 .text.free     0x100180c8       0x14 /usr/lib/gcc/arm-none-eabi/15.2.0/../../../../arm-none-eabi/lib/thumb/v6-m/nofp/libg.a(libc_a-malloc.o)
                0x100180c8                free
 .text._malloc_r
                0x100180dc      0x564 /usr/lib/gcc/arm-none-eabi/15.2.0/../../../../arm-none-eabi/lib/thumb/v6-m/nofp/libg.a(libc_a-mallocr.o)
                0x100180dc                _malloc_r
 .text.__malloc_lock
                0x10018640       0x10 /usr/lib/gcc/arm-none-eabi/15.2.0/../../../../arm-none-eabi/lib/thumb/v6-m/nofp/libg.a(libc_a-mlock.o)
                0x10018640                __malloc_lock
 .text.__malloc_unlock
                0x10018650       0x10 /usr/lib/gcc/arm-none-eabi/15.2.0/../../../../arm-none-eabi/lib/thumb/v6-m/nofp/libg.a(libc_a-mlock.o)
                0x10018650                __malloc_unlock
 .text.realloc  0x10018660       0x14 /usr/lib/gcc/arm-none-eabi/15.2.0/../../../../arm-none-eabi/lib/thumb/v6-m/nofp/libg.a(libc_a-realloc.o)
                0x10018660                realloc
 .text._realloc_r
                0x10018674      0x328 /usr/lib/gcc/arm-none-eabi/15.2.0/../../../../arm-none-eabi/lib/thumb/v6-m/nofp/libg.a(libc_a-reallocr.o)
                0x10018674                _realloc_r
 .text._strtoul_l.isra.0
                0x1001899c      0x144 /usr/lib/gcc/arm-none-eabi/15.2.0/../../../../arm-none-eabi/lib/thumb/v6-m/nofp/libg.a(libc_a-strtoul.o)
 .text.strtoul  0x10018ae0       0x18 /usr/lib/gcc/arm-none-eabi/15.2.0/../../../../arm-none-eabi/lib/thumb/v6-m/nofp/libg.a(libc_a-strtoul.o)
                0x10018ae0                strtoul
 .text.__sflush_r
                0x10018af8      0x148 /usr/lib/gcc/arm-none-eabi/15.2.0/../../../../arm-none-eabi/lib/thumb/v6-m/nofp/libg.a(libc_a-fflush.o)
                0x10018af8                __sflush_r
 .text._fflush_r
                0x10018c40       0x68 /usr/lib/gcc/arm-none-eabi/15.2.0/../../../../arm-none-eabi/lib/thumb/v6-m/nofp/libg.a(libc_a-fflush.o)
                0x10018c40                _fflush_r
 .text.stdio_exit_handler
                0x10018ca8       0x1c /usr/lib/gcc/arm-none-eabi/15.2.0/../../../../arm-none-eabi/lib/thumb/v6-m/nofp/libg.a(libc_a-findfp.o)
 .text.cleanup_stdio
                0x10018cc4       0x3c /usr/lib/gcc/arm-none-eabi/15.2.0/../../../../arm-none-eabi/lib/thumb/v6-m/nofp/libg.a(libc_a-findfp.o)
 .text.global_stdio_init.part.0
                0x10018d00      0x110 /usr/lib/gcc/arm-none-eabi/15.2.0/../../../../arm-none-eabi/lib/thumb/v6-m/nofp/libg.a(libc_a-findfp.o)
 .text.__sinit  0x10018e10       0x38 /usr/lib/gcc/arm-none-eabi/15.2.0/../../../../arm-none-eabi/lib/thumb/v6-m/nofp/libg.a(libc_a-findfp.o)
                0x10018e10                __sinit
 .text.__sfp_lock_acquire
                0x10018e48       0x10 /usr/lib/gcc/arm-none-eabi/15.2.0/../../../../arm-none-eabi/lib/thumb/v6-m/nofp/libg.a(libc_a-findfp.o)
                0x10018e48                __sfp_lock_acquire
 .text.__sfp_lock_release
                0x10018e58       0x10 /usr/lib/gcc/arm-none-eabi/15.2.0/../../../../arm-none-eabi/lib/thumb/v6-m/nofp/libg.a(libc_a-findfp.o)
                0x10018e58                __sfp_lock_release
 .text.fputc    0x10018e68       0x58 /usr/lib/gcc/arm-none-eabi/15.2.0/../../../../arm-none-eabi/lib/thumb/v6-m/nofp/libg.a(libc_a-fputc.o)
                0x10018e68                fputc
 .text._fputs_r
                0x10018ec0       0xb4 /usr/lib/gcc/arm-none-eabi/15.2.0/../../../../arm-none-eabi/lib/thumb/v6-m/nofp/libg.a(libc_a-fputs.o)
                0x10018ec0                _fputs_r
 .text.fputs    0x10018f74       0x14 /usr/lib/gcc/arm-none-eabi/15.2.0/../../../../arm-none-eabi/lib/thumb/v6-m/nofp/libg.a(libc_a-fputs.o)
                0x10018f74                fputs
 .text.__sfvwrite_r
                0x10018f88      0x300 /usr/lib/gcc/arm-none-eabi/15.2.0/../../../../arm-none-eabi/lib/thumb/v6-m/nofp/libg.a(libc_a-fvwrite.o)
                0x10018f88                __sfvwrite_r
 .text._fwalk_sglue
                0x10019288       0x44 /usr/lib/gcc/arm-none-eabi/15.2.0/../../../../arm-none-eabi/lib/thumb/v6-m/nofp/libg.a(libc_a-fwalk.o)
                0x10019288                _fwalk_sglue
 .text._fwrite_r
                0x100192cc       0xe8 /usr/lib/gcc/arm-none-eabi/15.2.0/../../../../arm-none-eabi/lib/thumb/v6-m/nofp/libg.a(libc_a-fwrite.o)
                0x100192cc                _fwrite_r
 .text.fwrite   0x100193b4       0x20 /usr/lib/gcc/arm-none-eabi/15.2.0/../../../../arm-none-eabi/lib/thumb/v6-m/nofp/libg.a(libc_a-fwrite.o)
                0x100193b4                fwrite
 .text._putc_r  0x100193d4       0x74 /usr/lib/gcc/arm-none-eabi/15.2.0/../../../../arm-none-eabi/lib/thumb/v6-m/nofp/libg.a(libc_a-putc.o)
                0x100193d4                _putc_r
 .text.__sread  0x10019448       0x28 /usr/lib/gcc/arm-none-eabi/15.2.0/../../../../arm-none-eabi/lib/thumb/v6-m/nofp/libg.a(libc_a-stdio.o)
                0x10019448                __sread
 .text.__swrite
                0x10019470       0x40 /usr/lib/gcc/arm-none-eabi/15.2.0/../../../../arm-none-eabi/lib/thumb/v6-m/nofp/libg.a(libc_a-stdio.o)
                0x10019470                __swrite
 .text.__sseek  0x100194b0       0x2c /usr/lib/gcc/arm-none-eabi/15.2.0/../../../../arm-none-eabi/lib/thumb/v6-m/nofp/libg.a(libc_a-stdio.o)
                0x100194b0                __sseek
 .text.__sclose
                0x100194dc        0xc /usr/lib/gcc/arm-none-eabi/15.2.0/../../../../arm-none-eabi/lib/thumb/v6-m/nofp/libg.a(libc_a-stdio.o)
                0x100194dc                __sclose
 .text.__swbuf_r
                0x100194e8       0xb8 /usr/lib/gcc/arm-none-eabi/15.2.0/../../../../arm-none-eabi/lib/thumb/v6-m/nofp/libg.a(libc_a-wbuf.o)
                0x100194e8                __swbuf_r
 .text.__swsetup_r
                0x100195a0       0xd4 /usr/lib/gcc/arm-none-eabi/15.2.0/../../../../arm-none-eabi/lib/thumb/v6-m/nofp/libg.a(libc_a-wsetup.o)
                0x100195a0                __swsetup_r
 .text.memcmp   0x10019674       0x44 /usr/lib/gcc/arm-none-eabi/15.2.0/../../../../arm-none-eabi/lib/thumb/v6-m/nofp/libg.a(libc_a-memcmp.o)
                0x10019674                memcmp
 .text.memmove  0x100196b8       0xc8 /usr/lib/gcc/arm-none-eabi/15.2.0/../../../../arm-none-eabi/lib/thumb/v6-m/nofp/libg.a(libc_a-memmove.o)
                0x100196b8                memmove
 .text.strchr   0x10019780       0xb4 /usr/lib/gcc/arm-none-eabi/15.2.0/../../../../arm-none-eabi/lib/thumb/v6-m/nofp/libg.a(libc_a-strchr.o)
                0x10019780                strchr
 .text.strncmp  0x10019834       0x6c /usr/lib/gcc/arm-none-eabi/15.2.0/../../../../arm-none-eabi/lib/thumb/v6-m/nofp/libg.a(libc_a-strncmp.o)
                0x10019834                strncmp
 .text.raise    0x100198a0       0x5c /usr/lib/gcc/arm-none-eabi/15.2.0/../../../../arm-none-eabi/lib/thumb/v6-m/nofp/libg.a(libc_a-signal.o)
                0x100198a0                raise
 .text._close_r
                0x100198fc       0x24 /usr/lib/gcc/arm-none-eabi/15.2.0/../../../../arm-none-eabi/lib/thumb/v6-m/nofp/libg.a(libc_a-closer.o)
                0x100198fc                _close_r
 .text._lseek_r
                0x10019920       0x28 /usr/lib/gcc/arm-none-eabi/15.2.0/../../../../arm-none-eabi/lib/thumb/v6-m/nofp/libg.a(libc_a-lseekr.o)
                0x10019920                _lseek_r
 .text._read_r  0x10019948       0x28 /usr/lib/gcc/arm-none-eabi/15.2.0/../../../../arm-none-eabi/lib/thumb/v6-m/nofp/libg.a(libc_a-readr.o)
                0x10019948                _read_r
 .text._kill_r  0x10019970       0x28 /usr/lib/gcc/arm-none-eabi/15.2.0/../../../../arm-none-eabi/lib/thumb/v6-m/nofp/libg.a(libc_a-signalr.o)
                0x10019970                _kill_r
 .text._getpid_r
                0x10019998        0x8 /usr/lib/gcc/arm-none-eabi/15.2.0/../../../../arm-none-eabi/lib/thumb/v6-m/nofp/libg.a(libc_a-signalr.o)
                0x10019998                _getpid_r
 .text._sbrk_r  0x100199a0       0x24 /usr/lib/gcc/arm-none-eabi/15.2.0/../../../../arm-none-eabi/lib/thumb/v6-m/nofp/libg.a(libc_a-sbrkr.o)
                0x100199a0                _sbrk_r
 .text._write_r
                0x100199c4       0x28 /usr/lib/gcc/arm-none-eabi/15.2.0/../../../../arm-none-eabi/lib/thumb/v6-m/nofp/libg.a(libc_a-writer.o)
                0x100199c4                _write_r
 .text.__errno  0x100199ec        0xc /usr/lib/gcc/arm-none-eabi/15.2.0/../../../../arm-none-eabi/lib/thumb/v6-m/nofp/libg.a(libc_a-errno.o)
                0x100199ec                __errno
 .text.__libc_fini_array
                0x100199f8       0x28 /usr/lib/gcc/arm-none-eabi/15.2.0/../../../../arm-none-eabi/lib/thumb/v6-m/nofp/libg.a(libc_a-fini.o)
                0x100199f8                __libc_fini_array
 .text.__retarget_lock_init_recursive
                0x10019a20        0x4 /usr/lib/gcc/arm-none-eabi/15.2.0/../../../../arm-none-eabi/lib/thumb/v6-m/nofp/libg.a(libc_a-lock.o)
                0x10019a20                __retarget_lock_init_recursive
 .text.__retarget_lock_close_recursive
                0x10019a24        0x4 /usr/lib/gcc/arm-none-eabi/15.2.0/../../../../arm-none-eabi/lib/thumb/v6-m/nofp/libg.a(libc_a-lock.o)
                0x10019a24                __retarget_lock_close_recursive
 .text.__retarget_lock_acquire_recursive
                0x10019a28        0x4 /usr/lib/gcc/arm-none-eabi/15.2.0/../../../../arm-none-eabi/lib/thumb/v6-m/nofp/libg.a(libc_a-lock.o)
                0x10019a28                __retarget_lock_acquire_recursive
 .text.__retarget_lock_release_recursive
                0x10019a2c        0x4 /usr/lib/gcc/arm-none-eabi/15.2.0/../../../../arm-none-eabi/lib/thumb/v6-m/nofp/libg.a(libc_a-lock.o)
                0x10019a2c                __retarget_lock_release_recursive
 .text.sysconf  0x10019a30       0x1c /usr/lib/gcc/arm-none-eabi/15.2.0/../../../../arm-none-eabi/lib/thumb/v6-m/nofp/libg.a(libc_a-sysconf.o)
                0x10019a30                sysconf
 .text          0x10019a4c       0x88 /usr/lib/gcc/arm-none-eabi/15.2.0/../../../../arm-none-eabi/lib/thumb/v6-m/nofp/libg.a(libc_a-strcmp.o)
                0x10019a4c                strcmp
 .text.memchr   0x10019ad4       0x70 /usr/lib/gcc/arm-none-eabi/15.2.0/../../../../arm-none-eabi/lib/thumb/v6-m/nofp/libg.a(libc_a-memchr-stub.o)
                0x10019ad4                memchr
 .text.strlen   0x10019b44       0x60 /usr/lib/gcc/arm-none-eabi/15.2.0/../../../../arm-none-eabi/lib/thumb/v6-m/nofp/libg.a(libc_a-strlen-stub.o)
                0x10019b44                strlen
 .text.__register_exitproc
                0x10019ba4       0x94 /usr/lib/gcc/arm-none-eabi/15.2.0/../../../../arm-none-eabi/lib/thumb/v6-m/nofp/libg.a(libc_a-__atexit.o)
                0x10019ba4                __register_exitproc
 .text.startup.register_fini
                0x10019c38       0x18 /usr/lib/gcc/arm-none-eabi/15.2.0/../../../../arm-none-eabi/lib/thumb/v6-m/nofp/libg.a(libc_a-__call_atexit.o)
 .text.__env_lock
                0x10019c50       0x10 /usr/lib/gcc/arm-none-eabi/15.2.0/../../../../arm-none-eabi/lib/thumb/v6-m/nofp/libg.a(libc_a-envlock.o)
                0x10019c50                __env_lock
 .text.__env_unlock
                0x10019c60       0x10 /usr/lib/gcc/arm-none-eabi/15.2.0/../../../../arm-none-eabi/lib/thumb/v6-m/nofp/libg.a(libc_a-envlock.o)
                0x10019c60                __env_unlock
 .text._malloc_trim_r
                0x10019c70       0xb0 /usr/lib/gcc/arm-none-eabi/15.2.0/../../../../arm-none-eabi/lib/thumb/v6-m/nofp/libg.a(libc_a-freer.o)
                0x10019c70                _malloc_trim_r
 .text._free_r  0x10019d20      0x1d4 /usr/lib/gcc/arm-none-eabi/15.2.0/../../../../arm-none-eabi/lib/thumb/v6-m/nofp/libg.a(libc_a-freer.o)
                0x10019d20                _free_r
 .text._fclose_r
                0x10019ef4       0xd0 /usr/lib/gcc/arm-none-eabi/15.2.0/../../../../arm-none-eabi/lib/thumb/v6-m/nofp/libg.a(libc_a-fclose.o)
                0x10019ef4                _fclose_r
 .text.__smakebuf_r
                0x10019fc4       0xd8 /usr/lib/gcc/arm-none-eabi/15.2.0/../../../../arm-none-eabi/lib/thumb/v6-m/nofp/libg.a(libc_a-makebuf.o)
                0x10019fc4                __smakebuf_r
 .text._fstat_r
                0x1001a09c       0x28 /usr/lib/gcc/arm-none-eabi/15.2.0/../../../../arm-none-eabi/lib/thumb/v6-m/nofp/libg.a(libc_a-fstatr.o)
                0x1001a09c                _fstat_r
 .text._isatty_r
                0x1001a0c4       0x24 /usr/lib/gcc/arm-none-eabi/15.2.0/../../../../arm-none-eabi/lib/thumb/v6-m/nofp/libg.a(libc_a-isattyr.o)
                0x1001a0c4                _isatty_r
 *(.fini)
 .fini          0x1001a0e8        0x4 /usr/lib/gcc/arm-none-eabi/15.2.0/thumb/v6-m/nofp/crti.o
                0x1001a0e8                _fini
 *fill*         0x1001a0ec        0x4 
 .fini.__stub   0x1001a0f0      0x130 linker stubs
 *crtbegin.o(.ctors)
 *crtbegin?.o(.ctors)
 *(EXCLUDE_FILE(*crtend.o *crtend?.o) .ctors)
 *(SORT_BY_NAME(.ctors.*))
 *(.ctors)
 *crtbegin.o(.dtors)
 *crtbegin?.o(.dtors)
 *(EXCLUDE_FILE(*crtend.o *crtend?.o) .dtors)
 *(SORT_BY_NAME(.dtors.*))
 *(.dtors)
                0x1001a220                        . = ALIGN (0x4)
                0x1001a220                        PROVIDE (__preinit_array_start = .)
 *(SORT_BY_NAME(.preinit_array.*))
 .preinit_array.00100
                0x1001a220        0x4 CMakeFiles/lps_companion.dir/deps/pico-sdk/src/rp2_common/pico_runtime_init/runtime_init.c.o
                0x1001a220                __pre_init_runtime_init_early_resets
 .preinit_array.00101
                0x1001a224        0x4 CMakeFiles/lps_companion.dir/deps/pico-sdk/src/rp2_common/pico_runtime_init/runtime_init.c.o
                0x1001a224                __pre_init_runtime_init_usb_power_down
 .preinit_array.00275
                0x1001a228        0x4 CMakeFiles/lps_companion.dir/deps/pico-sdk/src/rp2_common/pico_bit_ops/bit_ops_aeabi.S.o
 .preinit_array.00300
                0x1001a22c        0x4 CMakeFiles/lps_companion.dir/deps/pico-sdk/src/rp2_common/pico_mem_ops/mem_ops_aeabi.S.o
 .preinit_array.00350
                0x1001a230        0x4 CMakeFiles/lps_companion.dir/deps/pico-sdk/src/rp2_common/pico_double/double_aeabi_rp2040.S.o
 .preinit_array.00350
                0x1001a234        0x4 CMakeFiles/lps_companion.dir/deps/pico-sdk/src/rp2_common/pico_float/float_aeabi_rp2040.S.o
 .preinit_array.00500
                0x1001a238        0x4 CMakeFiles/lps_companion.dir/deps/pico-sdk/src/rp2_common/pico_runtime_init/runtime_init.c.o
                0x1001a238                __pre_init_runtime_init_clocks
 .preinit_array.00600
                0x1001a23c        0x4 CMakeFiles/lps_companion.dir/deps/pico-sdk/src/rp2_common/pico_runtime_init/runtime_init.c.o
                0x1001a23c                __pre_init_runtime_init_post_clock_resets
 .preinit_array.00700
                0x1001a240        0x4 CMakeFiles/lps_companion.dir/deps/pico-sdk/src/rp2_common/pico_runtime_init/runtime_init.c.o
                0x1001a240                __pre_init_runtime_init_rp2040_gpio_ie_disable
 .preinit_array.01000
                0x1001a244        0x4 CMakeFiles/lps_companion.dir/deps/pico-sdk/src/rp2_common/pico_runtime_init/runtime_init.c.o
                0x1001a244                __pre_init_runtime_init_spin_locks_reset
 .preinit_array.01100
                0x1001a248        0x4 CMakeFiles/lps_companion.dir/deps/pico-sdk/src/common/pico_sync/mutex.c.o
                0x1001a248                __pre_init_runtime_init_mutex
 .preinit_array.10080
                0x1001a24c        0x4 CMakeFiles/lps_companion.dir/deps/pico-sdk/src/rp2_common/pico_runtime_init/runtime_init.c.o
                0x1001a24c                __pre_init_runtime_init_install_ram_vector_table
 .preinit_array.11000
                0x1001a250        0x4 CMakeFiles/lps_companion.dir/deps/pico-sdk/src/common/pico_time/time.c.o
                0x1001a250                __pre_init_runtime_init_default_alarm_pool
 .preinit_array.YYYYY
                0x1001a254        0x4 CMakeFiles/lps_companion.dir/deps/pico-sdk/src/rp2_common/pico_runtime/runtime.c.o
                0x1001a254                __pre_init_first_per_core_initializer
 .preinit_array.ZZZZZ.01200
                0x1001a258        0x4 CMakeFiles/lps_companion.dir/deps/pico-sdk/src/rp2_common/hardware_irq/irq.c.o
                0x1001a258                __pre_init_runtime_init_per_core_irq_priorities
 *(.preinit_array)
                0x1001a25c                        PROVIDE (__preinit_array_end = .)
                0x1001a25c                        . = ALIGN (0x4)
                0x1001a25c                        PROVIDE (__init_array_start = .)
 *(SORT_BY_NAME(.init_array.*))
 .init_array.00000
                0x1001a25c        0x4 /usr/lib/gcc/arm-none-eabi/15.2.0/../../../../arm-none-eabi/lib/thumb/v6-m/nofp/libg.a(libc_a-__call_atexit.o)
 *(.init_array)
 .init_array    0x1001a260        0x4 /usr/lib/gcc/arm-none-eabi/15.2.0/thumb/v6-m/nofp/crtbegin.o
 .init_array    0x1001a264        0x4 /usr/lib/gcc/arm-none-eabi/15.2.0/../../../../arm-none-eabi/lib/thumb/v6-m/nofp/libstdc++.a(eh_alloc.o)
                0x1001a268                        PROVIDE (__init_array_end = .)
                0x1001a268                        . = ALIGN (0x4)
                0x1001a268                        PROVIDE (__fini_array_start = .)
 *(SORT_BY_NAME(.fini_array.*))
 *(.fini_array)
                0x1001a268                        PROVIDE (__fini_array_end = .)
 *(.eh_frame*)
 .eh_frame      0x1001a268        0x0 /usr/lib/gcc/arm-none-eabi/15.2.0/thumb/v6-m/nofp/crtbegin.o
                0x1001a268                        . = ALIGN (0x4)

.glue_7         0x1001a268        0x0
 .glue_7        0x1001a268        0x0 linker stubs

.glue_7t        0x1001a268        0x0
 .glue_7t       0x1001a268        0x0 linker stubs

.vfp11_veneer   0x1001a268        0x0
 .vfp11_veneer  0x1001a268        0x0 linker stubs

.v4_bx          0x1001a268        0x0
 .v4_bx         0x1001a268        0x0 linker stubs

.iplt           0x1001a268        0x0
 .iplt          0x1001a268        0x0 /usr/lib/gcc/arm-none-eabi/15.2.0/thumb/v6-m/nofp/crtbegin.o

.rodata         0x1001a268     0x3884
 *(EXCLUDE_FILE(*libm.a: *libc.a:*lib_a-mem*.o *libgcc.a:) .rodata*)
 .rodata._ZN3lps10weightTextElPcj.str1.4
                0x1001a268     0x1040 CMakeFiles/lps_companion.dir/src/main.cpp.o
                                  0xe (size before relaxing)
 .rodata._ZN12_GLOBAL__N_18PicoCalc4saveEPKhj.str1.4
                0x1001b2a8        0x0 CMakeFiles/lps_companion.dir/src/main.cpp.o
                                  0x7 (size before relaxing)
 .rodata._ZN3lps3App6renderEv.str1.4
                0x1001b2a8        0x0 CMakeFiles/lps_companion.dir/src/main.cpp.o
                                0x29e (size before relaxing)
 .rodata._ZN3lps3App6renderEv
                0x1001b2a8       0x28 CMakeFiles/lps_companion.dir/src/main.cpp.o
 .rodata._ZN3lps3App5startEv.str1.4
                0x1001b2d0        0x0 CMakeFiles/lps_companion.dir/src/main.cpp.o
                                 0x25 (size before relaxing)
 .rodata._ZN3lps3App3keyEi.str1.4
                0x1001b2d0        0x0 CMakeFiles/lps_companion.dir/src/main.cpp.o
                                 0x88 (size before relaxing)
 .rodata._ZN3lps3App3keyEi
                0x1001b2d0       0x18 CMakeFiles/lps_companion.dir/src/main.cpp.o
 .rodata.main.str1.4
                0x1001b2e8        0x0 CMakeFiles/lps_companion.dir/src/main.cpp.o
                                 0x37 (size before relaxing)
 .rodata.main   0x1001b2e8       0x1c CMakeFiles/lps_companion.dir/src/main.cpp.o
 .rodata.str1.4
                0x1001b304        0x0 CMakeFiles/lps_companion.dir/src/main.cpp.o
                                0x120 (size before relaxing)
 .rodata._ZTVN12_GLOBAL__N_18PicoCalcE
                0x1001b304       0x24 CMakeFiles/lps_companion.dir/src/main.cpp.o
 .rodata._ZN12_GLOBAL__N_1L5pathsE
                0x1001b328        0x8 CMakeFiles/lps_companion.dir/src/main.cpp.o
 .rodata._ZN3lpsL5GiftsE
                0x1001b330       0x30 CMakeFiles/lps_companion.dir/src/main.cpp.o
 .rodata._ZN3lpsL10ActivitiesE
                0x1001b360       0x2c CMakeFiles/lps_companion.dir/src/main.cpp.o
 .rodata        0x1001b38c       0x20 CMakeFiles/lps_companion.dir/src/main.cpp.o
 .rodata.str1.4
                0x1001b3ac        0x0 CMakeFiles/lps_companion.dir/src/hw_config.c.o
                                  0x3 (size before relaxing)
 .rodata.font1  0x1001b3ac      0xa84 CMakeFiles/lps_companion.dir/deps/PicoCalc/Code/picocalc_helloworld/lcdspi/lcdspi.c.o
                0x1001b3ac                font1
 .rodata.read_i2c_kbd.str1.4
                0x1001be30        0x0 CMakeFiles/lps_companion.dir/deps/PicoCalc/Code/picocalc_helloworld/i2ckbd/i2ckbd.c.o
                                 0x41 (size before relaxing)
 .rodata.panic.str1.4
                0x1001be30        0x0 CMakeFiles/lps_companion.dir/deps/pico-sdk/src/rp2_common/pico_platform_panic/panic.c.o
                                 0x12 (size before relaxing)
 .rodata.at_the_end_of_time
                0x1001be30        0x8 CMakeFiles/lps_companion.dir/deps/pico-sdk/src/common/pico_time/time.c.o
                0x1001be30                at_the_end_of_time
 .rodata.timer_hardware_alarm_claim.str1.4
                0x1001be38        0x0 CMakeFiles/lps_companion.dir/deps/pico-sdk/src/rp2_common/hardware_timer/timer.c.o
                                 0x22 (size before relaxing)
 .rodata.hard_assertion_failure.str1.4
                0x1001be38        0x0 CMakeFiles/lps_companion.dir/deps/pico-sdk/src/rp2_common/pico_runtime/runtime.c.o
                                  0xc (size before relaxing)
 .rodata.__wrap_malloc.str1.4
                0x1001be38        0x0 CMakeFiles/lps_companion.dir/deps/pico-sdk/src/rp2_common/pico_malloc/malloc.c.o
                                  0xe (size before relaxing)
 .rodata.str1.4
                0x1001be38        0x0 CMakeFiles/lps_companion.dir/deps/pico-sdk/src/rp2_common/pico_standard_binary_info/standard_binary_info.c.o
                                 0x48 (size before relaxing)
 .rodata.__bi_84
                0x1001be38        0xc CMakeFiles/lps_companion.dir/deps/pico-sdk/src/rp2_common/pico_standard_binary_info/standard_binary_info.c.o
 .rodata.__bi_78
                0x1001be44        0xc CMakeFiles/lps_companion.dir/deps/pico-sdk/src/rp2_common/pico_standard_binary_info/standard_binary_info.c.o
 .rodata.__bi_60
                0x1001be50        0xc CMakeFiles/lps_companion.dir/deps/pico-sdk/src/rp2_common/pico_standard_binary_info/standard_binary_info.c.o
 .rodata.__bi_54
                0x1001be5c        0xc CMakeFiles/lps_companion.dir/deps/pico-sdk/src/rp2_common/pico_standard_binary_info/standard_binary_info.c.o
 .rodata.__bi_48
                0x1001be68        0xc CMakeFiles/lps_companion.dir/deps/pico-sdk/src/rp2_common/pico_standard_binary_info/standard_binary_info.c.o
 .rodata.__bi_42
                0x1001be74        0xc CMakeFiles/lps_companion.dir/deps/pico-sdk/src/rp2_common/pico_standard_binary_info/standard_binary_info.c.o
 .rodata.__bi_34
                0x1001be80        0xc CMakeFiles/lps_companion.dir/deps/pico-sdk/src/rp2_common/pico_standard_binary_info/standard_binary_info.c.o
 .rodata.__bi_26
                0x1001be8c        0xc CMakeFiles/lps_companion.dir/deps/pico-sdk/src/rp2_common/pico_standard_binary_info/standard_binary_info.c.o
 .rodata._ftoa.str1.4
                0x1001be98        0x0 CMakeFiles/lps_companion.dir/deps/pico-sdk/src/rp2_common/pico_printf/printf.c.o
                                 0x15 (size before relaxing)
 .rodata._vsnprintf
                0x1001be98      0x19c CMakeFiles/lps_companion.dir/deps/pico-sdk/src/rp2_common/pico_printf/printf.c.o
 *fill*         0x1001c034        0x4 
 .rodata.pow10.0
                0x1001c038       0x50 CMakeFiles/lps_companion.dir/deps/pico-sdk/src/rp2_common/pico_printf/printf.c.o
 .rodata.crlf_str.0
                0x1001c088        0x2 CMakeFiles/lps_companion.dir/deps/pico-sdk/src/rp2_common/pico_stdio/stdio.c.o
 *fill*         0x1001c08a        0x2 
 .rodata.ff_wtoupper
                0x1001c08c       0x24 CMakeFiles/lps_companion.dir/deps/FatFs/FatFs_SPI/ff15/source/ffunicode.c.o
 .rodata.cvt2.0
                0x1001c0b0       0xbc CMakeFiles/lps_companion.dir/deps/FatFs/FatFs_SPI/ff15/source/ffunicode.c.o
 .rodata.cvt1.1
                0x1001c16c      0x1f2 CMakeFiles/lps_companion.dir/deps/FatFs/FatFs_SPI/ff15/source/ffunicode.c.o
 *fill*         0x1001c35e        0x2 
 .rodata.uc437  0x1001c360      0x100 CMakeFiles/lps_companion.dir/deps/FatFs/FatFs_SPI/ff15/source/ffunicode.c.o
 .rodata.check_fs.str1.4
                0x1001c460        0x0 CMakeFiles/lps_companion.dir/deps/FatFs/FatFs_SPI/ff15/source/ff.c.o
                                 0x15 (size before relaxing)
 .rodata.follow_path.str1.4
                0x1001c460        0x0 CMakeFiles/lps_companion.dir/deps/FatFs/FatFs_SPI/ff15/source/ff.c.o
                                 0x13 (size before relaxing)
 .rodata.ExCvt  0x1001c460       0x80 CMakeFiles/lps_companion.dir/deps/FatFs/FatFs_SPI/ff15/source/ff.c.o
 .rodata.LfnOfs
                0x1001c4e0        0xd CMakeFiles/lps_companion.dir/deps/FatFs/FatFs_SPI/ff15/source/ff.c.o
 *fill*         0x1001c4ed        0x3 
 .rodata.GUID_MS_Basic
                0x1001c4f0       0x10 CMakeFiles/lps_companion.dir/deps/FatFs/FatFs_SPI/ff15/source/ff.c.o
 .rodata        0x1001c500       0x2c CMakeFiles/lps_companion.dir/deps/FatFs/FatFs_SPI/ff15/source/ff.c.o
 .rodata.dummy.2
                0x1001c52c        0x1 CMakeFiles/lps_companion.dir/deps/FatFs/FatFs_SPI/sd_driver/spi.c.o
 .rodata.sd_init.str1.4
                0x1001c52d        0x0 CMakeFiles/lps_companion.dir/deps/FatFs/FatFs_SPI/sd_driver/sd_card.c.o
                                 0x16 (size before relaxing)
 *fill*         0x1001c52d        0x3 
 .rodata.m_Crc16Table
                0x1001c530      0x200 CMakeFiles/lps_companion.dir/deps/FatFs/FatFs_SPI/sd_driver/crc.c.o
 .rodata.m_Crc7Table
                0x1001c730      0x100 CMakeFiles/lps_companion.dir/deps/FatFs/FatFs_SPI/sd_driver/crc.c.o
 .rodata.dma_claim_unused_channel.str1.4
                0x1001c830        0x0 CMakeFiles/lps_companion.dir/deps/pico-sdk/src/rp2_common/hardware_dma/dma.c.o
                                 0x1e (size before relaxing)
 .rodata._ZTSN9__gnu_cxx20recursive_init_errorE
                0x1001c830       0x23 /usr/lib/gcc/arm-none-eabi/15.2.0/../../../../arm-none-eabi/lib/thumb/v6-m/nofp/libstdc++.a(guard_error.o)
                0x1001c830                typeinfo name for __gnu_cxx::recursive_init_error
 *fill*         0x1001c853        0x1 
 .rodata._ZTIN9__gnu_cxx20recursive_init_errorE
                0x1001c854        0xc /usr/lib/gcc/arm-none-eabi/15.2.0/../../../../arm-none-eabi/lib/thumb/v6-m/nofp/libstdc++.a(guard_error.o)
                0x1001c854                typeinfo for __gnu_cxx::recursive_init_error
 .rodata._ZTVN9__gnu_cxx20recursive_init_errorE
                0x1001c860       0x14 /usr/lib/gcc/arm-none-eabi/15.2.0/../../../../arm-none-eabi/lib/thumb/v6-m/nofp/libstdc++.a(guard_error.o)
                0x1001c860                vtable for __gnu_cxx::recursive_init_error
 .rodata._ZTSN10__cxxabiv120__si_class_type_infoE
                0x1001c874       0x25 /usr/lib/gcc/arm-none-eabi/15.2.0/../../../../arm-none-eabi/lib/thumb/v6-m/nofp/libstdc++.a(si_class_type_info.o)
                0x1001c874                typeinfo name for __cxxabiv1::__si_class_type_info
 *fill*         0x1001c899        0x3 
 .rodata._ZTIN10__cxxabiv120__si_class_type_infoE
                0x1001c89c        0xc /usr/lib/gcc/arm-none-eabi/15.2.0/../../../../arm-none-eabi/lib/thumb/v6-m/nofp/libstdc++.a(si_class_type_info.o)
                0x1001c89c                typeinfo for __cxxabiv1::__si_class_type_info
 .rodata._ZTVN10__cxxabiv120__si_class_type_infoE
                0x1001c8a8       0x2c /usr/lib/gcc/arm-none-eabi/15.2.0/../../../../arm-none-eabi/lib/thumb/v6-m/nofp/libstdc++.a(si_class_type_info.o)
                0x1001c8a8                vtable for __cxxabiv1::__si_class_type_info
 .rodata._ZTSSt9type_info
                0x1001c8d4        0xd /usr/lib/gcc/arm-none-eabi/15.2.0/../../../../arm-none-eabi/lib/thumb/v6-m/nofp/libstdc++.a(tinfo.o)
                0x1001c8d4                typeinfo name for std::type_info
 *fill*         0x1001c8e1        0x3 
 .rodata._ZTISt9type_info
                0x1001c8e4        0x8 /usr/lib/gcc/arm-none-eabi/15.2.0/../../../../arm-none-eabi/lib/thumb/v6-m/nofp/libstdc++.a(tinfo.o)
                0x1001c8e4                typeinfo for std::type_info
 .rodata._ZTSN10__cxxabiv117__class_type_infoE
                0x1001c8ec       0x22 /usr/lib/gcc/arm-none-eabi/15.2.0/../../../../arm-none-eabi/lib/thumb/v6-m/nofp/libstdc++.a(class_type_info.o)
                0x1001c8ec                typeinfo name for __cxxabiv1::__class_type_info
 *fill*         0x1001c90e        0x2 
 .rodata._ZTIN10__cxxabiv117__class_type_infoE
                0x1001c910        0xc /usr/lib/gcc/arm-none-eabi/15.2.0/../../../../arm-none-eabi/lib/thumb/v6-m/nofp/libstdc++.a(class_type_info.o)
                0x1001c910                typeinfo for __cxxabiv1::__class_type_info
 .rodata._ZTVN10__cxxabiv117__class_type_infoE
                0x1001c91c       0x2c /usr/lib/gcc/arm-none-eabi/15.2.0/../../../../arm-none-eabi/lib/thumb/v6-m/nofp/libstdc++.a(class_type_info.o)
                0x1001c91c                vtable for __cxxabiv1::__class_type_info
 .rodata._GLOBAL__sub_I__ZN9__gnu_cxx9__freeresEv.str1.4
                0x1001c948        0x0 /usr/lib/gcc/arm-none-eabi/15.2.0/../../../../arm-none-eabi/lib/thumb/v6-m/nofp/libstdc++.a(eh_alloc.o)
                                 0x3c (size before relaxing)
 .rodata._ZNKSt9exception4whatEv.str1.4
                0x1001c948        0x0 /usr/lib/gcc/arm-none-eabi/15.2.0/../../../../arm-none-eabi/lib/thumb/v6-m/nofp/libstdc++.a(eh_exception.o)
                                  0xf (size before relaxing)
 .rodata._ZNKSt13bad_exception4whatEv.str1.4
                0x1001c948        0x0 /usr/lib/gcc/arm-none-eabi/15.2.0/../../../../arm-none-eabi/lib/thumb/v6-m/nofp/libstdc++.a(eh_exception.o)
                                 0x13 (size before relaxing)
 .rodata._ZTSSt9exception
                0x1001c948        0xd /usr/lib/gcc/arm-none-eabi/15.2.0/../../../../arm-none-eabi/lib/thumb/v6-m/nofp/libstdc++.a(eh_exception.o)
                0x1001c948                typeinfo name for std::exception
 *fill*         0x1001c955        0x3 
 .rodata._ZTISt9exception
                0x1001c958        0x8 /usr/lib/gcc/arm-none-eabi/15.2.0/../../../../arm-none-eabi/lib/thumb/v6-m/nofp/libstdc++.a(eh_exception.o)
                0x1001c958                typeinfo for std::exception